Archive member included to satisfy reference by file (symbol)

/opt/Atollic_TrueSTUDIO_for_STM32_x86_64_9.3.0/ARMTools/bin/../lib/gcc/arm-atollic-eabi/6.3.1/../../../../arm-atollic-eabi/lib/armv7e-m/fpu/fpv5-d16/libc_nano.a(lib_a-errno.o)
                              Src/syscalls.o (__errno)
/opt/Atollic_TrueSTUDIO_for_STM32_x86_64_9.3.0/ARMTools/bin/../lib/gcc/arm-atollic-eabi/6.3.1/../../../../arm-atollic-eabi/lib/armv7e-m/fpu/fpv5-d16/libc_nano.a(lib_a-impure.o)
                              /opt/Atollic_TrueSTUDIO_for_STM32_x86_64_9.3.0/ARMTools/bin/../lib/gcc/arm-atollic-eabi/6.3.1/../../../../arm-atollic-eabi/lib/armv7e-m/fpu/fpv5-d16/libc_nano.a(lib_a-errno.o) (_impure_ptr)
/opt/Atollic_TrueSTUDIO_for_STM32_x86_64_9.3.0/ARMTools/bin/../lib/gcc/arm-atollic-eabi/6.3.1/../../../../arm-atollic-eabi/lib/armv7e-m/fpu/fpv5-d16/libc_nano.a(lib_a-init.o)
                              startup/startup_stm32f767xx.o (__libc_init_array)
/opt/Atollic_TrueSTUDIO_for_STM32_x86_64_9.3.0/ARMTools/bin/../lib/gcc/arm-atollic-eabi/6.3.1/../../../../arm-atollic-eabi/lib/armv7e-m/fpu/fpv5-d16/libc_nano.a(lib_a-memset.o)
                              Src/main.o (memset)
/opt/Atollic_TrueSTUDIO_for_STM32_x86_64_9.3.0/ARMTools/bin/../lib/gcc/arm-atollic-eabi/6.3.1/armv7e-m/fpu/fpv5-d16/libgcc.a(_aeabi_uldivmod.o)
                              Drivers/STM32F7xx_HAL_Driver/Src/stm32f7xx_hal_rcc.o (__aeabi_uldivmod)
/opt/Atollic_TrueSTUDIO_for_STM32_x86_64_9.3.0/ARMTools/bin/../lib/gcc/arm-atollic-eabi/6.3.1/armv7e-m/fpu/fpv5-d16/libgcc.a(_udivmoddi4.o)
                              /opt/Atollic_TrueSTUDIO_for_STM32_x86_64_9.3.0/ARMTools/bin/../lib/gcc/arm-atollic-eabi/6.3.1/armv7e-m/fpu/fpv5-d16/libgcc.a(_aeabi_uldivmod.o) (__udivmoddi4)
/opt/Atollic_TrueSTUDIO_for_STM32_x86_64_9.3.0/ARMTools/bin/../lib/gcc/arm-atollic-eabi/6.3.1/armv7e-m/fpu/fpv5-d16/libgcc.a(_dvmd_tls.o)
                              /opt/Atollic_TrueSTUDIO_for_STM32_x86_64_9.3.0/ARMTools/bin/../lib/gcc/arm-atollic-eabi/6.3.1/armv7e-m/fpu/fpv5-d16/libgcc.a(_aeabi_uldivmod.o) (__aeabi_ldiv0)

Allocating common symbols
Common symbol       size              file

huart3              0x80              Src/main.o
hpcd_USB_OTG_FS     0x404             Src/main.o
uwTick              0x4               Drivers/STM32F7xx_HAL_Driver/Src/stm32f7xx_hal.o
pFlash              0x1c              Drivers/STM32F7xx_HAL_Driver/Src/stm32f7xx_hal_flash.o
timeModule          0x4               Src/timeout.o
htim2               0x40              Src/main.o
hcan1               0x28              Src/main.o
heth                0x48              Src/main.o

Discarded input sections

 .text          0x0000000000000000        0x0 /opt/Atollic_TrueSTUDIO_for_STM32_x86_64_9.3.0/ARMTools/bin/../lib/gcc/arm-atollic-eabi/6.3.1/armv7e-m/fpu/fpv5-d16/crti.o
 .data          0x0000000000000000        0x0 /opt/Atollic_TrueSTUDIO_for_STM32_x86_64_9.3.0/ARMTools/bin/../lib/gcc/arm-atollic-eabi/6.3.1/armv7e-m/fpu/fpv5-d16/crti.o
 .bss           0x0000000000000000        0x0 /opt/Atollic_TrueSTUDIO_for_STM32_x86_64_9.3.0/ARMTools/bin/../lib/gcc/arm-atollic-eabi/6.3.1/armv7e-m/fpu/fpv5-d16/crti.o
 .data          0x0000000000000000        0x4 /opt/Atollic_TrueSTUDIO_for_STM32_x86_64_9.3.0/ARMTools/bin/../lib/gcc/arm-atollic-eabi/6.3.1/armv7e-m/fpu/fpv5-d16/crtbegin.o
 .text          0x0000000000000000        0x0 Drivers/STM32F7xx_HAL_Driver/Src/stm32f7xx_hal.o
 .data          0x0000000000000000        0x0 Drivers/STM32F7xx_HAL_Driver/Src/stm32f7xx_hal.o
 .bss           0x0000000000000000        0x0 Drivers/STM32F7xx_HAL_Driver/Src/stm32f7xx_hal.o
 .text.HAL_MspInit
                0x0000000000000000        0x2 Drivers/STM32F7xx_HAL_Driver/Src/stm32f7xx_hal.o
 .text.HAL_MspDeInit
                0x0000000000000000        0x2 Drivers/STM32F7xx_HAL_Driver/Src/stm32f7xx_hal.o
 .text.HAL_DeInit
                0x0000000000000000       0x2c Drivers/STM32F7xx_HAL_Driver/Src/stm32f7xx_hal.o
 .text.HAL_GetTickPrio
                0x0000000000000000        0xc Drivers/STM32F7xx_HAL_Driver/Src/stm32f7xx_hal.o
 .text.HAL_SetTickFreq
                0x0000000000000000       0x28 Drivers/STM32F7xx_HAL_Driver/Src/stm32f7xx_hal.o
 .text.HAL_GetTickFreq
                0x0000000000000000        0xc Drivers/STM32F7xx_HAL_Driver/Src/stm32f7xx_hal.o
 .text.HAL_SuspendTick
                0x0000000000000000       0x10 Drivers/STM32F7xx_HAL_Driver/Src/stm32f7xx_hal.o
 .text.HAL_ResumeTick
                0x0000000000000000       0x10 Drivers/STM32F7xx_HAL_Driver/Src/stm32f7xx_hal.o
 .text.HAL_GetHalVersion
                0x0000000000000000        0x8 Drivers/STM32F7xx_HAL_Driver/Src/stm32f7xx_hal.o
 .text.HAL_GetREVID
                0x0000000000000000        0xc Drivers/STM32F7xx_HAL_Driver/Src/stm32f7xx_hal.o
 .text.HAL_GetDEVID
                0x0000000000000000       0x10 Drivers/STM32F7xx_HAL_Driver/Src/stm32f7xx_hal.o
 .text.HAL_GetUIDw0
[...]
Memory Configuration

Name             Origin             Length             Attributes
RAM              0x0000000020000000 0x0000000000080000 xrw
FLASH            0x0000000008000000 0x0000000000200000 xr
*default*        0x0000000000000000 0xffffffffffffffff

Linker script and memory map

LOAD /opt/Atollic_TrueSTUDIO_for_STM32_x86_64_9.3.0/ARMTools/bin/../lib/gcc/arm-atollic-eabi/6.3.1/armv7e-m/fpu/fpv5-d16/crti.o
LOAD /opt/Atollic_TrueSTUDIO_for_STM32_x86_64_9.3.0/ARMTools/bin/../lib/gcc/arm-atollic-eabi/6.3.1/armv7e-m/fpu/fpv5-d16/crtbegin.o
LOAD Drivers/STM32F7xx_HAL_Driver/Src/stm32f7xx_hal.o
LOAD Drivers/STM32F7xx_HAL_Driver/Src/stm32f7xx_hal_can.o
LOAD Drivers/STM32F7xx_HAL_Driver/Src/stm32f7xx_hal_cortex.o
LOAD Drivers/STM32F7xx_HAL_Driver/Src/stm32f7xx_hal_dma.o
LOAD Drivers/STM32F7xx_HAL_Driver/Src/stm32f7xx_hal_dma_ex.o
LOAD Drivers/STM32F7xx_HAL_Driver/Src/stm32f7xx_hal_eth.o
LOAD Drivers/STM32F7xx_HAL_Driver/Src/stm32f7xx_hal_exti.o
LOAD Drivers/STM32F7xx_HAL_Driver/Src/stm32f7xx_hal_flash.o
LOAD Drivers/STM32F7xx_HAL_Driver/Src/stm32f7xx_hal_flash_ex.o
LOAD Drivers/STM32F7xx_HAL_Driver/Src/stm32f7xx_hal_gpio.o
LOAD Drivers/STM32F7xx_HAL_Driver/Src/stm32f7xx_hal_i2c.o
LOAD Drivers/STM32F7xx_HAL_Driver/Src/stm32f7xx_hal_i2c_ex.o
LOAD Drivers/STM32F7xx_HAL_Driver/Src/stm32f7xx_hal_pcd.o
LOAD Drivers/STM32F7xx_HAL_Driver/Src/stm32f7xx_hal_pcd_ex.o
LOAD Drivers/STM32F7xx_HAL_Driver/Src/stm32f7xx_hal_pwr.o
LOAD Drivers/STM32F7xx_HAL_Driver/Src/stm32f7xx_hal_pwr_ex.o
LOAD Drivers/STM32F7xx_HAL_Driver/Src/stm32f7xx_hal_rcc.o
LOAD Drivers/STM32F7xx_HAL_Driver/Src/stm32f7xx_hal_rcc_ex.o
LOAD Drivers/STM32F7xx_HAL_Driver/Src/stm32f7xx_hal_tim.o
LOAD Drivers/STM32F7xx_HAL_Driver/Src/stm32f7xx_hal_tim_ex.o
LOAD Drivers/STM32F7xx_HAL_Driver/Src/stm32f7xx_hal_uart.o
LOAD Drivers/STM32F7xx_HAL_Driver/Src/stm32f7xx_hal_uart_ex.o
LOAD Drivers/STM32F7xx_HAL_Driver/Src/stm32f7xx_ll_usb.o
LOAD Src/main.o
LOAD Src/stm32f7xx_hal_msp.o
LOAD Src/stm32f7xx_it.o
LOAD Src/syscalls.o
LOAD Src/system_stm32f7xx.o
LOAD Src/timeout.o
LOAD startup/startup_stm32f767xx.o
                0x0000000000000080                malloc_getpagesize_P = 0x80
START GROUP
LOAD /opt/Atollic_TrueSTUDIO_for_STM32_x86_64_9.3.0/ARMTools/bin/../lib/gcc/arm-atollic-eabi/6.3.1/../../../../arm-atollic-eabi/lib/armv7e-m/fpu/fpv5-d16/libc_nano.a
LOAD /opt/Atollic_TrueSTUDIO_for_STM32_x86_64_9.3.0/ARMTools/bin/../lib/gcc/arm-atollic-eabi/6.3.1/../../../../arm-atollic-eabi/lib/armv7e-m/fpu/fpv5-d16/libm.a
END GROUP
START GROUP
LOAD /opt/Atollic_TrueSTUDIO_for_STM32_x86_64_9.3.0/ARMTools/bin/../lib/gcc/arm-atollic-eabi/6.3.1/armv7e-m/fpu/fpv5-d16/libgcc.a
LOAD /opt/Atollic_TrueSTUDIO_for_STM32_x86_64_9.3.0/ARMTools/bin/../lib/gcc/arm-atollic-eabi/6.3.1/../../../../arm-atollic-eabi/lib/armv7e-m/fpu/fpv5-d16/libc_nano.a
END GROUP
START GROUP
LOAD /opt/Atollic_TrueSTUDIO_for_STM32_x86_64_9.3.0/ARMTools/bin/../lib/gcc/arm-atollic-eabi/6.3.1/armv7e-m/fpu/fpv5-d16/libgcc.a
LOAD /opt/Atollic_TrueSTUDIO_for_STM32_x86_64_9.3.0/ARMTools/bin/../lib/gcc/arm-atollic-eabi/6.3.1/../../../../arm-atollic-eabi/lib/armv7e-m/fpu/fpv5-d16/libc_nano.a
LOAD /opt/Atollic_TrueSTUDIO_for_STM32_x86_64_9.3.0/ARMTools/bin/../lib/gcc/arm-atollic-eabi/6.3.1/../../../../arm-atollic-eabi/lib/armv7e-m/fpu/fpv5-d16/libnosys.a
END GROUP
START GROUP
LOAD /opt/Atollic_TrueSTUDIO_for_STM32_x86_64_9.3.0/ARMTools/bin/../lib/gcc/arm-atollic-eabi/6.3.1/armv7e-m/fpu/fpv5-d16/libgcc.a
LOAD /opt/Atollic_TrueSTUDIO_for_STM32_x86_64_9.3.0/ARMTools/bin/../lib/gcc/arm-atollic-eabi/6.3.1/../../../../arm-atollic-eabi/lib/armv7e-m/fpu/fpv5-d16/libc_nano.a
LOAD /opt/Atollic_TrueSTUDIO_for_STM32_x86_64_9.3.0/ARMTools/bin/../lib/gcc/arm-atollic-eabi/6.3.1/../../../../arm-atollic-eabi/lib/armv7e-m/fpu/fpv5-d16/libnosys.a
END GROUP
LOAD /opt/Atollic_TrueSTUDIO_for_STM32_x86_64_9.3.0/ARMTools/bin/../lib/gcc/arm-atollic-eabi/6.3.1/armv7e-m/fpu/fpv5-d16/crtend.o
LOAD /opt/Atollic_TrueSTUDIO_for_STM32_x86_64_9.3.0/ARMTools/bin/../lib/gcc/arm-atollic-eabi/6.3.1/armv7e-m/fpu/fpv5-d16/crtn.o
                0x0000000020080000                _estack = 0x20080000
                0x0000000000000200                _Min_Heap_Size = 0x200
                0x0000000000000400                _Min_Stack_Size = 0x400

.isr_vector     0x0000000008000000      0x1f8
                0x0000000008000000                . = ALIGN (0x4)
 *(.isr_vector)
 .isr_vector    0x0000000008000000      0x1f8 startup/startup_stm32f767xx.o
                0x0000000008000000                g_pfnVectors
                0x00000000080001f8                . = ALIGN (0x4)

.text           0x00000000080001f8     0x3020
                0x00000000080001f8                . = ALIGN (0x4)
 *(.text)
 .text          0x00000000080001f8       0x40 /opt/Atollic_TrueSTUDIO_for_STM32_x86_64_9.3.0/ARMTools/bin/../lib/gcc/arm-atollic-eabi/6.3.1/armv7e-m/fpu/fpv5-d16/crtbegin.o
 .text          0x0000000008000238       0x30 /opt/Atollic_TrueSTUDIO_for_STM32_x86_64_9.3.0/ARMTools/bin/../lib/gcc/arm-atollic-eabi/6.3.1/armv7e-m/fpu/fpv5-d16/libgcc.a(_aeabi_uldivmod.o)
                0x0000000008000238                __aeabi_uldivmod
 .text          0x0000000008000268      0x2dc /opt/Atollic_TrueSTUDIO_for_STM32_x86_64_9.3.0/ARMTools/bin/../lib/gcc/arm-atollic-eabi/6.3.1/armv7e-m/fpu/fpv5-d16/libgcc.a(_udivmoddi4.o)
                0x0000000008000268                __udivmoddi4
 .text          0x0000000008000544        0x4 /opt/Atollic_TrueSTUDIO_for_STM32_x86_64_9.3.0/ARMTools/bin/../lib/gcc/arm-atollic-eabi/6.3.1/armv7e-m/fpu/fpv5-d16/libgcc.a(_dvmd_tls.o)
                0x0000000008000544                __aeabi_ldiv0
                0x0000000008000544                __aeabi_idiv0
 *(.text*)
 .text.HAL_InitTick
                0x0000000008000548       0x48 Drivers/STM32F7xx_HAL_Driver/Src/stm32f7xx_hal.o
                0x0000000008000548                HAL_InitTick
 .text.HAL_Init
                0x0000000008000590       0x16 Drivers/STM32F7xx_HAL_Driver/Src/stm32f7xx_hal.o
                0x0000000008000590                HAL_Init
 *fill*         0x00000000080005a6        0x2 
 .text.HAL_IncTick
                0x00000000080005a8       0x18 Drivers/STM32F7xx_HAL_Driver/Src/stm32f7xx_hal.o
                0x00000000080005a8                HAL_IncTick
 .text.HAL_GetTick
                0x00000000080005c0        0xc Drivers/STM32F7xx_HAL_Driver/Src/stm32f7xx_hal.o
                0x00000000080005c0                HAL_GetTick
 .text.HAL_Delay
                0x00000000080005cc       0x24 Drivers/STM32F7xx_HAL_Driver/Src/stm32f7xx_hal.o
                0x00000000080005cc                HAL_Delay
 .text.HAL_CAN_Init
                0x00000000080005f0       0xf6 Drivers/STM32F7xx_HAL_Driver/Src/stm32f7xx_hal_can.o
                0x00000000080005f0                HAL_CAN_Init
 *fill*         0x00000000080006e6        0x2 
 .text.HAL_CAN_ConfigFilter
                0x00000000080006e8      0x10c Drivers/STM32F7xx_HAL_Driver/Src/stm32f7xx_hal_can.o
                0x00000000080006e8                HAL_CAN_ConfigFilter
 .text.HAL_CAN_Start
                0x00000000080007f4       0x56 Drivers/STM32F7xx_HAL_Driver/Src/stm32f7xx_hal_can.o
                0x00000000080007f4                HAL_CAN_Start
 .text.HAL_CAN_GetRxMessage
                0x000000000800084a       0xec Drivers/STM32F7xx_HAL_Driver/Src/stm32f7xx_hal_can.o
                0x000000000800084a                HAL_CAN_GetRxMessage
 .text.HAL_CAN_GetRxFifoFillLevel
                0x0000000008000936       0x1e Drivers/STM32F7xx_HAL_Driver/Src/stm32f7xx_hal_can.o
                0x0000000008000936                HAL_CAN_GetRxFifoFillLevel
 .text.HAL_CAN_TxMailbox0CompleteCallback
                0x0000000008000954        0x2 Drivers/STM32F7xx_HAL_Driver/Src/stm32f7xx_hal_can.o
                0x0000000008000954                HAL_CAN_TxMailbox0CompleteCallback
 .text.HAL_CAN_TxMailbox1CompleteCallback
                0x0000000008000956        0x2 Drivers/STM32F7xx_HAL_Driver/Src/stm32f7xx_hal_can.o
                0x0000000008000956                HAL_CAN_TxMailbox1CompleteCallback
 .text.HAL_CAN_TxMailbox2CompleteCallback
                0x0000000008000958        0x2 Drivers/STM32F7xx_HAL_Driver/Src/stm32f7xx_hal_can.o
                0x0000000008000958                HAL_CAN_TxMailbox2CompleteCallback
 .text.HAL_CAN_TxMailbox0AbortCallback
                0x000000000800095a        0x2 Drivers/STM32F7xx_HAL_Driver/Src/stm32f7xx_hal_can.o
                0x000000000800095a                HAL_CAN_TxMailbox0AbortCallback
 .text.HAL_CAN_TxMailbox1AbortCallback
                0x000000000800095c        0x2 Drivers/STM32F7xx_HAL_Driver/Src/stm32f7xx_hal_can.o
                0x000000000800095c                HAL_CAN_TxMailbox1AbortCallback
 .text.HAL_CAN_TxMailbox2AbortCallback
                0x000000000800095e        0x2 Drivers/STM32F7xx_HAL_Driver/Src/stm32f7xx_hal_can.o
                0x000000000800095e                HAL_CAN_TxMailbox2AbortCallback
 .text.HAL_CAN_RxFifo0MsgPendingCallback
                0x0000000008000960        0x2 Drivers/STM32F7xx_HAL_Driver/Src/stm32f7xx_hal_can.o
                0x0000000008000960                HAL_CAN_RxFifo0MsgPendingCallback
 .text.HAL_CAN_RxFifo0FullCallback
                0x0000000008000962        0x2 Drivers/STM32F7xx_HAL_Driver/Src/stm32f7xx_hal_can.o
                0x0000000008000962                HAL_CAN_RxFifo0FullCallback
 .text.HAL_CAN_RxFifo1MsgPendingCallback
                0x0000000008000964        0x2 Drivers/STM32F7xx_HAL_Driver/Src/stm32f7xx_hal_can.o
                0x0000000008000964                HAL_CAN_RxFifo1MsgPendingCallback
 .text.HAL_CAN_RxFifo1FullCallback
                0x0000000008000966        0x2 Drivers/STM32F7xx_HAL_Driver/Src/stm32f7xx_hal_can.o
                0x0000000008000966                HAL_CAN_RxFifo1FullCallback
 .text.HAL_CAN_SleepCallback
                0x0000000008000968        0x2 Drivers/STM32F7xx_HAL_Driver/Src/stm32f7xx_hal_can.o
                0x0000000008000968                HAL_CAN_SleepCallback
 .text.HAL_CAN_WakeUpFromRxMsgCallback
                0x000000000800096a        0x2 Drivers/STM32F7xx_HAL_Driver/Src/stm32f7xx_hal_can.o
                0x000000000800096a                HAL_CAN_WakeUpFromRxMsgCallback
 .text.HAL_CAN_ErrorCallback
                0x000000000800096c        0x2 Drivers/STM32F7xx_HAL_Driver/Src/stm32f7xx_hal_can.o
                0x000000000800096c                HAL_CAN_ErrorCallback
 .text.HAL_CAN_IRQHandler
                0x000000000800096e      0x1fc Drivers/STM32F7xx_HAL_Driver/Src/stm32f7xx_hal_can.o
                0x000000000800096e                HAL_CAN_IRQHandler
 *fill*         0x0000000008000b6a        0x2 
 .text.HAL_NVIC_SetPriorityGrouping
                0x0000000008000b6c       0x24 Drivers/STM32F7xx_HAL_Driver/Src/stm32f7xx_hal_cortex.o
                0x0000000008000b6c                HAL_NVIC_SetPriorityGrouping
 .text.HAL_NVIC_SetPriority
                0x0000000008000b90       0x70 Drivers/STM32F7xx_HAL_Driver/Src/stm32f7xx_hal_cortex.o
                0x0000000008000b90                HAL_NVIC_SetPriority
 .text.HAL_NVIC_EnableIRQ
                0x0000000008000c00       0x1c Drivers/STM32F7xx_HAL_Driver/Src/stm32f7xx_hal_cortex.o
                0x0000000008000c00                HAL_NVIC_EnableIRQ
 .text.HAL_SYSTICK_Config
                0x0000000008000c1c       0x2c Drivers/STM32F7xx_HAL_Driver/Src/stm32f7xx_hal_cortex.o
                0x0000000008000c1c                HAL_SYSTICK_Config
 .text.ETH_MACDMAConfig
                0x0000000008000c48       0xf8 Drivers/STM32F7xx_HAL_Driver/Src/stm32f7xx_hal_eth.o
 .text.HAL_ETH_ReadPHYRegister
                0x0000000008000d40       0x74 Drivers/STM32F7xx_HAL_Driver/Src/stm32f7xx_hal_eth.o
                0x0000000008000d40                HAL_ETH_ReadPHYRegister
 .text.HAL_ETH_WritePHYRegister
                0x0000000008000db4       0x6e Drivers/STM32F7xx_HAL_Driver/Src/stm32f7xx_hal_eth.o
                0x0000000008000db4                HAL_ETH_WritePHYRegister
 *fill*         0x0000000008000e22        0x2 
 .text.HAL_ETH_Init
                0x0000000008000e24      0x1f4 Drivers/STM32F7xx_HAL_Driver/Src/stm32f7xx_hal_eth.o
                0x0000000008000e24                HAL_ETH_Init
 .text.HAL_GPIO_Init
                0x0000000008001018      0x1d4 Drivers/STM32F7xx_HAL_Driver/Src/stm32f7xx_hal_gpio.o
                0x0000000008001018                HAL_GPIO_Init
 .text.HAL_GPIO_ReadPin
                0x00000000080011ec        0xc Drivers/STM32F7xx_HAL_Driver/Src/stm32f7xx_hal_gpio.o
                0x00000000080011ec                HAL_GPIO_ReadPin
 .text.HAL_GPIO_WritePin
                0x00000000080011f8        0xa Drivers/STM32F7xx_HAL_Driver/Src/stm32f7xx_hal_gpio.o
                0x00000000080011f8                HAL_GPIO_WritePin
 .text.HAL_GPIO_TogglePin
                0x0000000008001202        0xc Drivers/STM32F7xx_HAL_Driver/Src/stm32f7xx_hal_gpio.o
                0x0000000008001202                HAL_GPIO_TogglePin
 .text.HAL_PCD_Init
                0x000000000800120e      0x116 Drivers/STM32F7xx_HAL_Driver/Src/stm32f7xx_hal_pcd.o
                0x000000000800120e                HAL_PCD_Init
 .text.HAL_PCDEx_ActivateLPM
                0x0000000008001324       0x26 Drivers/STM32F7xx_HAL_Driver/Src/stm32f7xx_hal_pcd_ex.o
                0x0000000008001324                HAL_PCDEx_ActivateLPM
 *fill*         0x000000000800134a        0x2 
 .text.HAL_PWR_EnableBkUpAccess
                0x000000000800134c       0x10 Drivers/STM32F7xx_HAL_Driver/Src/stm32f7xx_hal_pwr.o
                0x000000000800134c                HAL_PWR_EnableBkUpAccess
 .text.HAL_PWREx_EnableOverDrive
                0x000000000800135c       0x70 Drivers/STM32F7xx_HAL_Driver/Src/stm32f7xx_hal_pwr_ex.o
                0x000000000800135c                HAL_PWREx_EnableOverDrive
 .text.HAL_RCC_OscConfig
                0x00000000080013cc      0x388 Drivers/STM32F7xx_HAL_Driver/Src/stm32f7xx_hal_rcc.o
                0x00000000080013cc                HAL_RCC_OscConfig
 .text.HAL_RCC_GetSysClockFreq
                0x0000000008001754       0x5c Drivers/STM32F7xx_HAL_Driver/Src/stm32f7xx_hal_rcc.o
                0x0000000008001754                HAL_RCC_GetSysClockFreq
 .text.HAL_RCC_ClockConfig
                0x00000000080017b0      0x140 Drivers/STM32F7xx_HAL_Driver/Src/stm32f7xx_hal_rcc.o
                0x00000000080017b0                HAL_RCC_ClockConfig
 .text.HAL_RCC_GetHCLKFreq
                0x00000000080018f0        0xc Drivers/STM32F7xx_HAL_Driver/Src/stm32f7xx_hal_rcc.o
                0x00000000080018f0                HAL_RCC_GetHCLKFreq
 .text.HAL_RCC_GetPCLK1Freq
                0x00000000080018fc       0x20 Drivers/STM32F7xx_HAL_Driver/Src/stm32f7xx_hal_rcc.o
                0x00000000080018fc                HAL_RCC_GetPCLK1Freq
 .text.HAL_RCC_GetPCLK2Freq
                0x000000000800191c       0x20 Drivers/STM32F7xx_HAL_Driver/Src/stm32f7xx_hal_rcc.o
                0x000000000800191c                HAL_RCC_GetPCLK2Freq
 .text.HAL_RCCEx_PeriphCLKConfig
                0x000000000800193c      0x55c Drivers/STM32F7xx_HAL_Driver/Src/stm32f7xx_hal_rcc_ex.o
                0x000000000800193c                HAL_RCCEx_PeriphCLKConfig
 .text.HAL_TIM_Base_Start_IT
                0x0000000008001e98       0x2c Drivers/STM32F7xx_HAL_Driver/Src/stm32f7xx_hal_tim.o
                0x0000000008001e98                HAL_TIM_Base_Start_IT
 .text.HAL_TIM_OC_DelayElapsedCallback
                0x0000000008001ec4        0x2 Drivers/STM32F7xx_HAL_Driver/Src/stm32f7xx_hal_tim.o
                0x0000000008001ec4                HAL_TIM_OC_DelayElapsedCallback
 .text.HAL_TIM_IC_CaptureCallback
                0x0000000008001ec6        0x2 Drivers/STM32F7xx_HAL_Driver/Src/stm32f7xx_hal_tim.o
                0x0000000008001ec6                HAL_TIM_IC_CaptureCallback
 .text.HAL_TIM_PWM_PulseFinishedCallback
                0x0000000008001ec8        0x2 Drivers/STM32F7xx_HAL_Driver/Src/stm32f7xx_hal_tim.o
                0x0000000008001ec8                HAL_TIM_PWM_PulseFinishedCallback
 .text.HAL_TIM_TriggerCallback
                0x0000000008001eca        0x2 Drivers/STM32F7xx_HAL_Driver/Src/stm32f7xx_hal_tim.o
                0x0000000008001eca                HAL_TIM_TriggerCallback
 .text.HAL_TIM_IRQHandler
                0x0000000008001ecc      0x160 Drivers/STM32F7xx_HAL_Driver/Src/stm32f7xx_hal_tim.o
                0x0000000008001ecc                HAL_TIM_IRQHandler
 .text.TIM_Base_SetConfig
                0x000000000800202c       0xcc Drivers/STM32F7xx_HAL_Driver/Src/stm32f7xx_hal_tim.o
                0x000000000800202c                TIM_Base_SetConfig
 .text.HAL_TIM_Base_Init
                0x00000000080020f8       0x34 Drivers/STM32F7xx_HAL_Driver/Src/stm32f7xx_hal_tim.o
                0x00000000080020f8                HAL_TIM_Base_Init
 .text.TIM_ETR_SetConfig
                0x000000000800212c       0x14 Drivers/STM32F7xx_HAL_Driver/Src/stm32f7xx_hal_tim.o
                0x000000000800212c                TIM_ETR_SetConfig
 .text.HAL_TIM_ConfigClockSource
                0x0000000008002140      0x128 Drivers/STM32F7xx_HAL_Driver/Src/stm32f7xx_hal_tim.o
                0x0000000008002140                HAL_TIM_ConfigClockSource
 .text.HAL_TIMEx_MasterConfigSynchronization
                0x0000000008002268       0x9c Drivers/STM32F7xx_HAL_Driver/Src/stm32f7xx_hal_tim_ex.o
                0x0000000008002268                HAL_TIMEx_MasterConfigSynchronization
 .text.HAL_TIMEx_CommutCallback
                0x0000000008002304        0x2 Drivers/STM32F7xx_HAL_Driver/Src/stm32f7xx_hal_tim_ex.o
                0x0000000008002304                HAL_TIMEx_CommutCallback
 .text.HAL_TIMEx_BreakCallback
                0x0000000008002306        0x2 Drivers/STM32F7xx_HAL_Driver/Src/stm32f7xx_hal_tim_ex.o
                0x0000000008002306                HAL_TIMEx_BreakCallback
 .text.HAL_TIMEx_Break2Callback
                0x0000000008002308        0x2 Drivers/STM32F7xx_HAL_Driver/Src/stm32f7xx_hal_tim_ex.o
                0x0000000008002308                HAL_TIMEx_Break2Callback
 *fill*         0x000000000800230a        0x2 
 .text.UART_SetConfig
                0x000000000800230c      0x288 Drivers/STM32F7xx_HAL_Driver/Src/stm32f7xx_hal_uart.o
                0x000000000800230c                UART_SetConfig
 .text.UART_AdvFeatureConfig
                0x0000000008002594       0xaa Drivers/STM32F7xx_HAL_Driver/Src/stm32f7xx_hal_uart.o
                0x0000000008002594                UART_AdvFeatureConfig
 .text.UART_WaitOnFlagUntilTimeout
                0x000000000800263e       0x86 Drivers/STM32F7xx_HAL_Driver/Src/stm32f7xx_hal_uart.o
                0x000000000800263e                UART_WaitOnFlagUntilTimeout
 .text.UART_CheckIdleState
                0x00000000080026c4       0x60 Drivers/STM32F7xx_HAL_Driver/Src/stm32f7xx_hal_uart.o
                0x00000000080026c4                UART_CheckIdleState
 .text.HAL_UART_Init
                0x0000000008002724       0x5c Drivers/STM32F7xx_HAL_Driver/Src/stm32f7xx_hal_uart.o
                0x0000000008002724                HAL_UART_Init
 .text.USB_CoreReset
                0x0000000008002780       0x30 Drivers/STM32F7xx_HAL_Driver/Src/stm32f7xx_ll_usb.o
 .text.USB_CoreInit
                0x00000000080027b0       0x76 Drivers/STM32F7xx_HAL_Driver/Src/stm32f7xx_ll_usb.o
                0x00000000080027b0                USB_CoreInit
 .text.USB_DisableGlobalInt
                0x0000000008002826        0xc Drivers/STM32F7xx_HAL_Driver/Src/stm32f7xx_ll_usb.o
                0x0000000008002826                USB_DisableGlobalInt
 .text.USB_SetCurrentMode
                0x0000000008002832       0x2e Drivers/STM32F7xx_HAL_Driver/Src/stm32f7xx_ll_usb.o
                0x0000000008002832                USB_SetCurrentMode
 .text.USB_FlushTxFifo
                0x0000000008002860       0x24 Drivers/STM32F7xx_HAL_Driver/Src/stm32f7xx_ll_usb.o
                0x0000000008002860                USB_FlushTxFifo
 .text.USB_FlushRxFifo
                0x0000000008002884       0x20 Drivers/STM32F7xx_HAL_Driver/Src/stm32f7xx_ll_usb.o
                0x0000000008002884                USB_FlushRxFifo
 .text.USB_SetDevSpeed
                0x00000000080028a4        0xe Drivers/STM32F7xx_HAL_Driver/Src/stm32f7xx_ll_usb.o
                0x00000000080028a4                USB_SetDevSpeed
 *fill*         0x00000000080028b2        0x2 
 .text.USB_DevInit
                0x00000000080028b4      0x174 Drivers/STM32F7xx_HAL_Driver/Src/stm32f7xx_ll_usb.o
                0x00000000080028b4                USB_DevInit
 .text.USB_DevDisconnect
                0x0000000008002a28       0x18 Drivers/STM32F7xx_HAL_Driver/Src/stm32f7xx_ll_usb.o
                0x0000000008002a28                USB_DevDisconnect
 .text.SystemClock_Config
                0x0000000008002a40       0xb4 Src/main.o
                0x0000000008002a40                SystemClock_Config
 .text.canRecieveData
                0x0000000008002af4       0x3c Src/main.o
                0x0000000008002af4                canRecieveData
 .text.startup.main
                0x0000000008002b30      0x274 Src/main.o
                0x0000000008002b30                main
 .text.HAL_MspInit
                0x0000000008002da4       0x30 Src/stm32f7xx_hal_msp.o
                0x0000000008002da4                HAL_MspInit
 .text.HAL_CAN_MspInit
                0x0000000008002dd4       0x74 Src/stm32f7xx_hal_msp.o
                0x0000000008002dd4                HAL_CAN_MspInit
 .text.HAL_ETH_MspInit
                0x0000000008002e48      0x10c Src/stm32f7xx_hal_msp.o
                0x0000000008002e48                HAL_ETH_MspInit
 .text.HAL_TIM_Base_MspInit
                0x0000000008002f54       0x36 Src/stm32f7xx_hal_msp.o
                0x0000000008002f54                HAL_TIM_Base_MspInit
 *fill*         0x0000000008002f8a        0x2 
 .text.HAL_UART_MspInit
                0x0000000008002f8c       0x68 Src/stm32f7xx_hal_msp.o
                0x0000000008002f8c                HAL_UART_MspInit
 .text.HAL_PCD_MspInit
                0x0000000008002ff4       0x8c Src/stm32f7xx_hal_msp.o
                0x0000000008002ff4                HAL_PCD_MspInit
 .text.NMI_Handler
                0x0000000008003080        0x2 Src/stm32f7xx_it.o
                0x0000000008003080                NMI_Handler
 .text.HardFault_Handler
                0x0000000008003082        0x2 Src/stm32f7xx_it.o
                0x0000000008003082                HardFault_Handler
 .text.MemManage_Handler
                0x0000000008003084        0x2 Src/stm32f7xx_it.o
                0x0000000008003084                MemManage_Handler
 .text.BusFault_Handler
                0x0000000008003086        0x2 Src/stm32f7xx_it.o
                0x0000000008003086                BusFault_Handler
 .text.UsageFault_Handler
                0x0000000008003088        0x2 Src/stm32f7xx_it.o
                0x0000000008003088                UsageFault_Handler
 .text.SVC_Handler
                0x000000000800308a        0x2 Src/stm32f7xx_it.o
                0x000000000800308a                SVC_Handler
 .text.DebugMon_Handler
                0x000000000800308c        0x2 Src/stm32f7xx_it.o
                0x000000000800308c                DebugMon_Handler
 .text.PendSV_Handler
                0x000000000800308e        0x2 Src/stm32f7xx_it.o
                0x000000000800308e                PendSV_Handler
 .text.SysTick_Handler
                0x0000000008003090        0x4 Src/stm32f7xx_it.o
                0x0000000008003090                SysTick_Handler
 .text.CAN1_RX0_IRQHandler
                0x0000000008003094        0xc Src/stm32f7xx_it.o
                0x0000000008003094                CAN1_RX0_IRQHandler
 .text.TIM2_IRQHandler
                0x00000000080030a0        0xc Src/stm32f7xx_it.o
                0x00000000080030a0                TIM2_IRQHandler
 .text.SystemInit
                0x00000000080030ac       0x1c Src/system_stm32f7xx.o
                0x00000000080030ac                SystemInit
 .text.initTimeout
                0x00000000080030c8       0x20 Src/timeout.o
                0x00000000080030c8                initTimeout
 .text.hasTimedOut
                0x00000000080030e8       0x20 Src/timeout.o
                0x00000000080030e8                hasTimedOut
 .text.handleHeartbeatLED
                0x0000000008003108       0x30 Src/timeout.o
                0x0000000008003108                handleHeartbeatLED
 .text.HAL_TIM_PeriodElapsedCallback
                0x0000000008003138       0x1c Src/timeout.o
                0x0000000008003138                HAL_TIM_PeriodElapsedCallback
 .text.Reset_Handler
                0x0000000008003154       0x50 startup/startup_stm32f767xx.o
                0x0000000008003154                Reset_Handler
 .text.Default_Handler
                0x00000000080031a4        0x2 startup/startup_stm32f767xx.o
                0x00000000080031a4                RTC_Alarm_IRQHandler
                0x00000000080031a4                EXTI2_IRQHandler
                0x00000000080031a4                TIM8_CC_IRQHandler
                0x00000000080031a4                UART8_IRQHandler
                0x00000000080031a4                SPI4_IRQHandler
                0x00000000080031a4                TIM1_CC_IRQHandler
                0x00000000080031a4                DMA2_Stream5_IRQHandler
                0x00000000080031a4                JPEG_IRQHandler
                0x00000000080031a4                DMA1_Stream5_IRQHandler
                0x00000000080031a4                CAN3_RX1_IRQHandler
                0x00000000080031a4                PVD_IRQHandler
                0x00000000080031a4                TAMP_STAMP_IRQHandler
                0x00000000080031a4                CAN2_RX1_IRQHandler
                0x00000000080031a4                EXTI3_IRQHandler
                0x00000000080031a4                TIM8_TRG_COM_TIM14_IRQHandler
                0x00000000080031a4                DFSDM1_FLT1_IRQHandler
                0x00000000080031a4                TIM1_UP_TIM10_IRQHandler
                0x00000000080031a4                TIM8_UP_TIM13_IRQHandler
                0x00000000080031a4                I2C3_ER_IRQHandler
                0x00000000080031a4                DFSDM1_FLT2_IRQHandler
                0x00000000080031a4                EXTI0_IRQHandler
                0x00000000080031a4                I2C2_EV_IRQHandler
                0x00000000080031a4                DMA1_Stream2_IRQHandler
                0x00000000080031a4                FPU_IRQHandler
                0x00000000080031a4                OTG_HS_WKUP_IRQHandler
                0x00000000080031a4                CAN3_SCE_IRQHandler
                0x00000000080031a4                LTDC_ER_IRQHandler
                0x00000000080031a4                CAN2_SCE_IRQHandler
                0x00000000080031a4                DMA2_Stream2_IRQHandler
                0x00000000080031a4                SPI1_IRQHandler
                0x00000000080031a4                TIM6_DAC_IRQHandler
                0x00000000080031a4                TIM1_BRK_TIM9_IRQHandler
                0x00000000080031a4                DCMI_IRQHandler
                0x00000000080031a4                CAN2_RX0_IRQHandler
                0x00000000080031a4                DMA2_Stream3_IRQHandler
                0x00000000080031a4                SAI2_IRQHandler
                0x00000000080031a4                DFSDM1_FLT3_IRQHandler
                0x00000000080031a4                USART6_IRQHandler
                0x00000000080031a4                CAN3_RX0_IRQHandler
                0x00000000080031a4                USART3_IRQHandler
                0x00000000080031a4                CAN1_RX1_IRQHandler
                0x00000000080031a4                UART5_IRQHandler
                0x00000000080031a4                DMA2_Stream0_IRQHandler
                0x00000000080031a4                TIM4_IRQHandler
                0x00000000080031a4                QUADSPI_IRQHandler
                0x00000000080031a4                I2C1_EV_IRQHandler
                0x00000000080031a4                DMA1_Stream6_IRQHandler
                0x00000000080031a4                DMA1_Stream1_IRQHandler
                0x00000000080031a4                UART4_IRQHandler
                0x00000000080031a4                TIM3_IRQHandler
                0x00000000080031a4                RCC_IRQHandler
                0x00000000080031a4                TIM8_BRK_TIM12_IRQHandler
                0x00000000080031a4                Default_Handler
                0x00000000080031a4                CEC_IRQHandler
                0x00000000080031a4                EXTI15_10_IRQHandler
                0x00000000080031a4                ADC_IRQHandler
                0x00000000080031a4                DMA1_Stream7_IRQHandler
                0x00000000080031a4                SPI5_IRQHandler
                0x00000000080031a4                TIM7_IRQHandler
                0x00000000080031a4                SDMMC1_IRQHandler
                0x00000000080031a4                CAN2_TX_IRQHandler
                0x00000000080031a4                TIM5_IRQHandler
                0x00000000080031a4                DMA2_Stream7_IRQHandler
                0x00000000080031a4                I2C3_EV_IRQHandler
                0x00000000080031a4                EXTI9_5_IRQHandler
                0x00000000080031a4                RTC_WKUP_IRQHandler
                0x00000000080031a4                LTDC_IRQHandler
                0x00000000080031a4                ETH_WKUP_IRQHandler
                0x00000000080031a4                SPDIF_RX_IRQHandler
                0x00000000080031a4                SPI2_IRQHandler
                0x00000000080031a4                OTG_HS_EP1_IN_IRQHandler
                0x00000000080031a4                DMA1_Stream0_IRQHandler
                0x00000000080031a4                CAN1_TX_IRQHandler
                0x00000000080031a4                EXTI4_IRQHandler
                0x00000000080031a4                RNG_IRQHandler
                0x00000000080031a4                ETH_IRQHandler
                0x00000000080031a4                OTG_HS_EP1_OUT_IRQHandler
                0x00000000080031a4                WWDG_IRQHandler
                0x00000000080031a4                SPI6_IRQHandler
                0x00000000080031a4                MDIOS_IRQHandler
                0x00000000080031a4                I2C4_EV_IRQHandler
                0x00000000080031a4                CAN3_TX_IRQHandler
                0x00000000080031a4                OTG_FS_WKUP_IRQHandler
                0x00000000080031a4                TIM1_TRG_COM_TIM11_IRQHandler
                0x00000000080031a4                OTG_HS_IRQHandler
                0x00000000080031a4                DMA2D_IRQHandler
                0x00000000080031a4                EXTI1_IRQHandler
                0x00000000080031a4                SDMMC2_IRQHandler
                0x00000000080031a4                UART7_IRQHandler
                0x00000000080031a4                USART2_IRQHandler
                0x00000000080031a4                DFSDM1_FLT0_IRQHandler
                0x00000000080031a4                I2C2_ER_IRQHandler
                0x00000000080031a4                DMA2_Stream1_IRQHandler
                0x00000000080031a4                CAN1_SCE_IRQHandler
                0x00000000080031a4                FLASH_IRQHandler
                0x00000000080031a4                DMA2_Stream4_IRQHandler
                0x00000000080031a4                USART1_IRQHandler
                0x00000000080031a4                OTG_FS_IRQHandler
                0x00000000080031a4                SPI3_IRQHandler
                0x00000000080031a4                DMA1_Stream4_IRQHandler
                0x00000000080031a4                I2C1_ER_IRQHandler
                0x00000000080031a4                FMC_IRQHandler
                0x00000000080031a4                LPTIM1_IRQHandler
                0x00000000080031a4                I2C4_ER_IRQHandler
                0x00000000080031a4                DMA2_Stream6_IRQHandler
                0x00000000080031a4                SAI1_IRQHandler
                0x00000000080031a4                DMA1_Stream3_IRQHandler
 *fill*         0x00000000080031a6        0x2 
 .text.__libc_init_array
                0x00000000080031a8       0x48 /opt/Atollic_TrueSTUDIO_for_STM32_x86_64_9.3.0/ARMTools/bin/../lib/gcc/arm-atollic-eabi/6.3.1/../../../../arm-atollic-eabi/lib/armv7e-m/fpu/fpv5-d16/libc_nano.a(lib_a-init.o)
                0x00000000080031a8                __libc_init_array
 .text.memset   0x00000000080031f0       0x10 /opt/Atollic_TrueSTUDIO_for_STM32_x86_64_9.3.0/ARMTools/bin/../lib/gcc/arm-atollic-eabi/6.3.1/../../../../arm-atollic-eabi/lib/armv7e-m/fpu/fpv5-d16/libc_nano.a(lib_a-memset.o)
                0x00000000080031f0                memset
 *(.glue_7)
 .glue_7        0x0000000008003200        0x0 linker stubs
 *(.glue_7t)
 .glue_7t       0x0000000008003200        0x0 linker stubs
 *(.eh_frame)
 .eh_frame      0x0000000008003200        0x0 /opt/Atollic_TrueSTUDIO_for_STM32_x86_64_9.3.0/ARMTools/bin/../lib/gcc/arm-atollic-eabi/6.3.1/armv7e-m/fpu/fpv5-d16/crtbegin.o
 *(.init)
 .init          0x0000000008003200        0x4 /opt/Atollic_TrueSTUDIO_for_STM32_x86_64_9.3.0/ARMTools/bin/../lib/gcc/arm-atollic-eabi/6.3.1/armv7e-m/fpu/fpv5-d16/crti.o
                0x0000000008003200                _init
 .init          0x0000000008003204        0x8 /opt/Atollic_TrueSTUDIO_for_STM32_x86_64_9.3.0/ARMTools/bin/../lib/gcc/arm-atollic-eabi/6.3.1/armv7e-m/fpu/fpv5-d16/crtn.o
 *(.fini)
 .fini          0x000000000800320c        0x4 /opt/Atollic_TrueSTUDIO_for_STM32_x86_64_9.3.0/ARMTools/bin/../lib/gcc/arm-atollic-eabi/6.3.1/armv7e-m/fpu/fpv5-d16/crti.o
                0x000000000800320c                _fini
 .fini          0x0000000008003210        0x8 /opt/Atollic_TrueSTUDIO_for_STM32_x86_64_9.3.0/ARMTools/bin/../lib/gcc/arm-atollic-eabi/6.3.1/armv7e-m/fpu/fpv5-d16/crtn.o
                0x0000000008003218                . = ALIGN (0x4)
                0x0000000008003218                _etext = .

.vfp11_veneer   0x0000000008003218        0x0
 .vfp11_veneer  0x0000000008003218        0x0 linker stubs

.v4_bx          0x0000000008003218        0x0
 .v4_bx         0x0000000008003218        0x0 linker stubs

.iplt           0x0000000008003218        0x0
 .iplt          0x0000000008003218        0x0 /opt/Atollic_TrueSTUDIO_for_STM32_x86_64_9.3.0/ARMTools/bin/../lib/gcc/arm-atollic-eabi/6.3.1/armv7e-m/fpu/fpv5-d16/crtbegin.o

.rodata         0x0000000008003218       0x2c
                0x0000000008003218                . = ALIGN (0x4)
 *(.rodata)
 *(.rodata*)
 .rodata.CSWTCH.53
                0x0000000008003218        0x4 Drivers/STM32F7xx_HAL_Driver/Src/stm32f7xx_hal_uart.o
 .rodata.CSWTCH.54
                0x000000000800321c        0xd Drivers/STM32F7xx_HAL_Driver/Src/stm32f7xx_hal_uart.o
 .rodata.AHBPrescTable
                0x0000000008003229       0x10 Src/system_stm32f7xx.o
                0x0000000008003229                AHBPrescTable
 .rodata.APBPrescTable
                0x0000000008003239        0x8 Src/system_stm32f7xx.o
                0x0000000008003239                APBPrescTable
                0x0000000008003244                . = ALIGN (0x4)
 *fill*         0x0000000008003241        0x3 

.ARM.extab
 *(.ARM.extab* .gnu.linkonce.armextab.*)

.ARM            0x0000000008003244        0x8
                0x0000000008003244                __exidx_start = .
 *(.ARM.exidx*)
 .ARM.exidx     0x0000000008003244        0x8 /opt/Atollic_TrueSTUDIO_for_STM32_x86_64_9.3.0/ARMTools/bin/../lib/gcc/arm-atollic-eabi/6.3.1/armv7e-m/fpu/fpv5-d16/libgcc.a(_udivmoddi4.o)
                0x000000000800324c                __exidx_end = .

.rel.dyn        0x000000000800324c        0x0
 .rel.iplt      0x000000000800324c        0x0 /opt/Atollic_TrueSTUDIO_for_STM32_x86_64_9.3.0/ARMTools/bin/../lib/gcc/arm-atollic-eabi/6.3.1/armv7e-m/fpu/fpv5-d16/crtbegin.o

.preinit_array  0x000000000800324c        0x0
                0x000000000800324c                PROVIDE (__preinit_array_start, .)
 *(.preinit_array*)
                0x000000000800324c                PROVIDE (__preinit_array_end, .)

.init_array     0x000000000800324c        0x4
                0x000000000800324c                PROVIDE (__init_array_start, .)
 *(SORT(.init_array.*))
 *(.init_array*)
 .init_array    0x000000000800324c        0x4 /opt/Atollic_TrueSTUDIO_for_STM32_x86_64_9.3.0/ARMTools/bin/../lib/gcc/arm-atollic-eabi/6.3.1/armv7e-m/fpu/fpv5-d16/crtbegin.o
                0x0000000008003250                PROVIDE (__init_array_end, .)

.fini_array     0x0000000008003250        0x4
                [!provide]                        PROVIDE (__fini_array_start, .)
 *(SORT(.fini_array.*))
 *(.fini_array*)
 .fini_array    0x0000000008003250        0x4 /opt/Atollic_TrueSTUDIO_for_STM32_x86_64_9.3.0/ARMTools/bin/../lib/gcc/arm-atollic-eabi/6.3.1/armv7e-m/fpu/fpv5-d16/crtbegin.o
                [!provide]                        PROVIDE (__fini_array_end, .)
                0x0000000008003254                _sidata = LOADADDR (.data)

.data           0x0000000020000000        0xc load address 0x0000000008003254
                0x0000000020000000                . = ALIGN (0x4)
                0x0000000020000000                _sdata = .
 *(.data)
 *(.data*)
 .data.uwTickFreq
                0x0000000020000000        0x1 Drivers/STM32F7xx_HAL_Driver/Src/stm32f7xx_hal.o
                0x0000000020000000                uwTickFreq
 *fill*         0x0000000020000001        0x3 
 .data.uwTickPrio
                0x0000000020000004        0x4 Drivers/STM32F7xx_HAL_Driver/Src/stm32f7xx_hal.o
                0x0000000020000004                uwTickPrio
 .data.SystemCoreClock
                0x0000000020000008        0x4 Src/system_stm32f7xx.o
                0x0000000020000008                SystemCoreClock
                0x000000002000000c                . = ALIGN (0x4)
                0x000000002000000c                _edata = .

.igot.plt       0x000000002000000c        0x0 load address 0x0000000008003260
 .igot.plt      0x000000002000000c        0x0 /opt/Atollic_TrueSTUDIO_for_STM32_x86_64_9.3.0/ARMTools/bin/../lib/gcc/arm-atollic-eabi/6.3.1/armv7e-m/fpu/fpv5-d16/crtbegin.o
                0x000000002000000c                . = ALIGN (0x4)

.bss            0x000000002000000c      0x560 load address 0x0000000008003260
                0x000000002000000c                _sbss = .
                0x000000002000000c                __bss_start__ = _sbss
 *(.bss)
 .bss           0x000000002000000c       0x1c /opt/Atollic_TrueSTUDIO_for_STM32_x86_64_9.3.0/ARMTools/bin/../lib/gcc/arm-atollic-eabi/6.3.1/armv7e-m/fpu/fpv5-d16/crtbegin.o
 *(.bss*)
 .bss.currentTimeMS
                0x0000000020000028        0x4 Src/timeout.o
 .bss.heartbeatStartTime
                0x000000002000002c        0x4 Src/timeout.o
 *(COMMON)
 COMMON         0x0000000020000030        0x4 Drivers/STM32F7xx_HAL_Driver/Src/stm32f7xx_hal.o
                0x0000000020000030                uwTick
 COMMON         0x0000000020000034      0x534 Src/main.o
                0x0000000020000034                huart3
                0x00000000200000b4                hpcd_USB_OTG_FS
                0x00000000200004b8                htim2
                0x00000000200004f8                hcan1
                0x0000000020000520                heth
 COMMON         0x0000000020000568        0x4 Src/timeout.o
                0x0000000020000568                timeModule
                0x000000002000056c                . = ALIGN (0x4)
                0x000000002000056c                _ebss = .
                0x000000002000056c                __bss_end__ = _ebss

._user_heap_stack
                0x000000002000056c      0x600 load address 0x0000000008003260
                0x000000002000056c                . = ALIGN (0x4)
                0x000000002000056c                PROVIDE (end, .)
                [!provide]                        PROVIDE (_end, .)
                0x000000002000076c                . = (. + _Min_Heap_Size)
 *fill*         0x000000002000056c      0x200 
                0x0000000020000b6c                . = (. + _Min_Stack_Size)
 *fill*         0x000000002000076c      0x400 
                0x0000000020000b6c                . = ALIGN (0x4)

/DISCARD/
 libc.a(*)
 libm.a(*)
 libgcc.a(*)

.ARM.attributes
                0x0000000000000000       0x2e
 *(.ARM.attributes)
 .ARM.attributes
                0x0000000000000000       0x20 /opt/Atollic_TrueSTUDIO_for_STM32_x86_64_9.3.0/ARMTools/bin/../lib/gcc/arm-atollic-eabi/6.3.1/armv7e-m/fpu/fpv5-d16/crti.o
 .ARM.attributes
                0x0000000000000020       0x32 /opt/Atollic_TrueSTUDIO_for_STM32_x86_64_9.3.0/ARMTools/bin/../lib/gcc/arm-atollic-eabi/6.3.1/armv7e-m/fpu/fpv5-d16/crtbegin.o
 .ARM.attributes
                0x0000000000000052       0x37 Drivers/STM32F7xx_HAL_Driver/Src/stm32f7xx_hal.o
 .ARM.attributes
                0x0000000000000089       0x37 Drivers/STM32F7xx_HAL_Driver/Src/stm32f7xx_hal_can.o
 .ARM.attributes
                0x00000000000000c0       0x37 Drivers/STM32F7xx_HAL_Driver/Src/stm32f7xx_hal_cortex.o
 .ARM.attributes
                0x00000000000000f7       0x37 Drivers/STM32F7xx_HAL_Driver/Src/stm32f7xx_hal_eth.o
 .ARM.attributes
                0x000000000000012e       0x37 Drivers/STM32F7xx_HAL_Driver/Src/stm32f7xx_hal_gpio.o
 .ARM.attributes
                0x0000000000000165       0x37 Drivers/STM32F7xx_HAL_Driver/Src/stm32f7xx_hal_pcd.o
 .ARM.attributes
                0x000000000000019c       0x37 Drivers/STM32F7xx_HAL_Driver/Src/stm32f7xx_hal_pcd_ex.o
 .ARM.attributes
                0x00000000000001d3       0x37 Drivers/STM32F7xx_HAL_Driver/Src/stm32f7xx_hal_pwr.o
 .ARM.attributes
                0x000000000000020a       0x37 Drivers/STM32F7xx_HAL_Driver/Src/stm32f7xx_hal_pwr_ex.o
 .ARM.attributes
                0x0000000000000241       0x37 Drivers/STM32F7xx_HAL_Driver/Src/stm32f7xx_hal_rcc.o
 .ARM.attributes
                0x0000000000000278       0x37 Drivers/STM32F7xx_HAL_Driver/Src/stm32f7xx_hal_rcc_ex.o
 .ARM.attributes
                0x00000000000002af       0x37 Drivers/STM32F7xx_HAL_Driver/Src/stm32f7xx_hal_tim.o
 .ARM.attributes
                0x00000000000002e6       0x37 Drivers/STM32F7xx_HAL_Driver/Src/stm32f7xx_hal_tim_ex.o
 .ARM.attributes
                0x000000000000031d       0x37 Drivers/STM32F7xx_HAL_Driver/Src/stm32f7xx_hal_uart.o
 .ARM.attributes
                0x0000000000000354       0x37 Drivers/STM32F7xx_HAL_Driver/Src/stm32f7xx_ll_usb.o
 .ARM.attributes
                0x000000000000038b       0x37 Src/main.o
 .ARM.attributes
                0x00000000000003c2       0x37 Src/stm32f7xx_hal_msp.o
 .ARM.attributes
                0x00000000000003f9       0x37 Src/stm32f7xx_it.o
 .ARM.attributes
                0x0000000000000430       0x37 Src/system_stm32f7xx.o
 .ARM.attributes
                0x0000000000000467       0x37 Src/timeout.o
 .ARM.attributes
                0x000000000000049e       0x21 startup/startup_stm32f767xx.o
 .ARM.attributes
                0x00000000000004bf       0x32 /opt/Atollic_TrueSTUDIO_for_STM32_x86_64_9.3.0/ARMTools/bin/../lib/gcc/arm-atollic-eabi/6.3.1/../../../../arm-atollic-eabi/lib/armv7e-m/fpu/fpv5-d16/libc_nano.a(lib_a-init.o)
 .ARM.attributes
                0x00000000000004f1       0x32 /opt/Atollic_TrueSTUDIO_for_STM32_x86_64_9.3.0/ARMTools/bin/../lib/gcc/arm-atollic-eabi/6.3.1/../../../../arm-atollic-eabi/lib/armv7e-m/fpu/fpv5-d16/libc_nano.a(lib_a-memset.o)
 .ARM.attributes
                0x0000000000000523       0x20 /opt/Atollic_TrueSTUDIO_for_STM32_x86_64_9.3.0/ARMTools/bin/../lib/gcc/arm-atollic-eabi/6.3.1/armv7e-m/fpu/fpv5-d16/libgcc.a(_aeabi_uldivmod.o)
 .ARM.attributes
                0x0000000000000543       0x32 /opt/Atollic_TrueSTUDIO_for_STM32_x86_64_9.3.0/ARMTools/bin/../lib/gcc/arm-atollic-eabi/6.3.1/armv7e-m/fpu/fpv5-d16/libgcc.a(_udivmoddi4.o)
 .ARM.attributes
                0x0000000000000575       0x20 /opt/Atollic_TrueSTUDIO_for_STM32_x86_64_9.3.0/ARMTools/bin/../lib/gcc/arm-atollic-eabi/6.3.1/armv7e-m/fpu/fpv5-d16/libgcc.a(_dvmd_tls.o)
 .ARM.attributes
                0x0000000000000595       0x20 /opt/Atollic_TrueSTUDIO_for_STM32_x86_64_9.3.0/ARMTools/bin/../lib/gcc/arm-atollic-eabi/6.3.1/armv7e-m/fpu/fpv5-d16/crtn.o
OUTPUT(CANBUSTestF7.elf elf32-littlearm)

.debug_info     0x0000000000000000    0x183ec
 .debug_info    0x0000000000000000      0xb16 Drivers/STM32F7xx_HAL_Driver/Src/stm32f7xx_hal.o
 .debug_info    0x0000000000000b16     0x1101 Drivers/STM32F7xx_HAL_Driver/Src/stm32f7xx_hal_can.o
 .debug_info    0x0000000000001c17     0x11ee Drivers/STM32F7xx_HAL_Driver/Src/stm32f7xx_hal_cortex.o
 .debug_info    0x0000000000002e05     0x19db Drivers/STM32F7xx_HAL_Driver/Src/stm32f7xx_hal_eth.o
 .debug_info    0x00000000000047e0      0x7fa Drivers/STM32F7xx_HAL_Driver/Src/stm32f7xx_hal_gpio.o
 .debug_info    0x0000000000004fda     0x179f Drivers/STM32F7xx_HAL_Driver/Src/stm32f7xx_hal_pcd.o
 .debug_info    0x0000000000006779      0x812 Drivers/STM32F7xx_HAL_Driver/Src/stm32f7xx_hal_pcd_ex.o
 .debug_info    0x0000000000006f8b      0x9c5 Drivers/STM32F7xx_HAL_Driver/Src/stm32f7xx_hal_pwr.o
 .debug_info    0x0000000000007950      0xa38 Drivers/STM32F7xx_HAL_Driver/Src/stm32f7xx_hal_pwr_ex.o
 .debug_info    0x0000000000008388      0xbac Drivers/STM32F7xx_HAL_Driver/Src/stm32f7xx_hal_rcc.o
 .debug_info    0x0000000000008f34      0x8c9 Drivers/STM32F7xx_HAL_Driver/Src/stm32f7xx_hal_rcc_ex.o
 .debug_info    0x00000000000097fd     0x36ae Drivers/STM32F7xx_HAL_Driver/Src/stm32f7xx_hal_tim.o
 .debug_info    0x000000000000ceab     0x14fe Drivers/STM32F7xx_HAL_Driver/Src/stm32f7xx_hal_tim_ex.o
 .debug_info    0x000000000000e3a9     0x1ced Drivers/STM32F7xx_HAL_Driver/Src/stm32f7xx_hal_uart.o
 .debug_info    0x0000000000010096     0x1c06 Drivers/STM32F7xx_HAL_Driver/Src/stm32f7xx_ll_usb.o
 .debug_info    0x0000000000011c9c     0x281f Src/main.o
 .debug_info    0x00000000000144bb     0x2375 Src/stm32f7xx_hal_msp.o
 .debug_info    0x0000000000016830      0xb2c Src/stm32f7xx_it.o
 .debug_info    0x000000000001735c      0x744 Src/system_stm32f7xx.o
 .debug_info    0x0000000000017aa0      0x8d2 Src/timeout.o
 .debug_info    0x0000000000018372       0x7a startup/startup_stm32f767xx.o

.debug_abbrev   0x0000000000000000     0x320f
 .debug_abbrev  0x0000000000000000      0x239 Drivers/STM32F7xx_HAL_Driver/Src/stm32f7xx_hal.o
 .debug_abbrev  0x0000000000000239      0x2c4 Drivers/STM32F7xx_HAL_Driver/Src/stm32f7xx_hal_can.o
 .debug_abbrev  0x00000000000004fd      0x314 Drivers/STM32F7xx_HAL_Driver/Src/stm32f7xx_hal_cortex.o
 .debug_abbrev  0x0000000000000811      0x34e Drivers/STM32F7xx_HAL_Driver/Src/stm32f7xx_hal_eth.o
 .debug_abbrev  0x0000000000000b5f      0x1ef Drivers/STM32F7xx_HAL_Driver/Src/stm32f7xx_hal_gpio.o
 .debug_abbrev  0x0000000000000d4e      0x35f Drivers/STM32F7xx_HAL_Driver/Src/stm32f7xx_hal_pcd.o
 .debug_abbrev  0x00000000000010ad      0x1ed Drivers/STM32F7xx_HAL_Driver/Src/stm32f7xx_hal_pcd_ex.o
 .debug_abbrev  0x000000000000129a      0x1b3 Drivers/STM32F7xx_HAL_Driver/Src/stm32f7xx_hal_pwr.o
 .debug_abbrev  0x000000000000144d      0x1c4 Drivers/STM32F7xx_HAL_Driver/Src/stm32f7xx_hal_pwr_ex.o
 .debug_abbrev  0x0000000000001611      0x2d6 Drivers/STM32F7xx_HAL_Driver/Src/stm32f7xx_hal_rcc.o
 .debug_abbrev  0x00000000000018e7      0x1c8 Drivers/STM32F7xx_HAL_Driver/Src/stm32f7xx_hal_rcc_ex.o
 .debug_abbrev  0x0000000000001aaf      0x324 Drivers/STM32F7xx_HAL_Driver/Src/stm32f7xx_hal_tim.o
 .debug_abbrev  0x0000000000001dd3      0x29c Drivers/STM32F7xx_HAL_Driver/Src/stm32f7xx_hal_tim_ex.o
 .debug_abbrev  0x000000000000206f      0x31b Drivers/STM32F7xx_HAL_Driver/Src/stm32f7xx_hal_uart.o
 .debug_abbrev  0x000000000000238a      0x350 Drivers/STM32F7xx_HAL_Driver/Src/stm32f7xx_ll_usb.o
 .debug_abbrev  0x00000000000026da      0x358 Src/main.o
 .debug_abbrev  0x0000000000002a32      0x279 Src/stm32f7xx_hal_msp.o
 .debug_abbrev  0x0000000000002cab      0x1ef Src/stm32f7xx_it.o
 .debug_abbrev  0x0000000000002e9a      0x142 Src/system_stm32f7xx.o
 .debug_abbrev  0x0000000000002fdc      0x221 Src/timeout.o
 .debug_abbrev  0x00000000000031fd       0x12 startup/startup_stm32f767xx.o

.debug_loc      0x0000000000000000     0xb0e0
 .debug_loc     0x0000000000000000      0x12e Drivers/STM32F7xx_HAL_Driver/Src/stm32f7xx_hal.o
 .debug_loc     0x000000000000012e      0xad5 Drivers/STM32F7xx_HAL_Driver/Src/stm32f7xx_hal_can.o
 .debug_loc     0x0000000000000c03      0x57e Drivers/STM32F7xx_HAL_Driver/Src/stm32f7xx_hal_cortex.o
 .debug_loc     0x0000000000001181      0xca2 Drivers/STM32F7xx_HAL_Driver/Src/stm32f7xx_hal_eth.o
 .debug_loc     0x0000000000001e23      0x363 Drivers/STM32F7xx_HAL_Driver/Src/stm32f7xx_hal_gpio.o
 .debug_loc     0x0000000000002186      0xb94 Drivers/STM32F7xx_HAL_Driver/Src/stm32f7xx_hal_pcd.o
 .debug_loc     0x0000000000002d1a      0x14d Drivers/STM32F7xx_HAL_Driver/Src/stm32f7xx_hal_pcd_ex.o
 .debug_loc     0x0000000000002e67       0xae Drivers/STM32F7xx_HAL_Driver/Src/stm32f7xx_hal_pwr.o
 .debug_loc     0x0000000000002f15      0x1c2 Drivers/STM32F7xx_HAL_Driver/Src/stm32f7xx_hal_pwr_ex.o
 .debug_loc     0x00000000000030d7      0x41a Drivers/STM32F7xx_HAL_Driver/Src/stm32f7xx_hal_rcc.o
 .debug_loc     0x00000000000034f1      0x5dc Drivers/STM32F7xx_HAL_Driver/Src/stm32f7xx_hal_rcc_ex.o
 .debug_loc     0x0000000000003acd     0x32c7 Drivers/STM32F7xx_HAL_Driver/Src/stm32f7xx_hal_tim.o
 .debug_loc     0x0000000000006d94      0xe64 Drivers/STM32F7xx_HAL_Driver/Src/stm32f7xx_hal_tim_ex.o
 .debug_loc     0x0000000000007bf8     0x14de Drivers/STM32F7xx_HAL_Driver/Src/stm32f7xx_hal_uart.o
 .debug_loc     0x00000000000090d6     0x1c54 Drivers/STM32F7xx_HAL_Driver/Src/stm32f7xx_ll_usb.o
 .debug_loc     0x000000000000ad2a      0x1ad Src/stm32f7xx_hal_msp.o
 .debug_loc     0x000000000000aed7      0x11c Src/system_stm32f7xx.o
 .debug_loc     0x000000000000aff3       0xed Src/timeout.o

.debug_aranges  0x0000000000000000      0xef8
 .debug_aranges
                0x0000000000000000      0x108 Drivers/STM32F7xx_HAL_Driver/Src/stm32f7xx_hal.o
 .debug_aranges
                0x0000000000000108       0xc8 Drivers/STM32F7xx_HAL_Driver/Src/stm32f7xx_hal_can.o
 .debug_aranges
                0x00000000000001d0       0xa8 Drivers/STM32F7xx_HAL_Driver/Src/stm32f7xx_hal_cortex.o
 .debug_aranges
                0x0000000000000278       0xa8 Drivers/STM32F7xx_HAL_Driver/Src/stm32f7xx_hal_eth.o
 .debug_aranges
                0x0000000000000320       0x58 Drivers/STM32F7xx_HAL_Driver/Src/stm32f7xx_hal_gpio.o
 .debug_aranges
                0x0000000000000378       0xc0 Drivers/STM32F7xx_HAL_Driver/Src/stm32f7xx_hal_pcd.o
 .debug_aranges
                0x0000000000000438       0x40 Drivers/STM32F7xx_HAL_Driver/Src/stm32f7xx_hal_pcd_ex.o
 .debug_aranges
                0x0000000000000478       0xa0 Drivers/STM32F7xx_HAL_Driver/Src/stm32f7xx_hal_pwr.o
 .debug_aranges
                0x0000000000000518       0x80 Drivers/STM32F7xx_HAL_Driver/Src/stm32f7xx_hal_pwr_ex.o
 .debug_aranges
                0x0000000000000598       0x88 Drivers/STM32F7xx_HAL_Driver/Src/stm32f7xx_hal_rcc.o
 .debug_aranges
                0x0000000000000620       0x50 Drivers/STM32F7xx_HAL_Driver/Src/stm32f7xx_hal_rcc_ex.o
 .debug_aranges
                0x0000000000000670      0x288 Drivers/STM32F7xx_HAL_Driver/Src/stm32f7xx_hal_tim.o
 .debug_aranges
                0x00000000000008f8      0x108 Drivers/STM32F7xx_HAL_Driver/Src/stm32f7xx_hal_tim_ex.o
 .debug_aranges
                0x0000000000000a00      0x1b8 Drivers/STM32F7xx_HAL_Driver/Src/stm32f7xx_hal_uart.o
 .debug_aranges
                0x0000000000000bb8      0x198 Drivers/STM32F7xx_HAL_Driver/Src/stm32f7xx_ll_usb.o
 .debug_aranges
                0x0000000000000d50       0x40 Src/main.o
 .debug_aranges
                0x0000000000000d90       0x70 Src/stm32f7xx_hal_msp.o
 .debug_aranges
                0x0000000000000e00       0x58 Src/stm32f7xx_it.o
 .debug_aranges
                0x0000000000000e58       0x28 Src/system_stm32f7xx.o
 .debug_aranges
                0x0000000000000e80       0x50 Src/timeout.o
 .debug_aranges
                0x0000000000000ed0       0x28 startup/startup_stm32f767xx.o

.debug_ranges   0x0000000000000000     0x1390
 .debug_ranges  0x0000000000000000       0xf8 Drivers/STM32F7xx_HAL_Driver/Src/stm32f7xx_hal.o
 .debug_ranges  0x00000000000000f8       0xb8 Drivers/STM32F7xx_HAL_Driver/Src/stm32f7xx_hal_can.o
 .debug_ranges  0x00000000000001b0      0x138 Drivers/STM32F7xx_HAL_Driver/Src/stm32f7xx_hal_cortex.o
 .debug_ranges  0x00000000000002e8      0x158 Drivers/STM32F7xx_HAL_Driver/Src/stm32f7xx_hal_eth.o
 .debug_ranges  0x0000000000000440       0x70 Drivers/STM32F7xx_HAL_Driver/Src/stm32f7xx_hal_gpio.o
 .debug_ranges  0x00000000000004b0       0xe8 Drivers/STM32F7xx_HAL_Driver/Src/stm32f7xx_hal_pcd.o
 .debug_ranges  0x0000000000000598       0x30 Drivers/STM32F7xx_HAL_Driver/Src/stm32f7xx_hal_pcd_ex.o
 .debug_ranges  0x00000000000005c8       0x90 Drivers/STM32F7xx_HAL_Driver/Src/stm32f7xx_hal_pwr.o
 .debug_ranges  0x0000000000000658       0xe8 Drivers/STM32F7xx_HAL_Driver/Src/stm32f7xx_hal_pwr_ex.o
 .debug_ranges  0x0000000000000740       0xf0 Drivers/STM32F7xx_HAL_Driver/Src/stm32f7xx_hal_rcc.o
 .debug_ranges  0x0000000000000830       0x58 Drivers/STM32F7xx_HAL_Driver/Src/stm32f7xx_hal_rcc_ex.o
 .debug_ranges  0x0000000000000888      0x358 Drivers/STM32F7xx_HAL_Driver/Src/stm32f7xx_hal_tim.o
 .debug_ranges  0x0000000000000be0       0xf8 Drivers/STM32F7xx_HAL_Driver/Src/stm32f7xx_hal_tim_ex.o
 .debug_ranges  0x0000000000000cd8      0x1c0 Drivers/STM32F7xx_HAL_Driver/Src/stm32f7xx_hal_uart.o
 .debug_ranges  0x0000000000000e98      0x1a8 Drivers/STM32F7xx_HAL_Driver/Src/stm32f7xx_ll_usb.o
 .debug_ranges  0x0000000000001040      0x148 Src/main.o
 .debug_ranges  0x0000000000001188      0x148 Src/stm32f7xx_hal_msp.o
 .debug_ranges  0x00000000000012d0       0x48 Src/stm32f7xx_it.o
 .debug_ranges  0x0000000000001318       0x18 Src/system_stm32f7xx.o
 .debug_ranges  0x0000000000001330       0x40 Src/timeout.o
 .debug_ranges  0x0000000000001370       0x20 startup/startup_stm32f767xx.o

.debug_line     0x0000000000000000     0x7aef
 .debug_line    0x0000000000000000      0x43a Drivers/STM32F7xx_HAL_Driver/Src/stm32f7xx_hal.o
 .debug_line    0x000000000000043a      0x620 Drivers/STM32F7xx_HAL_Driver/Src/stm32f7xx_hal_can.o
 .debug_line    0x0000000000000a5a      0x45d Drivers/STM32F7xx_HAL_Driver/Src/stm32f7xx_hal_cortex.o
 .debug_line    0x0000000000000eb7      0x99e Drivers/STM32F7xx_HAL_Driver/Src/stm32f7xx_hal_eth.o
 .debug_line    0x0000000000001855      0x40b Drivers/STM32F7xx_HAL_Driver/Src/stm32f7xx_hal_gpio.o
 .debug_line    0x0000000000001c60      0x750 Drivers/STM32F7xx_HAL_Driver/Src/stm32f7xx_hal_pcd.o
 .debug_line    0x00000000000023b0      0x29f Drivers/STM32F7xx_HAL_Driver/Src/stm32f7xx_hal_pcd_ex.o
 .debug_line    0x000000000000264f      0x371 Drivers/STM32F7xx_HAL_Driver/Src/stm32f7xx_hal_pwr.o
 .debug_line    0x00000000000029c0      0x375 Drivers/STM32F7xx_HAL_Driver/Src/stm32f7xx_hal_pwr_ex.o
 .debug_line    0x0000000000002d35      0x5cb Drivers/STM32F7xx_HAL_Driver/Src/stm32f7xx_hal_rcc.o
 .debug_line    0x0000000000003300      0x464 Drivers/STM32F7xx_HAL_Driver/Src/stm32f7xx_hal_rcc_ex.o
 .debug_line    0x0000000000003764     0x13a3 Drivers/STM32F7xx_HAL_Driver/Src/stm32f7xx_hal_tim.o
 .debug_line    0x0000000000004b07      0x818 Drivers/STM32F7xx_HAL_Driver/Src/stm32f7xx_hal_tim_ex.o
 .debug_line    0x000000000000531f      0xdfd Drivers/STM32F7xx_HAL_Driver/Src/stm32f7xx_hal_uart.o
 .debug_line    0x000000000000611c      0x963 Drivers/STM32F7xx_HAL_Driver/Src/stm32f7xx_ll_usb.o
 .debug_line    0x0000000000006a7f      0x493 Src/main.o
 .debug_line    0x0000000000006f12      0x431 Src/stm32f7xx_hal_msp.o
 .debug_line    0x0000000000007343      0x2a5 Src/stm32f7xx_it.o
 .debug_line    0x00000000000075e8      0x1f4 Src/system_stm32f7xx.o
 .debug_line    0x00000000000077dc      0x295 Src/timeout.o
 .debug_line    0x0000000000007a71       0x7e startup/startup_stm32f767xx.o

.debug_str      0x0000000000000000     0x67a2
 .debug_str     0x0000000000000000      0xd34 Drivers/STM32F7xx_HAL_Driver/Src/stm32f7xx_hal.o
                                        0xd98 (size before relaxing)
 .debug_str     0x0000000000000d34      0x7b3 Drivers/STM32F7xx_HAL_Driver/Src/stm32f7xx_hal_can.o
                                        0xb31 (size before relaxing)
 .debug_str     0x00000000000014e7      0x567 Drivers/STM32F7xx_HAL_Driver/Src/stm32f7xx_hal_cortex.o
                                        0xf1f (size before relaxing)
 .debug_str     0x0000000000001a4e      0xb5d Drivers/STM32F7xx_HAL_Driver/Src/stm32f7xx_hal_eth.o
                                        0xfe2 (size before relaxing)
 .debug_str     0x00000000000025ab      0x195 Drivers/STM32F7xx_HAL_Driver/Src/stm32f7xx_hal_gpio.o
                                        0x5e3 (size before relaxing)
 .debug_str     0x0000000000002740      0xb00 Drivers/STM32F7xx_HAL_Driver/Src/stm32f7xx_hal_pcd.o
                                        0xe4d (size before relaxing)
 .debug_str     0x0000000000003240      0x168 Drivers/STM32F7xx_HAL_Driver/Src/stm32f7xx_hal_pcd_ex.o
                                        0x837 (size before relaxing)
 .debug_str     0x00000000000033a8      0x22e Drivers/STM32F7xx_HAL_Driver/Src/stm32f7xx_hal_pwr.o
                                        0x723 (size before relaxing)
 .debug_str     0x00000000000035d6      0x1dc Drivers/STM32F7xx_HAL_Driver/Src/stm32f7xx_hal_pwr_ex.o
                                        0x732 (size before relaxing)
 .debug_str     0x00000000000037b2      0x2fc Drivers/STM32F7xx_HAL_Driver/Src/stm32f7xx_hal_rcc.o
                                        0x7d5 (size before relaxing)
 .debug_str     0x0000000000003aae      0x3fb Drivers/STM32F7xx_HAL_Driver/Src/stm32f7xx_hal_rcc_ex.o
                                        0x81f (size before relaxing)
 .debug_str     0x0000000000003ea9     0x125b Drivers/STM32F7xx_HAL_Driver/Src/stm32f7xx_hal_tim.o
                                       0x1622 (size before relaxing)
 .debug_str     0x0000000000005104      0x644 Drivers/STM32F7xx_HAL_Driver/Src/stm32f7xx_hal_tim_ex.o
                                        0xf34 (size before relaxing)
 .debug_str     0x0000000000005748      0x917 Drivers/STM32F7xx_HAL_Driver/Src/stm32f7xx_hal_uart.o
                                       0x1039 (size before relaxing)
 .debug_str     0x000000000000605f      0x42f Drivers/STM32F7xx_HAL_Driver/Src/stm32f7xx_ll_usb.o
                                        0xd65 (size before relaxing)
 .debug_str     0x000000000000648e      0x147 Src/main.o
                                       0x1d1c (size before relaxing)
 .debug_str     0x00000000000065d5       0x25 Src/stm32f7xx_hal_msp.o
                                       0x1bc7 (size before relaxing)
 .debug_str     0x00000000000065fa       0xca Src/stm32f7xx_it.o
                                        0xa5a (size before relaxing)
 .debug_str     0x00000000000066c4       0x45 Src/system_stm32f7xx.o
                                        0x510 (size before relaxing)
 .debug_str     0x0000000000006709       0x99 Src/timeout.o
                                        0x835 (size before relaxing)

.comment        0x0000000000000000       0x7c
 .comment       0x0000000000000000       0x7c Drivers/STM32F7xx_HAL_Driver/Src/stm32f7xx_hal.o
                                         0x7d (size before relaxing)
 .comment       0x000000000000007c       0x7d Drivers/STM32F7xx_HAL_Driver/Src/stm32f7xx_hal_can.o
 .comment       0x000000000000007c       0x7d Drivers/STM32F7xx_HAL_Driver/Src/stm32f7xx_hal_cortex.o
 .comment       0x000000000000007c       0x7d Drivers/STM32F7xx_HAL_Driver/Src/stm32f7xx_hal_eth.o
 .comment       0x000000000000007c       0x7d Drivers/STM32F7xx_HAL_Driver/Src/stm32f7xx_hal_gpio.o
 .comment       0x000000000000007c       0x7d Drivers/STM32F7xx_HAL_Driver/Src/stm32f7xx_hal_pcd.o
 .comment       0x000000000000007c       0x7d Drivers/STM32F7xx_HAL_Driver/Src/stm32f7xx_hal_pcd_ex.o
 .comment       0x000000000000007c       0x7d Drivers/STM32F7xx_HAL_Driver/Src/stm32f7xx_hal_pwr.o
 .comment       0x000000000000007c       0x7d Drivers/STM32F7xx_HAL_Driver/Src/stm32f7xx_hal_pwr_ex.o
 .comment       0x000000000000007c       0x7d Drivers/STM32F7xx_HAL_Driver/Src/stm32f7xx_hal_rcc.o
 .comment       0x000000000000007c       0x7d Drivers/STM32F7xx_HAL_Driver/Src/stm32f7xx_hal_rcc_ex.o
 .comment       0x000000000000007c       0x7d Drivers/STM32F7xx_HAL_Driver/Src/stm32f7xx_hal_tim.o
 .comment       0x000000000000007c       0x7d Drivers/STM32F7xx_HAL_Driver/Src/stm32f7xx_hal_tim_ex.o
 .comment       0x000000000000007c       0x7d Drivers/STM32F7xx_HAL_Driver/Src/stm32f7xx_hal_uart.o
 .comment       0x000000000000007c       0x7d Drivers/STM32F7xx_HAL_Driver/Src/stm32f7xx_ll_usb.o
 .comment       0x000000000000007c       0x7d Src/main.o
 .comment       0x000000000000007c       0x7d Src/stm32f7xx_hal_msp.o
 .comment       0x000000000000007c       0x7d Src/stm32f7xx_it.o
 .comment       0x000000000000007c       0x7d Src/system_stm32f7xx.o
 .comment       0x000000000000007c       0x7d Src/timeout.o

.debug_frame    0x0000000000000000     0x2c30
 .debug_frame   0x0000000000000000      0x234 Drivers/STM32F7xx_HAL_Driver/Src/stm32f7xx_hal.o
 .debug_frame   0x0000000000000234      0x2cc Drivers/STM32F7xx_HAL_Driver/Src/stm32f7xx_hal_can.o
 .debug_frame   0x0000000000000500      0x158 Drivers/STM32F7xx_HAL_Driver/Src/stm32f7xx_hal_cortex.o
 .debug_frame   0x0000000000000658      0x254 Drivers/STM32F7xx_HAL_Driver/Src/stm32f7xx_hal_eth.o
 .debug_frame   0x00000000000008ac       0xd8 Drivers/STM32F7xx_HAL_Driver/Src/stm32f7xx_hal_gpio.o
 .debug_frame   0x0000000000000984      0x2c4 Drivers/STM32F7xx_HAL_Driver/Src/stm32f7xx_hal_pcd.o
 .debug_frame   0x0000000000000c48       0x7c Drivers/STM32F7xx_HAL_Driver/Src/stm32f7xx_hal_pcd_ex.o
 .debug_frame   0x0000000000000cc4      0x130 Drivers/STM32F7xx_HAL_Driver/Src/stm32f7xx_hal_pwr.o
 .debug_frame   0x0000000000000df4      0x13c Drivers/STM32F7xx_HAL_Driver/Src/stm32f7xx_hal_pwr_ex.o
 .debug_frame   0x0000000000000f30      0x148 Drivers/STM32F7xx_HAL_Driver/Src/stm32f7xx_hal_rcc.o
 .debug_frame   0x0000000000001078       0xcc Drivers/STM32F7xx_HAL_Driver/Src/stm32f7xx_hal_rcc_ex.o
 .debug_frame   0x0000000000001144      0x95c Drivers/STM32F7xx_HAL_Driver/Src/stm32f7xx_hal_tim.o
 .debug_frame   0x0000000000001aa0      0x3a8 Drivers/STM32F7xx_HAL_Driver/Src/stm32f7xx_hal_tim_ex.o
 .debug_frame   0x0000000000001e48      0x58c Drivers/STM32F7xx_HAL_Driver/Src/stm32f7xx_hal_uart.o
 .debug_frame   0x00000000000023d4      0x45c Drivers/STM32F7xx_HAL_Driver/Src/stm32f7xx_ll_usb.o
 .debug_frame   0x0000000000002830       0x90 Src/main.o
 .debug_frame   0x00000000000028c0      0x134 Src/stm32f7xx_hal_msp.o
 .debug_frame   0x00000000000029f4       0xc0 Src/stm32f7xx_it.o
 .debug_frame   0x0000000000002ab4       0x38 Src/system_stm32f7xx.o
 .debug_frame   0x0000000000002aec       0x98 Src/timeout.o
 .debug_frame   0x0000000000002b84       0x2c /opt/Atollic_TrueSTUDIO_for_STM32_x86_64_9.3.0/ARMTools/bin/../lib/gcc/arm-atollic-eabi/6.3.1/../../../../arm-atollic-eabi/lib/armv7e-m/fpu/fpv5-d16/libc_nano.a(lib_a-init.o)
 .debug_frame   0x0000000000002bb0       0x20 /opt/Atollic_TrueSTUDIO_for_STM32_x86_64_9.3.0/ARMTools/bin/../lib/gcc/arm-atollic-eabi/6.3.1/../../../../arm-atollic-eabi/lib/armv7e-m/fpu/fpv5-d16/libc_nano.a(lib_a-memset.o)
 .debug_frame   0x0000000000002bd0       0x2c /opt/Atollic_TrueSTUDIO_for_STM32_x86_64_9.3.0/ARMTools/bin/../lib/gcc/arm-atollic-eabi/6.3.1/armv7e-m/fpu/fpv5-d16/libgcc.a(_aeabi_uldivmod.o)
 .debug_frame   0x0000000000002bfc       0x34 /opt/Atollic_TrueSTUDIO_for_STM32_x86_64_9.3.0/ARMTools/bin/../lib/gcc/arm-atollic-eabi/6.3.1/armv7e-m/fpu/fpv5-d16/libgcc.a(_udivmoddi4.o)
