stm32f7xx_hal_msp.c:64:6:HAL_MspInit	8	static
stm32f7xx_hal_msp.c:86:6:HAL_CAN_MspInit	40	static
stm32f7xx_hal_msp.c:125:6:HAL_CAN_MspDeInit	8	static
stm32f7xx_hal_msp.c:156:6:HAL_ETH_MspInit	72	static
stm32f7xx_hal_msp.c:223:6:HAL_ETH_MspDeInit	8	static
stm32f7xx_hal_msp.c:265:6:HAL_TIM_Base_MspInit	16	static
stm32f7xx_hal_msp.c:290:6:HAL_TIM_Base_MspDeInit	0	static
stm32f7xx_hal_msp.c:315:6:HAL_UART_MspInit	40	static
stm32f7xx_hal_msp.c:351:6:HAL_UART_MspDeInit	0	static
stm32f7xx_hal_msp.c:380:6:HAL_PCD_MspInit	40	static
stm32f7xx_hal_msp.c:424:6:HAL_PCD_MspDeInit	0	static
