Archive member included to satisfy reference by file (symbol)

/opt/Atollic_TrueSTUDIO_for_STM32_x86_64_9.3.0/ARMTools/bin/../lib/gcc/arm-atollic-eabi/6.3.1/../../../../arm-atollic-eabi/lib/armv7e-m/fpu/fpv5-d16/libc_nano.a(lib_a-errno.o)
                              Src/syscalls.o (__errno)
/opt/Atollic_TrueSTUDIO_for_STM32_x86_64_9.3.0/ARMTools/bin/../lib/gcc/arm-atollic-eabi/6.3.1/../../../../arm-atollic-eabi/lib/armv7e-m/fpu/fpv5-d16/libc_nano.a(lib_a-impure.o)
                              /opt/Atollic_TrueSTUDIO_for_STM32_x86_64_9.3.0/ARMTools/bin/../lib/gcc/arm-atollic-eabi/6.3.1/../../../../arm-atollic-eabi/lib/armv7e-m/fpu/fpv5-d16/libc_nano.a(lib_a-errno.o) (_impure_ptr)
/opt/Atollic_TrueSTUDIO_for_STM32_x86_64_9.3.0/ARMTools/bin/../lib/gcc/arm-atollic-eabi/6.3.1/../../../../arm-atollic-eabi/lib/armv7e-m/fpu/fpv5-d16/libc_nano.a(lib_a-init.o)
                              startup/startup_stm32f767xx.o (__libc_init_array)
/opt/Atollic_TrueSTUDIO_for_STM32_x86_64_9.3.0/ARMTools/bin/../lib/gcc/arm-atollic-eabi/6.3.1/../../../../arm-atollic-eabi/lib/armv7e-m/fpu/fpv5-d16/libc_nano.a(lib_a-memset.o)
                              Src/main.o (memset)
/opt/Atollic_TrueSTUDIO_for_STM32_x86_64_9.3.0/ARMTools/bin/../lib/gcc/arm-atollic-eabi/6.3.1/armv7e-m/fpu/fpv5-d16/libgcc.a(_aeabi_uldivmod.o)
                              Drivers/STM32F7xx_HAL_Driver/Src/stm32f7xx_hal_rcc.o (__aeabi_uldivmod)
/opt/Atollic_TrueSTUDIO_for_STM32_x86_64_9.3.0/ARMTools/bin/../lib/gcc/arm-atollic-eabi/6.3.1/armv7e-m/fpu/fpv5-d16/libgcc.a(_udivmoddi4.o)
                              /opt/Atollic_TrueSTUDIO_for_STM32_x86_64_9.3.0/ARMTools/bin/../lib/gcc/arm-atollic-eabi/6.3.1/armv7e-m/fpu/fpv5-d16/libgcc.a(_aeabi_uldivmod.o) (__udivmoddi4)
/opt/Atollic_TrueSTUDIO_for_STM32_x86_64_9.3.0/ARMTools/bin/../lib/gcc/arm-atollic-eabi/6.3.1/armv7e-m/fpu/fpv5-d16/libgcc.a(_dvmd_tls.o)
                              /opt/Atollic_TrueSTUDIO_for_STM32_x86_64_9.3.0/ARMTools/bin/../lib/gcc/arm-atollic-eabi/6.3.1/armv7e-m/fpu/fpv5-d16/libgcc.a(_aeabi_uldivmod.o) (__aeabi_ldiv0)

Allocating common symbols
Common symbol       size              file

huart3              0x80              Src/main.o
hpcd_USB_OTG_FS     0x404             Src/main.o
uwTick              0x4               Drivers/STM32F7xx_HAL_Driver/Src/stm32f7xx_hal.o
pFlash              0x1c              Drivers/STM32F7xx_HAL_Driver/Src/stm32f7xx_hal_flash.o
hadc1               0x48              Src/main.o
heth                0x48              Src/main.o

Discarded input sections

 .text          0x0000000000000000        0x0 /opt/Atollic_TrueSTUDIO_for_STM32_x86_64_9.3.0/ARMTools/bin/../lib/gcc/arm-atollic-eabi/6.3.1/armv7e-m/fpu/fpv5-d16/crti.o
 .data          0x0000000000000000        0x0 /opt/Atollic_TrueSTUDIO_for_STM32_x86_64_9.3.0/ARMTools/bin/../lib/gcc/arm-atollic-eabi/6.3.1/armv7e-m/fpu/fpv5-d16/crti.o
 .bss           0x0000000000000000        0x0 /opt/Atollic_TrueSTUDIO_for_STM32_x86_64_9.3.0/ARMTools/bin/../lib/gcc/arm-atollic-eabi/6.3.1/armv7e-m/fpu/fpv5-d16/crti.o
 .data          0x0000000000000000        0x4 /opt/Atollic_TrueSTUDIO_for_STM32_x86_64_9.3.0/ARMTools/bin/../lib/gcc/arm-atollic-eabi/6.3.1/armv7e-m/fpu/fpv5-d16/crtbegin.o
 .text          0x0000000000000000        0x0 Drivers/STM32F7xx_HAL_Driver/Src/stm32f7xx_hal.o
 .data          0x0000000000000000        0x0 Drivers/STM32F7xx_HAL_Driver/Src/stm32f7xx_hal.o
 .bss           0x0000000000000000        0x0 Drivers/STM32F7xx_HAL_Driver/Src/stm32f7xx_hal.o
 .text.HAL_MspInit
                0x0000000000000000        0x2 Drivers/STM32F7xx_HAL_Driver/Src/stm32f7xx_hal.o
 .text.HAL_MspDeInit
                0x0000000000000000        0x2 Drivers/STM32F7xx_HAL_Driver/Src/stm32f7xx_hal.o
 .text.HAL_DeInit
                0x0000000000000000       0x2c Drivers/STM32F7xx_HAL_Driver/Src/stm32f7xx_hal.o
 .text.HAL_GetTickPrio
                0x0000000000000000        0xc Drivers/STM32F7xx_HAL_Driver/Src/stm32f7xx_hal.o
 .text.HAL_SetTickFreq
                0x0000000000000000       0x28 Drivers/STM32F7xx_HAL_Driver/Src/stm32f7xx_hal.o
 .text.HAL_GetTickFreq
                0x0000000000000000        0xc Drivers/STM32F7xx_HAL_Driver/Src/stm32f7xx_hal.o
 .text.HAL_SuspendTick
                0x0000000000000000       0x10 Drivers/STM32F7xx_HAL_Driver/Src/stm32f7xx_hal.o
 .text.HAL_ResumeTick
                0x0000000000000000       0x10 Drivers/STM32F7xx_HAL_Driver/Src/stm32f7xx_hal.o
 .text.HAL_GetHalVersion
                0x0000000000000000        0x8 Drivers/STM32F7xx_HAL_Driver/Src/stm32f7xx_hal.o
 .text.HAL_GetREVID
                0x0000000000000000        0xc Drivers/STM32F7xx_HAL_Driver/Src/stm32f7xx_hal.o
 .text.HAL_GetDEVID
                0x0000000000000000       0x10 Drivers/STM32F7xx_HAL_Driver/Src/stm32f7xx_hal.o
 .text.HAL_GetUIDw0
                0x0000000000000000        0xc Drivers/STM32F7xx_HAL_Driver/Src/stm32f7xx_hal.o
 .text.HAL_GetUIDw1
[...]
Memory Configuration

Name             Origin             Length             Attributes
RAM              0x0000000020000000 0x0000000000080000 xrw
FLASH            0x0000000008000000 0x0000000000200000 xr
*default*        0x0000000000000000 0xffffffffffffffff

Linker script and memory map

LOAD /opt/Atollic_TrueSTUDIO_for_STM32_x86_64_9.3.0/ARMTools/bin/../lib/gcc/arm-atollic-eabi/6.3.1/armv7e-m/fpu/fpv5-d16/crti.o
LOAD /opt/Atollic_TrueSTUDIO_for_STM32_x86_64_9.3.0/ARMTools/bin/../lib/gcc/arm-atollic-eabi/6.3.1/armv7e-m/fpu/fpv5-d16/crtbegin.o
LOAD Drivers/STM32F7xx_HAL_Driver/Src/stm32f7xx_hal.o
LOAD Drivers/STM32F7xx_HAL_Driver/Src/stm32f7xx_hal_adc.o
LOAD Drivers/STM32F7xx_HAL_Driver/Src/stm32f7xx_hal_adc_ex.o
LOAD Drivers/STM32F7xx_HAL_Driver/Src/stm32f7xx_hal_cortex.o
LOAD Drivers/STM32F7xx_HAL_Driver/Src/stm32f7xx_hal_dma.o
LOAD Drivers/STM32F7xx_HAL_Driver/Src/stm32f7xx_hal_dma_ex.o
LOAD Drivers/STM32F7xx_HAL_Driver/Src/stm32f7xx_hal_eth.o
LOAD Drivers/STM32F7xx_HAL_Driver/Src/stm32f7xx_hal_exti.o
LOAD Drivers/STM32F7xx_HAL_Driver/Src/stm32f7xx_hal_flash.o
LOAD Drivers/STM32F7xx_HAL_Driver/Src/stm32f7xx_hal_flash_ex.o
LOAD Drivers/STM32F7xx_HAL_Driver/Src/stm32f7xx_hal_gpio.o
LOAD Drivers/STM32F7xx_HAL_Driver/Src/stm32f7xx_hal_i2c.o
LOAD Drivers/STM32F7xx_HAL_Driver/Src/stm32f7xx_hal_i2c_ex.o
LOAD Drivers/STM32F7xx_HAL_Driver/Src/stm32f7xx_hal_pcd.o
LOAD Drivers/STM32F7xx_HAL_Driver/Src/stm32f7xx_hal_pcd_ex.o
LOAD Drivers/STM32F7xx_HAL_Driver/Src/stm32f7xx_hal_pwr.o
LOAD Drivers/STM32F7xx_HAL_Driver/Src/stm32f7xx_hal_pwr_ex.o
LOAD Drivers/STM32F7xx_HAL_Driver/Src/stm32f7xx_hal_rcc.o
LOAD Drivers/STM32F7xx_HAL_Driver/Src/stm32f7xx_hal_rcc_ex.o
LOAD Drivers/STM32F7xx_HAL_Driver/Src/stm32f7xx_hal_tim.o
LOAD Drivers/STM32F7xx_HAL_Driver/Src/stm32f7xx_hal_tim_ex.o
LOAD Drivers/STM32F7xx_HAL_Driver/Src/stm32f7xx_hal_uart.o
LOAD Drivers/STM32F7xx_HAL_Driver/Src/stm32f7xx_hal_uart_ex.o
LOAD Drivers/STM32F7xx_HAL_Driver/Src/stm32f7xx_ll_usb.o
LOAD Src/main.o
LOAD Src/stm32f7xx_hal_msp.o
LOAD Src/stm32f7xx_it.o
LOAD Src/syscalls.o
LOAD Src/system_stm32f7xx.o
LOAD startup/startup_stm32f767xx.o
                0x0000000000000080                malloc_getpagesize_P = 0x80
START GROUP
LOAD /opt/Atollic_TrueSTUDIO_for_STM32_x86_64_9.3.0/ARMTools/bin/../lib/gcc/arm-atollic-eabi/6.3.1/../../../../arm-atollic-eabi/lib/armv7e-m/fpu/fpv5-d16/libc_nano.a
LOAD /opt/Atollic_TrueSTUDIO_for_STM32_x86_64_9.3.0/ARMTools/bin/../lib/gcc/arm-atollic-eabi/6.3.1/../../../../arm-atollic-eabi/lib/armv7e-m/fpu/fpv5-d16/libm.a
END GROUP
START GROUP
LOAD /opt/Atollic_TrueSTUDIO_for_STM32_x86_64_9.3.0/ARMTools/bin/../lib/gcc/arm-atollic-eabi/6.3.1/armv7e-m/fpu/fpv5-d16/libgcc.a
LOAD /opt/Atollic_TrueSTUDIO_for_STM32_x86_64_9.3.0/ARMTools/bin/../lib/gcc/arm-atollic-eabi/6.3.1/../../../../arm-atollic-eabi/lib/armv7e-m/fpu/fpv5-d16/libc_nano.a
END GROUP
START GROUP
LOAD /opt/Atollic_TrueSTUDIO_for_STM32_x86_64_9.3.0/ARMTools/bin/../lib/gcc/arm-atollic-eabi/6.3.1/armv7e-m/fpu/fpv5-d16/libgcc.a
LOAD /opt/Atollic_TrueSTUDIO_for_STM32_x86_64_9.3.0/ARMTools/bin/../lib/gcc/arm-atollic-eabi/6.3.1/../../../../arm-atollic-eabi/lib/armv7e-m/fpu/fpv5-d16/libc_nano.a
LOAD /opt/Atollic_TrueSTUDIO_for_STM32_x86_64_9.3.0/ARMTools/bin/../lib/gcc/arm-atollic-eabi/6.3.1/../../../../arm-atollic-eabi/lib/armv7e-m/fpu/fpv5-d16/libnosys.a
END GROUP
START GROUP
LOAD /opt/Atollic_TrueSTUDIO_for_STM32_x86_64_9.3.0/ARMTools/bin/../lib/gcc/arm-atollic-eabi/6.3.1/armv7e-m/fpu/fpv5-d16/libgcc.a
LOAD /opt/Atollic_TrueSTUDIO_for_STM32_x86_64_9.3.0/ARMTools/bin/../lib/gcc/arm-atollic-eabi/6.3.1/../../../../arm-atollic-eabi/lib/armv7e-m/fpu/fpv5-d16/libc_nano.a
LOAD /opt/Atollic_TrueSTUDIO_for_STM32_x86_64_9.3.0/ARMTools/bin/../lib/gcc/arm-atollic-eabi/6.3.1/../../../../arm-atollic-eabi/lib/armv7e-m/fpu/fpv5-d16/libnosys.a
END GROUP
LOAD /opt/Atollic_TrueSTUDIO_for_STM32_x86_64_9.3.0/ARMTools/bin/../lib/gcc/arm-atollic-eabi/6.3.1/armv7e-m/fpu/fpv5-d16/crtend.o
LOAD /opt/Atollic_TrueSTUDIO_for_STM32_x86_64_9.3.0/ARMTools/bin/../lib/gcc/arm-atollic-eabi/6.3.1/armv7e-m/fpu/fpv5-d16/crtn.o
                0x0000000020080000                _estack = 0x20080000
                0x0000000000000200                _Min_Heap_Size = 0x200
                0x0000000000000400                _Min_Stack_Size = 0x400

.isr_vector     0x0000000008000000      0x1f8
                0x0000000008000000                . = ALIGN (0x4)
 *(.isr_vector)
 .isr_vector    0x0000000008000000      0x1f8 startup/startup_stm32f767xx.o
                0x0000000008000000                g_pfnVectors
                0x00000000080001f8                . = ALIGN (0x4)

.text           0x00000000080001f8     0x26f4
                0x00000000080001f8                . = ALIGN (0x4)
 *(.text)
 .text          0x00000000080001f8       0x40 /opt/Atollic_TrueSTUDIO_for_STM32_x86_64_9.3.0/ARMTools/bin/../lib/gcc/arm-atollic-eabi/6.3.1/armv7e-m/fpu/fpv5-d16/crtbegin.o
 .text          0x0000000008000238       0x30 /opt/Atollic_TrueSTUDIO_for_STM32_x86_64_9.3.0/ARMTools/bin/../lib/gcc/arm-atollic-eabi/6.3.1/armv7e-m/fpu/fpv5-d16/libgcc.a(_aeabi_uldivmod.o)
                0x0000000008000238                __aeabi_uldivmod
 .text          0x0000000008000268      0x2dc /opt/Atollic_TrueSTUDIO_for_STM32_x86_64_9.3.0/ARMTools/bin/../lib/gcc/arm-atollic-eabi/6.3.1/armv7e-m/fpu/fpv5-d16/libgcc.a(_udivmoddi4.o)
                0x0000000008000268                __udivmoddi4
 .text          0x0000000008000544        0x4 /opt/Atollic_TrueSTUDIO_for_STM32_x86_64_9.3.0/ARMTools/bin/../lib/gcc/arm-atollic-eabi/6.3.1/armv7e-m/fpu/fpv5-d16/libgcc.a(_dvmd_tls.o)
                0x0000000008000544                __aeabi_ldiv0
                0x0000000008000544                __aeabi_idiv0
 *(.text*)
 .text.HAL_InitTick
                0x0000000008000548       0x48 Drivers/STM32F7xx_HAL_Driver/Src/stm32f7xx_hal.o
                0x0000000008000548                HAL_InitTick
 .text.HAL_Init
                0x0000000008000590       0x16 Drivers/STM32F7xx_HAL_Driver/Src/stm32f7xx_hal.o
                0x0000000008000590                HAL_Init
 *fill*         0x00000000080005a6        0x2 
 .text.HAL_IncTick
                0x00000000080005a8       0x18 Drivers/STM32F7xx_HAL_Driver/Src/stm32f7xx_hal.o
                0x00000000080005a8                HAL_IncTick
 .text.HAL_GetTick
                0x00000000080005c0        0xc Drivers/STM32F7xx_HAL_Driver/Src/stm32f7xx_hal.o
                0x00000000080005c0                HAL_GetTick
 .text.HAL_Delay
                0x00000000080005cc       0x24 Drivers/STM32F7xx_HAL_Driver/Src/stm32f7xx_hal.o
                0x00000000080005cc                HAL_Delay
 .text.HAL_ADC_Init
                0x00000000080005f0      0x14c Drivers/STM32F7xx_HAL_Driver/Src/stm32f7xx_hal_adc.o
                0x00000000080005f0                HAL_ADC_Init
 .text.HAL_ADC_ConfigChannel
                0x000000000800073c      0x154 Drivers/STM32F7xx_HAL_Driver/Src/stm32f7xx_hal_adc.o
                0x000000000800073c                HAL_ADC_ConfigChannel
 .text.HAL_NVIC_SetPriorityGrouping
                0x0000000008000890       0x24 Drivers/STM32F7xx_HAL_Driver/Src/stm32f7xx_hal_cortex.o
                0x0000000008000890                HAL_NVIC_SetPriorityGrouping
 .text.HAL_NVIC_SetPriority
                0x00000000080008b4       0x70 Drivers/STM32F7xx_HAL_Driver/Src/stm32f7xx_hal_cortex.o
                0x00000000080008b4                HAL_NVIC_SetPriority
 .text.HAL_SYSTICK_Config
                0x0000000008000924       0x2c Drivers/STM32F7xx_HAL_Driver/Src/stm32f7xx_hal_cortex.o
                0x0000000008000924                HAL_SYSTICK_Config
 .text.ETH_MACDMAConfig
                0x0000000008000950       0xf8 Drivers/STM32F7xx_HAL_Driver/Src/stm32f7xx_hal_eth.o
 .text.HAL_ETH_ReadPHYRegister
                0x0000000008000a48       0x74 Drivers/STM32F7xx_HAL_Driver/Src/stm32f7xx_hal_eth.o
                0x0000000008000a48                HAL_ETH_ReadPHYRegister
 .text.HAL_ETH_WritePHYRegister
                0x0000000008000abc       0x6e Drivers/STM32F7xx_HAL_Driver/Src/stm32f7xx_hal_eth.o
                0x0000000008000abc                HAL_ETH_WritePHYRegister
 *fill*         0x0000000008000b2a        0x2 
 .text.HAL_ETH_Init
                0x0000000008000b2c      0x1f4 Drivers/STM32F7xx_HAL_Driver/Src/stm32f7xx_hal_eth.o
                0x0000000008000b2c                HAL_ETH_Init
 .text.HAL_GPIO_Init
                0x0000000008000d20      0x1d4 Drivers/STM32F7xx_HAL_Driver/Src/stm32f7xx_hal_gpio.o
                0x0000000008000d20                HAL_GPIO_Init
 .text.HAL_GPIO_WritePin
                0x0000000008000ef4        0xa Drivers/STM32F7xx_HAL_Driver/Src/stm32f7xx_hal_gpio.o
                0x0000000008000ef4                HAL_GPIO_WritePin
 .text.HAL_GPIO_TogglePin
                0x0000000008000efe        0xc Drivers/STM32F7xx_HAL_Driver/Src/stm32f7xx_hal_gpio.o
                0x0000000008000efe                HAL_GPIO_TogglePin
 .text.HAL_PCD_Init
                0x0000000008000f0a      0x116 Drivers/STM32F7xx_HAL_Driver/Src/stm32f7xx_hal_pcd.o
                0x0000000008000f0a                HAL_PCD_Init
 .text.HAL_PCDEx_ActivateLPM
                0x0000000008001020       0x26 Drivers/STM32F7xx_HAL_Driver/Src/stm32f7xx_hal_pcd_ex.o
                0x0000000008001020                HAL_PCDEx_ActivateLPM
 *fill*         0x0000000008001046        0x2 
 .text.HAL_PWR_EnableBkUpAccess
                0x0000000008001048       0x10 Drivers/STM32F7xx_HAL_Driver/Src/stm32f7xx_hal_pwr.o
                0x0000000008001048                HAL_PWR_EnableBkUpAccess
 .text.HAL_PWREx_EnableOverDrive
                0x0000000008001058       0x70 Drivers/STM32F7xx_HAL_Driver/Src/stm32f7xx_hal_pwr_ex.o
                0x0000000008001058                HAL_PWREx_EnableOverDrive
 .text.HAL_RCC_OscConfig
                0x00000000080010c8      0x388 Drivers/STM32F7xx_HAL_Driver/Src/stm32f7xx_hal_rcc.o
                0x00000000080010c8                HAL_RCC_OscConfig
 .text.HAL_RCC_GetSysClockFreq
                0x0000000008001450       0x5c Drivers/STM32F7xx_HAL_Driver/Src/stm32f7xx_hal_rcc.o
                0x0000000008001450                HAL_RCC_GetSysClockFreq
 .text.HAL_RCC_ClockConfig
                0x00000000080014ac      0x140 Drivers/STM32F7xx_HAL_Driver/Src/stm32f7xx_hal_rcc.o
                0x00000000080014ac                HAL_RCC_ClockConfig
 .text.HAL_RCC_GetHCLKFreq
                0x00000000080015ec        0xc Drivers/STM32F7xx_HAL_Driver/Src/stm32f7xx_hal_rcc.o
                0x00000000080015ec                HAL_RCC_GetHCLKFreq
 .text.HAL_RCC_GetPCLK1Freq
                0x00000000080015f8       0x20 Drivers/STM32F7xx_HAL_Driver/Src/stm32f7xx_hal_rcc.o
                0x00000000080015f8                HAL_RCC_GetPCLK1Freq
 .text.HAL_RCC_GetPCLK2Freq
                0x0000000008001618       0x20 Drivers/STM32F7xx_HAL_Driver/Src/stm32f7xx_hal_rcc.o
                0x0000000008001618                HAL_RCC_GetPCLK2Freq
 .text.HAL_RCCEx_PeriphCLKConfig
                0x0000000008001638      0x55c Drivers/STM32F7xx_HAL_Driver/Src/stm32f7xx_hal_rcc_ex.o
                0x0000000008001638                HAL_RCCEx_PeriphCLKConfig
 .text.UART_SetConfig
                0x0000000008001b94      0x288 Drivers/STM32F7xx_HAL_Driver/Src/stm32f7xx_hal_uart.o
                0x0000000008001b94                UART_SetConfig
 .text.UART_AdvFeatureConfig
                0x0000000008001e1c       0xaa Drivers/STM32F7xx_HAL_Driver/Src/stm32f7xx_hal_uart.o
                0x0000000008001e1c                UART_AdvFeatureConfig
 .text.UART_WaitOnFlagUntilTimeout
                0x0000000008001ec6       0x86 Drivers/STM32F7xx_HAL_Driver/Src/stm32f7xx_hal_uart.o
                0x0000000008001ec6                UART_WaitOnFlagUntilTimeout
 .text.UART_CheckIdleState
                0x0000000008001f4c       0x60 Drivers/STM32F7xx_HAL_Driver/Src/stm32f7xx_hal_uart.o
                0x0000000008001f4c                UART_CheckIdleState
 .text.HAL_UART_Init
                0x0000000008001fac       0x5c Drivers/STM32F7xx_HAL_Driver/Src/stm32f7xx_hal_uart.o
                0x0000000008001fac                HAL_UART_Init
 .text.USB_CoreReset
                0x0000000008002008       0x30 Drivers/STM32F7xx_HAL_Driver/Src/stm32f7xx_ll_usb.o
 .text.USB_CoreInit
                0x0000000008002038       0x76 Drivers/STM32F7xx_HAL_Driver/Src/stm32f7xx_ll_usb.o
                0x0000000008002038                USB_CoreInit
 .text.USB_DisableGlobalInt
                0x00000000080020ae        0xc Drivers/STM32F7xx_HAL_Driver/Src/stm32f7xx_ll_usb.o
                0x00000000080020ae                USB_DisableGlobalInt
 .text.USB_SetCurrentMode
                0x00000000080020ba       0x2e Drivers/STM32F7xx_HAL_Driver/Src/stm32f7xx_ll_usb.o
                0x00000000080020ba                USB_SetCurrentMode
 .text.USB_FlushTxFifo
                0x00000000080020e8       0x24 Drivers/STM32F7xx_HAL_Driver/Src/stm32f7xx_ll_usb.o
                0x00000000080020e8                USB_FlushTxFifo
 .text.USB_FlushRxFifo
                0x000000000800210c       0x20 Drivers/STM32F7xx_HAL_Driver/Src/stm32f7xx_ll_usb.o
                0x000000000800210c                USB_FlushRxFifo
 .text.USB_SetDevSpeed
                0x000000000800212c        0xe Drivers/STM32F7xx_HAL_Driver/Src/stm32f7xx_ll_usb.o
                0x000000000800212c                USB_SetDevSpeed
 *fill*         0x000000000800213a        0x2 
 .text.USB_DevInit
                0x000000000800213c      0x174 Drivers/STM32F7xx_HAL_Driver/Src/stm32f7xx_ll_usb.o
                0x000000000800213c                USB_DevInit
 .text.USB_DevDisconnect
                0x00000000080022b0       0x18 Drivers/STM32F7xx_HAL_Driver/Src/stm32f7xx_ll_usb.o
                0x00000000080022b0                USB_DevDisconnect
 .text.SystemClock_Config
                0x00000000080022c8       0xb4 Src/main.o
                0x00000000080022c8                SystemClock_Config
 .text.startup.main
                0x000000000800237c      0x1f0 Src/main.o
                0x000000000800237c                main
 .text.HAL_MspInit
                0x000000000800256c       0x30 Src/stm32f7xx_hal_msp.o
                0x000000000800256c                HAL_MspInit
 .text.HAL_ADC_MspInit
                0x000000000800259c       0x5c Src/stm32f7xx_hal_msp.o
                0x000000000800259c                HAL_ADC_MspInit
 .text.HAL_ETH_MspInit
                0x00000000080025f8      0x10c Src/stm32f7xx_hal_msp.o
                0x00000000080025f8                HAL_ETH_MspInit
 .text.HAL_UART_MspInit
                0x0000000008002704       0x68 Src/stm32f7xx_hal_msp.o
                0x0000000008002704                HAL_UART_MspInit
 .text.HAL_PCD_MspInit
                0x000000000800276c       0x8c Src/stm32f7xx_hal_msp.o
                0x000000000800276c                HAL_PCD_MspInit
 .text.NMI_Handler
                0x00000000080027f8        0x2 Src/stm32f7xx_it.o
                0x00000000080027f8                NMI_Handler
 .text.HardFault_Handler
                0x00000000080027fa        0x2 Src/stm32f7xx_it.o
                0x00000000080027fa                HardFault_Handler
 .text.MemManage_Handler
                0x00000000080027fc        0x2 Src/stm32f7xx_it.o
                0x00000000080027fc                MemManage_Handler
 .text.BusFault_Handler
                0x00000000080027fe        0x2 Src/stm32f7xx_it.o
                0x00000000080027fe                BusFault_Handler
 .text.UsageFault_Handler
                0x0000000008002800        0x2 Src/stm32f7xx_it.o
                0x0000000008002800                UsageFault_Handler
 .text.SVC_Handler
                0x0000000008002802        0x2 Src/stm32f7xx_it.o
                0x0000000008002802                SVC_Handler
 .text.DebugMon_Handler
                0x0000000008002804        0x2 Src/stm32f7xx_it.o
                0x0000000008002804                DebugMon_Handler
 .text.PendSV_Handler
                0x0000000008002806        0x2 Src/stm32f7xx_it.o
                0x0000000008002806                PendSV_Handler
 .text.SysTick_Handler
                0x0000000008002808        0x4 Src/stm32f7xx_it.o
                0x0000000008002808                SysTick_Handler
 .text.SystemInit
                0x000000000800280c       0x1c Src/system_stm32f7xx.o
                0x000000000800280c                SystemInit
 .text.Reset_Handler
                0x0000000008002828       0x50 startup/startup_stm32f767xx.o
                0x0000000008002828                Reset_Handler
 .text.Default_Handler
                0x0000000008002878        0x2 startup/startup_stm32f767xx.o
                0x0000000008002878                RTC_Alarm_IRQHandler
                0x0000000008002878                EXTI2_IRQHandler
                0x0000000008002878                TIM8_CC_IRQHandler
                0x0000000008002878                UART8_IRQHandler
                0x0000000008002878                SPI4_IRQHandler
                0x0000000008002878                TIM1_CC_IRQHandler
                0x0000000008002878                DMA2_Stream5_IRQHandler
                0x0000000008002878                JPEG_IRQHandler
                0x0000000008002878                DMA1_Stream5_IRQHandler
                0x0000000008002878                CAN3_RX1_IRQHandler
                0x0000000008002878                PVD_IRQHandler
                0x0000000008002878                TAMP_STAMP_IRQHandler
                0x0000000008002878                CAN2_RX1_IRQHandler
                0x0000000008002878                EXTI3_IRQHandler
                0x0000000008002878                TIM8_TRG_COM_TIM14_IRQHandler
                0x0000000008002878                DFSDM1_FLT1_IRQHandler
                0x0000000008002878                TIM1_UP_TIM10_IRQHandler
                0x0000000008002878                TIM8_UP_TIM13_IRQHandler
                0x0000000008002878                I2C3_ER_IRQHandler
                0x0000000008002878                DFSDM1_FLT2_IRQHandler
                0x0000000008002878                EXTI0_IRQHandler
                0x0000000008002878                I2C2_EV_IRQHandler
                0x0000000008002878                DMA1_Stream2_IRQHandler
                0x0000000008002878                CAN1_RX0_IRQHandler
                0x0000000008002878                FPU_IRQHandler
                0x0000000008002878                OTG_HS_WKUP_IRQHandler
                0x0000000008002878                CAN3_SCE_IRQHandler
                0x0000000008002878                LTDC_ER_IRQHandler
                0x0000000008002878                CAN2_SCE_IRQHandler
                0x0000000008002878                DMA2_Stream2_IRQHandler
                0x0000000008002878                SPI1_IRQHandler
                0x0000000008002878                TIM6_DAC_IRQHandler
                0x0000000008002878                TIM1_BRK_TIM9_IRQHandler
                0x0000000008002878                DCMI_IRQHandler
                0x0000000008002878                CAN2_RX0_IRQHandler
                0x0000000008002878                DMA2_Stream3_IRQHandler
                0x0000000008002878                SAI2_IRQHandler
                0x0000000008002878                DFSDM1_FLT3_IRQHandler
                0x0000000008002878                USART6_IRQHandler
                0x0000000008002878                CAN3_RX0_IRQHandler
                0x0000000008002878                USART3_IRQHandler
                0x0000000008002878                CAN1_RX1_IRQHandler
                0x0000000008002878                UART5_IRQHandler
                0x0000000008002878                DMA2_Stream0_IRQHandler
                0x0000000008002878                TIM4_IRQHandler
                0x0000000008002878                QUADSPI_IRQHandler
                0x0000000008002878                I2C1_EV_IRQHandler
                0x0000000008002878                DMA1_Stream6_IRQHandler
                0x0000000008002878                DMA1_Stream1_IRQHandler
                0x0000000008002878                UART4_IRQHandler
                0x0000000008002878                TIM3_IRQHandler
                0x0000000008002878                RCC_IRQHandler
                0x0000000008002878                TIM8_BRK_TIM12_IRQHandler
                0x0000000008002878                Default_Handler
                0x0000000008002878                CEC_IRQHandler
                0x0000000008002878                EXTI15_10_IRQHandler
                0x0000000008002878                ADC_IRQHandler
                0x0000000008002878                DMA1_Stream7_IRQHandler
                0x0000000008002878                SPI5_IRQHandler
                0x0000000008002878                TIM7_IRQHandler
                0x0000000008002878                SDMMC1_IRQHandler
                0x0000000008002878                CAN2_TX_IRQHandler
                0x0000000008002878                TIM5_IRQHandler
                0x0000000008002878                DMA2_Stream7_IRQHandler
                0x0000000008002878                I2C3_EV_IRQHandler
                0x0000000008002878                EXTI9_5_IRQHandler
                0x0000000008002878                RTC_WKUP_IRQHandler
                0x0000000008002878                LTDC_IRQHandler
                0x0000000008002878                ETH_WKUP_IRQHandler
                0x0000000008002878                SPDIF_RX_IRQHandler
                0x0000000008002878                SPI2_IRQHandler
                0x0000000008002878                OTG_HS_EP1_IN_IRQHandler
                0x0000000008002878                DMA1_Stream0_IRQHandler
                0x0000000008002878                CAN1_TX_IRQHandler
                0x0000000008002878                EXTI4_IRQHandler
                0x0000000008002878                RNG_IRQHandler
                0x0000000008002878                ETH_IRQHandler
                0x0000000008002878                OTG_HS_EP1_OUT_IRQHandler
                0x0000000008002878                WWDG_IRQHandler
                0x0000000008002878                SPI6_IRQHandler
                0x0000000008002878                MDIOS_IRQHandler
                0x0000000008002878                I2C4_EV_IRQHandler
                0x0000000008002878                CAN3_TX_IRQHandler
                0x0000000008002878                TIM2_IRQHandler
                0x0000000008002878                OTG_FS_WKUP_IRQHandler
                0x0000000008002878                TIM1_TRG_COM_TIM11_IRQHandler
                0x0000000008002878                OTG_HS_IRQHandler
                0x0000000008002878                DMA2D_IRQHandler
                0x0000000008002878                EXTI1_IRQHandler
                0x0000000008002878                SDMMC2_IRQHandler
                0x0000000008002878                UART7_IRQHandler
                0x0000000008002878                USART2_IRQHandler
                0x0000000008002878                DFSDM1_FLT0_IRQHandler
                0x0000000008002878                I2C2_ER_IRQHandler
                0x0000000008002878                DMA2_Stream1_IRQHandler
                0x0000000008002878                CAN1_SCE_IRQHandler
                0x0000000008002878                FLASH_IRQHandler
                0x0000000008002878                DMA2_Stream4_IRQHandler
                0x0000000008002878                USART1_IRQHandler
                0x0000000008002878                OTG_FS_IRQHandler
                0x0000000008002878                SPI3_IRQHandler
                0x0000000008002878                DMA1_Stream4_IRQHandler
                0x0000000008002878                I2C1_ER_IRQHandler
                0x0000000008002878                FMC_IRQHandler
                0x0000000008002878                LPTIM1_IRQHandler
                0x0000000008002878                I2C4_ER_IRQHandler
                0x0000000008002878                DMA2_Stream6_IRQHandler
                0x0000000008002878                SAI1_IRQHandler
                0x0000000008002878                DMA1_Stream3_IRQHandler
 *fill*         0x000000000800287a        0x2 
 .text.__libc_init_array
                0x000000000800287c       0x48 /opt/Atollic_TrueSTUDIO_for_STM32_x86_64_9.3.0/ARMTools/bin/../lib/gcc/arm-atollic-eabi/6.3.1/../../../../arm-atollic-eabi/lib/armv7e-m/fpu/fpv5-d16/libc_nano.a(lib_a-init.o)
                0x000000000800287c                __libc_init_array
 .text.memset   0x00000000080028c4       0x10 /opt/Atollic_TrueSTUDIO_for_STM32_x86_64_9.3.0/ARMTools/bin/../lib/gcc/arm-atollic-eabi/6.3.1/../../../../arm-atollic-eabi/lib/armv7e-m/fpu/fpv5-d16/libc_nano.a(lib_a-memset.o)
                0x00000000080028c4                memset
 *(.glue_7)
 .glue_7        0x00000000080028d4        0x0 linker stubs
 *(.glue_7t)
 .glue_7t       0x00000000080028d4        0x0 linker stubs
 *(.eh_frame)
 .eh_frame      0x00000000080028d4        0x0 /opt/Atollic_TrueSTUDIO_for_STM32_x86_64_9.3.0/ARMTools/bin/../lib/gcc/arm-atollic-eabi/6.3.1/armv7e-m/fpu/fpv5-d16/crtbegin.o
 *(.init)
 .init          0x00000000080028d4        0x4 /opt/Atollic_TrueSTUDIO_for_STM32_x86_64_9.3.0/ARMTools/bin/../lib/gcc/arm-atollic-eabi/6.3.1/armv7e-m/fpu/fpv5-d16/crti.o
                0x00000000080028d4                _init
 .init          0x00000000080028d8        0x8 /opt/Atollic_TrueSTUDIO_for_STM32_x86_64_9.3.0/ARMTools/bin/../lib/gcc/arm-atollic-eabi/6.3.1/armv7e-m/fpu/fpv5-d16/crtn.o
 *(.fini)
 .fini          0x00000000080028e0        0x4 /opt/Atollic_TrueSTUDIO_for_STM32_x86_64_9.3.0/ARMTools/bin/../lib/gcc/arm-atollic-eabi/6.3.1/armv7e-m/fpu/fpv5-d16/crti.o
                0x00000000080028e0                _fini
 .fini          0x00000000080028e4        0x8 /opt/Atollic_TrueSTUDIO_for_STM32_x86_64_9.3.0/ARMTools/bin/../lib/gcc/arm-atollic-eabi/6.3.1/armv7e-m/fpu/fpv5-d16/crtn.o
                0x00000000080028ec                . = ALIGN (0x4)
                0x00000000080028ec                _etext = .

.vfp11_veneer   0x00000000080028ec        0x0
 .vfp11_veneer  0x00000000080028ec        0x0 linker stubs

.v4_bx          0x00000000080028ec        0x0
 .v4_bx         0x00000000080028ec        0x0 linker stubs

.iplt           0x00000000080028ec        0x0
 .iplt          0x00000000080028ec        0x0 /opt/Atollic_TrueSTUDIO_for_STM32_x86_64_9.3.0/ARMTools/bin/../lib/gcc/arm-atollic-eabi/6.3.1/armv7e-m/fpu/fpv5-d16/crtbegin.o

.rodata         0x00000000080028ec       0x2c
                0x00000000080028ec                . = ALIGN (0x4)
 *(.rodata)
 *(.rodata*)
 .rodata.CSWTCH.53
                0x00000000080028ec        0x4 Drivers/STM32F7xx_HAL_Driver/Src/stm32f7xx_hal_uart.o
 .rodata.CSWTCH.54
                0x00000000080028f0        0xd Drivers/STM32F7xx_HAL_Driver/Src/stm32f7xx_hal_uart.o
 .rodata.AHBPrescTable
                0x00000000080028fd       0x10 Src/system_stm32f7xx.o
                0x00000000080028fd                AHBPrescTable
 .rodata.APBPrescTable
                0x000000000800290d        0x8 Src/system_stm32f7xx.o
                0x000000000800290d                APBPrescTable
                0x0000000008002918                . = ALIGN (0x4)
 *fill*         0x0000000008002915        0x3 

.ARM.extab
 *(.ARM.extab* .gnu.linkonce.armextab.*)

.ARM            0x0000000008002918        0x8
                0x0000000008002918                __exidx_start = .
 *(.ARM.exidx*)
 .ARM.exidx     0x0000000008002918        0x8 /opt/Atollic_TrueSTUDIO_for_STM32_x86_64_9.3.0/ARMTools/bin/../lib/gcc/arm-atollic-eabi/6.3.1/armv7e-m/fpu/fpv5-d16/libgcc.a(_udivmoddi4.o)
                0x0000000008002920                __exidx_end = .

.rel.dyn        0x0000000008002920        0x0
 .rel.iplt      0x0000000008002920        0x0 /opt/Atollic_TrueSTUDIO_for_STM32_x86_64_9.3.0/ARMTools/bin/../lib/gcc/arm-atollic-eabi/6.3.1/armv7e-m/fpu/fpv5-d16/crtbegin.o

.preinit_array  0x0000000008002920        0x0
                0x0000000008002920                PROVIDE (__preinit_array_start, .)
 *(.preinit_array*)
                0x0000000008002920                PROVIDE (__preinit_array_end, .)

.init_array     0x0000000008002920        0x4
                0x0000000008002920                PROVIDE (__init_array_start, .)
 *(SORT(.init_array.*))
 *(.init_array*)
 .init_array    0x0000000008002920        0x4 /opt/Atollic_TrueSTUDIO_for_STM32_x86_64_9.3.0/ARMTools/bin/../lib/gcc/arm-atollic-eabi/6.3.1/armv7e-m/fpu/fpv5-d16/crtbegin.o
                0x0000000008002924                PROVIDE (__init_array_end, .)

.fini_array     0x0000000008002924        0x4
                [!provide]                        PROVIDE (__fini_array_start, .)
 *(SORT(.fini_array.*))
 *(.fini_array*)
 .fini_array    0x0000000008002924        0x4 /opt/Atollic_TrueSTUDIO_for_STM32_x86_64_9.3.0/ARMTools/bin/../lib/gcc/arm-atollic-eabi/6.3.1/armv7e-m/fpu/fpv5-d16/crtbegin.o
                [!provide]                        PROVIDE (__fini_array_end, .)
                0x0000000008002928                _sidata = LOADADDR (.data)

.data           0x0000000020000000        0xc load address 0x0000000008002928
                0x0000000020000000                . = ALIGN (0x4)
                0x0000000020000000                _sdata = .
 *(.data)
 *(.data*)
 .data.uwTickFreq
                0x0000000020000000        0x1 Drivers/STM32F7xx_HAL_Driver/Src/stm32f7xx_hal.o
                0x0000000020000000                uwTickFreq
 *fill*         0x0000000020000001        0x3 
 .data.uwTickPrio
                0x0000000020000004        0x4 Drivers/STM32F7xx_HAL_Driver/Src/stm32f7xx_hal.o
                0x0000000020000004                uwTickPrio
 .data.SystemCoreClock
                0x0000000020000008        0x4 Src/system_stm32f7xx.o
                0x0000000020000008                SystemCoreClock
                0x000000002000000c                . = ALIGN (0x4)
                0x000000002000000c                _edata = .

.igot.plt       0x000000002000000c        0x0 load address 0x0000000008002934
 .igot.plt      0x000000002000000c        0x0 /opt/Atollic_TrueSTUDIO_for_STM32_x86_64_9.3.0/ARMTools/bin/../lib/gcc/arm-atollic-eabi/6.3.1/armv7e-m/fpu/fpv5-d16/crtbegin.o
                0x000000002000000c                . = ALIGN (0x4)

.bss            0x000000002000000c      0x534 load address 0x0000000008002934
                0x000000002000000c                _sbss = .
                0x000000002000000c                __bss_start__ = _sbss
 *(.bss)
 .bss           0x000000002000000c       0x1c /opt/Atollic_TrueSTUDIO_for_STM32_x86_64_9.3.0/ARMTools/bin/../lib/gcc/arm-atollic-eabi/6.3.1/armv7e-m/fpu/fpv5-d16/crtbegin.o
 *(.bss*)
 *(COMMON)
 COMMON         0x0000000020000028        0x4 Drivers/STM32F7xx_HAL_Driver/Src/stm32f7xx_hal.o
                0x0000000020000028                uwTick
 COMMON         0x000000002000002c      0x514 Src/main.o
                0x000000002000002c                huart3
                0x00000000200000ac                hpcd_USB_OTG_FS
                0x00000000200004b0                hadc1
                0x00000000200004f8                heth
                0x0000000020000540                . = ALIGN (0x4)
                0x0000000020000540                _ebss = .
                0x0000000020000540                __bss_end__ = _ebss

._user_heap_stack
                0x0000000020000540      0x600 load address 0x0000000008002934
                0x0000000020000540                . = ALIGN (0x4)
                0x0000000020000540                PROVIDE (end, .)
                [!provide]                        PROVIDE (_end, .)
                0x0000000020000740                . = (. + _Min_Heap_Size)
 *fill*         0x0000000020000540      0x200 
                0x0000000020000b40                . = (. + _Min_Stack_Size)
 *fill*         0x0000000020000740      0x400 
                0x0000000020000b40                . = ALIGN (0x4)

/DISCARD/
 libc.a(*)
 libm.a(*)
 libgcc.a(*)

.ARM.attributes
                0x0000000000000000       0x2e
 *(.ARM.attributes)
 .ARM.attributes
                0x0000000000000000       0x20 /opt/Atollic_TrueSTUDIO_for_STM32_x86_64_9.3.0/ARMTools/bin/../lib/gcc/arm-atollic-eabi/6.3.1/armv7e-m/fpu/fpv5-d16/crti.o
 .ARM.attributes
                0x0000000000000020       0x32 /opt/Atollic_TrueSTUDIO_for_STM32_x86_64_9.3.0/ARMTools/bin/../lib/gcc/arm-atollic-eabi/6.3.1/armv7e-m/fpu/fpv5-d16/crtbegin.o
 .ARM.attributes
                0x0000000000000052       0x37 Drivers/STM32F7xx_HAL_Driver/Src/stm32f7xx_hal.o
 .ARM.attributes
                0x0000000000000089       0x37 Drivers/STM32F7xx_HAL_Driver/Src/stm32f7xx_hal_adc.o
 .ARM.attributes
                0x00000000000000c0       0x37 Drivers/STM32F7xx_HAL_Driver/Src/stm32f7xx_hal_cortex.o
 .ARM.attributes
                0x00000000000000f7       0x37 Drivers/STM32F7xx_HAL_Driver/Src/stm32f7xx_hal_eth.o
 .ARM.attributes
                0x000000000000012e       0x37 Drivers/STM32F7xx_HAL_Driver/Src/stm32f7xx_hal_gpio.o
 .ARM.attributes
                0x0000000000000165       0x37 Drivers/STM32F7xx_HAL_Driver/Src/stm32f7xx_hal_pcd.o
 .ARM.attributes
                0x000000000000019c       0x37 Drivers/STM32F7xx_HAL_Driver/Src/stm32f7xx_hal_pcd_ex.o
 .ARM.attributes
                0x00000000000001d3       0x37 Drivers/STM32F7xx_HAL_Driver/Src/stm32f7xx_hal_pwr.o
 .ARM.attributes
                0x000000000000020a       0x37 Drivers/STM32F7xx_HAL_Driver/Src/stm32f7xx_hal_pwr_ex.o
 .ARM.attributes
                0x0000000000000241       0x37 Drivers/STM32F7xx_HAL_Driver/Src/stm32f7xx_hal_rcc.o
 .ARM.attributes
                0x0000000000000278       0x37 Drivers/STM32F7xx_HAL_Driver/Src/stm32f7xx_hal_rcc_ex.o
 .ARM.attributes
                0x00000000000002af       0x37 Drivers/STM32F7xx_HAL_Driver/Src/stm32f7xx_hal_uart.o
 .ARM.attributes
                0x00000000000002e6       0x37 Drivers/STM32F7xx_HAL_Driver/Src/stm32f7xx_ll_usb.o
 .ARM.attributes
                0x000000000000031d       0x37 Src/main.o
 .ARM.attributes
                0x0000000000000354       0x37 Src/stm32f7xx_hal_msp.o
 .ARM.attributes
                0x000000000000038b       0x37 Src/stm32f7xx_it.o
 .ARM.attributes
                0x00000000000003c2       0x37 Src/system_stm32f7xx.o
 .ARM.attributes
                0x00000000000003f9       0x21 startup/startup_stm32f767xx.o
 .ARM.attributes
                0x000000000000041a       0x32 /opt/Atollic_TrueSTUDIO_for_STM32_x86_64_9.3.0/ARMTools/bin/../lib/gcc/arm-atollic-eabi/6.3.1/../../../../arm-atollic-eabi/lib/armv7e-m/fpu/fpv5-d16/libc_nano.a(lib_a-init.o)
 .ARM.attributes
                0x000000000000044c       0x32 /opt/Atollic_TrueSTUDIO_for_STM32_x86_64_9.3.0/ARMTools/bin/../lib/gcc/arm-atollic-eabi/6.3.1/../../../../arm-atollic-eabi/lib/armv7e-m/fpu/fpv5-d16/libc_nano.a(lib_a-memset.o)
 .ARM.attributes
                0x000000000000047e       0x20 /opt/Atollic_TrueSTUDIO_for_STM32_x86_64_9.3.0/ARMTools/bin/../lib/gcc/arm-atollic-eabi/6.3.1/armv7e-m/fpu/fpv5-d16/libgcc.a(_aeabi_uldivmod.o)
 .ARM.attributes
                0x000000000000049e       0x32 /opt/Atollic_TrueSTUDIO_for_STM32_x86_64_9.3.0/ARMTools/bin/../lib/gcc/arm-atollic-eabi/6.3.1/armv7e-m/fpu/fpv5-d16/libgcc.a(_udivmoddi4.o)
 .ARM.attributes
                0x00000000000004d0       0x20 /opt/Atollic_TrueSTUDIO_for_STM32_x86_64_9.3.0/ARMTools/bin/../lib/gcc/arm-atollic-eabi/6.3.1/armv7e-m/fpu/fpv5-d16/libgcc.a(_dvmd_tls.o)
 .ARM.attributes
                0x00000000000004f0       0x20 /opt/Atollic_TrueSTUDIO_for_STM32_x86_64_9.3.0/ARMTools/bin/../lib/gcc/arm-atollic-eabi/6.3.1/armv7e-m/fpu/fpv5-d16/crtn.o
OUTPUT(BlinkLEDF7.elf elf32-littlearm)

.debug_info     0x0000000000000000    0x11ae0
 .debug_info    0x0000000000000000      0xb16 Drivers/STM32F7xx_HAL_Driver/Src/stm32f7xx_hal.o
 .debug_info    0x0000000000000b16      0xda0 Drivers/STM32F7xx_HAL_Driver/Src/stm32f7xx_hal_adc.o
 .debug_info    0x00000000000018b6     0x11ee Drivers/STM32F7xx_HAL_Driver/Src/stm32f7xx_hal_cortex.o
 .debug_info    0x0000000000002aa4     0x19db Drivers/STM32F7xx_HAL_Driver/Src/stm32f7xx_hal_eth.o
 .debug_info    0x000000000000447f      0x7fa Drivers/STM32F7xx_HAL_Driver/Src/stm32f7xx_hal_gpio.o
 .debug_info    0x0000000000004c79     0x179f Drivers/STM32F7xx_HAL_Driver/Src/stm32f7xx_hal_pcd.o
 .debug_info    0x0000000000006418      0x812 Drivers/STM32F7xx_HAL_Driver/Src/stm32f7xx_hal_pcd_ex.o
 .debug_info    0x0000000000006c2a      0x9c5 Drivers/STM32F7xx_HAL_Driver/Src/stm32f7xx_hal_pwr.o
 .debug_info    0x00000000000075ef      0xa38 Drivers/STM32F7xx_HAL_Driver/Src/stm32f7xx_hal_pwr_ex.o
 .debug_info    0x0000000000008027      0xbac Drivers/STM32F7xx_HAL_Driver/Src/stm32f7xx_hal_rcc.o
 .debug_info    0x0000000000008bd3      0x8c9 Drivers/STM32F7xx_HAL_Driver/Src/stm32f7xx_hal_rcc_ex.o
 .debug_info    0x000000000000949c     0x1ced Drivers/STM32F7xx_HAL_Driver/Src/stm32f7xx_hal_uart.o
 .debug_info    0x000000000000b189     0x1c06 Drivers/STM32F7xx_HAL_Driver/Src/stm32f7xx_ll_usb.o
 .debug_info    0x000000000000cd8f     0x27ed Src/main.o
 .debug_info    0x000000000000f57c     0x1b9b Src/stm32f7xx_hal_msp.o
 .debug_info    0x0000000000011117      0x20d Src/stm32f7xx_it.o
 .debug_info    0x0000000000011324      0x744 Src/system_stm32f7xx.o
 .debug_info    0x0000000000011a68       0x78 startup/startup_stm32f767xx.o

.debug_abbrev   0x0000000000000000     0x28f3
 .debug_abbrev  0x0000000000000000      0x239 Drivers/STM32F7xx_HAL_Driver/Src/stm32f7xx_hal.o
 .debug_abbrev  0x0000000000000239      0x2a2 Drivers/STM32F7xx_HAL_Driver/Src/stm32f7xx_hal_adc.o
 .debug_abbrev  0x00000000000004db      0x314 Drivers/STM32F7xx_HAL_Driver/Src/stm32f7xx_hal_cortex.o
 .debug_abbrev  0x00000000000007ef      0x34e Drivers/STM32F7xx_HAL_Driver/Src/stm32f7xx_hal_eth.o
 .debug_abbrev  0x0000000000000b3d      0x1ef Drivers/STM32F7xx_HAL_Driver/Src/stm32f7xx_hal_gpio.o
 .debug_abbrev  0x0000000000000d2c      0x35f Drivers/STM32F7xx_HAL_Driver/Src/stm32f7xx_hal_pcd.o
 .debug_abbrev  0x000000000000108b      0x1ed Drivers/STM32F7xx_HAL_Driver/Src/stm32f7xx_hal_pcd_ex.o
 .debug_abbrev  0x0000000000001278      0x1b3 Drivers/STM32F7xx_HAL_Driver/Src/stm32f7xx_hal_pwr.o
 .debug_abbrev  0x000000000000142b      0x1c4 Drivers/STM32F7xx_HAL_Driver/Src/stm32f7xx_hal_pwr_ex.o
 .debug_abbrev  0x00000000000015ef      0x2d6 Drivers/STM32F7xx_HAL_Driver/Src/stm32f7xx_hal_rcc.o
 .debug_abbrev  0x00000000000018c5      0x1c8 Drivers/STM32F7xx_HAL_Driver/Src/stm32f7xx_hal_rcc_ex.o
 .debug_abbrev  0x0000000000001a8d      0x31b Drivers/STM32F7xx_HAL_Driver/Src/stm32f7xx_hal_uart.o
 .debug_abbrev  0x0000000000001da8      0x350 Drivers/STM32F7xx_HAL_Driver/Src/stm32f7xx_ll_usb.o
 .debug_abbrev  0x00000000000020f8      0x345 Src/main.o
 .debug_abbrev  0x000000000000243d      0x250 Src/stm32f7xx_hal_msp.o
 .debug_abbrev  0x000000000000268d      0x112 Src/stm32f7xx_it.o
 .debug_abbrev  0x000000000000279f      0x142 Src/system_stm32f7xx.o
 .debug_abbrev  0x00000000000028e1       0x12 startup/startup_stm32f767xx.o

.debug_loc      0x0000000000000000     0x6ad1
 .debug_loc     0x0000000000000000      0x12e Drivers/STM32F7xx_HAL_Driver/Src/stm32f7xx_hal.o
 .debug_loc     0x000000000000012e      0x72b Drivers/STM32F7xx_HAL_Driver/Src/stm32f7xx_hal_adc.o
 .debug_loc     0x0000000000000859      0x57e Drivers/STM32F7xx_HAL_Driver/Src/stm32f7xx_hal_cortex.o
 .debug_loc     0x0000000000000dd7      0xca2 Drivers/STM32F7xx_HAL_Driver/Src/stm32f7xx_hal_eth.o
 .debug_loc     0x0000000000001a79      0x363 Drivers/STM32F7xx_HAL_Driver/Src/stm32f7xx_hal_gpio.o
 .debug_loc     0x0000000000001ddc      0xb94 Drivers/STM32F7xx_HAL_Driver/Src/stm32f7xx_hal_pcd.o
 .debug_loc     0x0000000000002970      0x14d Drivers/STM32F7xx_HAL_Driver/Src/stm32f7xx_hal_pcd_ex.o
 .debug_loc     0x0000000000002abd       0xae Drivers/STM32F7xx_HAL_Driver/Src/stm32f7xx_hal_pwr.o
 .debug_loc     0x0000000000002b6b      0x1c2 Drivers/STM32F7xx_HAL_Driver/Src/stm32f7xx_hal_pwr_ex.o
 .debug_loc     0x0000000000002d2d      0x41a Drivers/STM32F7xx_HAL_Driver/Src/stm32f7xx_hal_rcc.o
 .debug_loc     0x0000000000003147      0x5dc Drivers/STM32F7xx_HAL_Driver/Src/stm32f7xx_hal_rcc_ex.o
 .debug_loc     0x0000000000003723     0x14de Drivers/STM32F7xx_HAL_Driver/Src/stm32f7xx_hal_uart.o
 .debug_loc     0x0000000000004c01     0x1c54 Drivers/STM32F7xx_HAL_Driver/Src/stm32f7xx_ll_usb.o
 .debug_loc     0x0000000000006855      0x160 Src/stm32f7xx_hal_msp.o
 .debug_loc     0x00000000000069b5      0x11c Src/system_stm32f7xx.o

.debug_aranges  0x0000000000000000      0xad8
 .debug_aranges
                0x0000000000000000      0x108 Drivers/STM32F7xx_HAL_Driver/Src/stm32f7xx_hal.o
 .debug_aranges
                0x0000000000000108       0xb8 Drivers/STM32F7xx_HAL_Driver/Src/stm32f7xx_hal_adc.o
 .debug_aranges
                0x00000000000001c0       0xa8 Drivers/STM32F7xx_HAL_Driver/Src/stm32f7xx_hal_cortex.o
 .debug_aranges
                0x0000000000000268       0xa8 Drivers/STM32F7xx_HAL_Driver/Src/stm32f7xx_hal_eth.o
 .debug_aranges
                0x0000000000000310       0x58 Drivers/STM32F7xx_HAL_Driver/Src/stm32f7xx_hal_gpio.o
 .debug_aranges
                0x0000000000000368       0xc0 Drivers/STM32F7xx_HAL_Driver/Src/stm32f7xx_hal_pcd.o
 .debug_aranges
                0x0000000000000428       0x40 Drivers/STM32F7xx_HAL_Driver/Src/stm32f7xx_hal_pcd_ex.o
 .debug_aranges
                0x0000000000000468       0xa0 Drivers/STM32F7xx_HAL_Driver/Src/stm32f7xx_hal_pwr.o
 .debug_aranges
                0x0000000000000508       0x80 Drivers/STM32F7xx_HAL_Driver/Src/stm32f7xx_hal_pwr_ex.o
 .debug_aranges
                0x0000000000000588       0x88 Drivers/STM32F7xx_HAL_Driver/Src/stm32f7xx_hal_rcc.o
 .debug_aranges
                0x0000000000000610       0x50 Drivers/STM32F7xx_HAL_Driver/Src/stm32f7xx_hal_rcc_ex.o
 .debug_aranges
                0x0000000000000660      0x1b8 Drivers/STM32F7xx_HAL_Driver/Src/stm32f7xx_hal_uart.o
 .debug_aranges
                0x0000000000000818      0x198 Drivers/STM32F7xx_HAL_Driver/Src/stm32f7xx_ll_usb.o
 .debug_aranges
                0x00000000000009b0       0x30 Src/main.o
 .debug_aranges
                0x00000000000009e0       0x60 Src/stm32f7xx_hal_msp.o
 .debug_aranges
                0x0000000000000a40       0x48 Src/stm32f7xx_it.o
 .debug_aranges
                0x0000000000000a88       0x28 Src/system_stm32f7xx.o
 .debug_aranges
                0x0000000000000ab0       0x28 startup/startup_stm32f767xx.o

.debug_ranges   0x0000000000000000      0xe60
 .debug_ranges  0x0000000000000000       0xf8 Drivers/STM32F7xx_HAL_Driver/Src/stm32f7xx_hal.o
 .debug_ranges  0x00000000000000f8       0xc8 Drivers/STM32F7xx_HAL_Driver/Src/stm32f7xx_hal_adc.o
 .debug_ranges  0x00000000000001c0      0x138 Drivers/STM32F7xx_HAL_Driver/Src/stm32f7xx_hal_cortex.o
 .debug_ranges  0x00000000000002f8      0x158 Drivers/STM32F7xx_HAL_Driver/Src/stm32f7xx_hal_eth.o
 .debug_ranges  0x0000000000000450       0x70 Drivers/STM32F7xx_HAL_Driver/Src/stm32f7xx_hal_gpio.o
 .debug_ranges  0x00000000000004c0       0xe8 Drivers/STM32F7xx_HAL_Driver/Src/stm32f7xx_hal_pcd.o
 .debug_ranges  0x00000000000005a8       0x30 Drivers/STM32F7xx_HAL_Driver/Src/stm32f7xx_hal_pcd_ex.o
 .debug_ranges  0x00000000000005d8       0x90 Drivers/STM32F7xx_HAL_Driver/Src/stm32f7xx_hal_pwr.o
 .debug_ranges  0x0000000000000668       0xe8 Drivers/STM32F7xx_HAL_Driver/Src/stm32f7xx_hal_pwr_ex.o
 .debug_ranges  0x0000000000000750       0xf0 Drivers/STM32F7xx_HAL_Driver/Src/stm32f7xx_hal_rcc.o
 .debug_ranges  0x0000000000000840       0x58 Drivers/STM32F7xx_HAL_Driver/Src/stm32f7xx_hal_rcc_ex.o
 .debug_ranges  0x0000000000000898      0x1c0 Drivers/STM32F7xx_HAL_Driver/Src/stm32f7xx_hal_uart.o
 .debug_ranges  0x0000000000000a58      0x1a8 Drivers/STM32F7xx_HAL_Driver/Src/stm32f7xx_ll_usb.o
 .debug_ranges  0x0000000000000c00      0x100 Src/main.o
 .debug_ranges  0x0000000000000d00       0xf0 Src/stm32f7xx_hal_msp.o
 .debug_ranges  0x0000000000000df0       0x38 Src/stm32f7xx_it.o
 .debug_ranges  0x0000000000000e28       0x18 Src/system_stm32f7xx.o
 .debug_ranges  0x0000000000000e40       0x20 startup/startup_stm32f767xx.o

.debug_line     0x0000000000000000     0x5c5b
 .debug_line    0x0000000000000000      0x43a Drivers/STM32F7xx_HAL_Driver/Src/stm32f7xx_hal.o
 .debug_line    0x000000000000043a      0x706 Drivers/STM32F7xx_HAL_Driver/Src/stm32f7xx_hal_adc.o
 .debug_line    0x0000000000000b40      0x45d Drivers/STM32F7xx_HAL_Driver/Src/stm32f7xx_hal_cortex.o
 .debug_line    0x0000000000000f9d      0x99e Drivers/STM32F7xx_HAL_Driver/Src/stm32f7xx_hal_eth.o
 .debug_line    0x000000000000193b      0x40b Drivers/STM32F7xx_HAL_Driver/Src/stm32f7xx_hal_gpio.o
 .debug_line    0x0000000000001d46      0x750 Drivers/STM32F7xx_HAL_Driver/Src/stm32f7xx_hal_pcd.o
 .debug_line    0x0000000000002496      0x29f Drivers/STM32F7xx_HAL_Driver/Src/stm32f7xx_hal_pcd_ex.o
 .debug_line    0x0000000000002735      0x371 Drivers/STM32F7xx_HAL_Driver/Src/stm32f7xx_hal_pwr.o
 .debug_line    0x0000000000002aa6      0x375 Drivers/STM32F7xx_HAL_Driver/Src/stm32f7xx_hal_pwr_ex.o
 .debug_line    0x0000000000002e1b      0x5cb Drivers/STM32F7xx_HAL_Driver/Src/stm32f7xx_hal_rcc.o
 .debug_line    0x00000000000033e6      0x464 Drivers/STM32F7xx_HAL_Driver/Src/stm32f7xx_hal_rcc_ex.o
 .debug_line    0x000000000000384a      0xdfd Drivers/STM32F7xx_HAL_Driver/Src/stm32f7xx_hal_uart.o
 .debug_line    0x0000000000004647      0x963 Drivers/STM32F7xx_HAL_Driver/Src/stm32f7xx_ll_usb.o
 .debug_line    0x0000000000004faa      0x47c Src/main.o
 .debug_line    0x0000000000005426      0x3bc Src/stm32f7xx_hal_msp.o
 .debug_line    0x00000000000057e2      0x207 Src/stm32f7xx_it.o
 .debug_line    0x00000000000059e9      0x1f4 Src/system_stm32f7xx.o
 .debug_line    0x0000000000005bdd       0x7e startup/startup_stm32f767xx.o

.debug_str      0x0000000000000000     0x5067
 .debug_str     0x0000000000000000      0xd32 Drivers/STM32F7xx_HAL_Driver/Src/stm32f7xx_hal.o
                                        0xd96 (size before relaxing)
 .debug_str     0x0000000000000d32      0x6b6 Drivers/STM32F7xx_HAL_Driver/Src/stm32f7xx_hal_adc.o
                                        0xa19 (size before relaxing)
 .debug_str     0x00000000000013e8      0x560 Drivers/STM32F7xx_HAL_Driver/Src/stm32f7xx_hal_cortex.o
                                        0xf1d (size before relaxing)
 .debug_str     0x0000000000001948      0xb20 Drivers/STM32F7xx_HAL_Driver/Src/stm32f7xx_hal_eth.o
                                        0xfe0 (size before relaxing)
 .debug_str     0x0000000000002468      0x195 Drivers/STM32F7xx_HAL_Driver/Src/stm32f7xx_hal_gpio.o
                                        0x5e1 (size before relaxing)
 .debug_str     0x00000000000025fd      0xafa Drivers/STM32F7xx_HAL_Driver/Src/stm32f7xx_hal_pcd.o
                                        0xe4b (size before relaxing)
 .debug_str     0x00000000000030f7      0x168 Drivers/STM32F7xx_HAL_Driver/Src/stm32f7xx_hal_pcd_ex.o
                                        0x835 (size before relaxing)
 .debug_str     0x000000000000325f      0x22e Drivers/STM32F7xx_HAL_Driver/Src/stm32f7xx_hal_pwr.o
                                        0x721 (size before relaxing)
 .debug_str     0x000000000000348d      0x1dc Drivers/STM32F7xx_HAL_Driver/Src/stm32f7xx_hal_pwr_ex.o
                                        0x730 (size before relaxing)
 .debug_str     0x0000000000003669      0x303 Drivers/STM32F7xx_HAL_Driver/Src/stm32f7xx_hal_rcc.o
                                        0x7d3 (size before relaxing)
 .debug_str     0x000000000000396c      0x3fb Drivers/STM32F7xx_HAL_Driver/Src/stm32f7xx_hal_rcc_ex.o
                                        0x81d (size before relaxing)
 .debug_str     0x0000000000003d67      0x92a Drivers/STM32F7xx_HAL_Driver/Src/stm32f7xx_hal_uart.o
                                       0x1037 (size before relaxing)
 .debug_str     0x0000000000004691      0x42f Drivers/STM32F7xx_HAL_Driver/Src/stm32f7xx_ll_usb.o
                                        0xd63 (size before relaxing)
 .debug_str     0x0000000000004ac0      0x4a1 Src/main.o
                                       0x1b9b (size before relaxing)
 .debug_str     0x0000000000004f61       0x1b Src/stm32f7xx_hal_msp.o
                                       0x1254 (size before relaxing)
 .debug_str     0x0000000000004f7c       0xa6 Src/stm32f7xx_it.o
                                        0x334 (size before relaxing)
 .debug_str     0x0000000000005022       0x45 Src/system_stm32f7xx.o
                                        0x50e (size before relaxing)

.comment        0x0000000000000000       0x7c
 .comment       0x0000000000000000       0x7c Drivers/STM32F7xx_HAL_Driver/Src/stm32f7xx_hal.o
                                         0x7d (size before relaxing)
 .comment       0x000000000000007c       0x7d Drivers/STM32F7xx_HAL_Driver/Src/stm32f7xx_hal_adc.o
 .comment       0x000000000000007c       0x7d Drivers/STM32F7xx_HAL_Driver/Src/stm32f7xx_hal_cortex.o
 .comment       0x000000000000007c       0x7d Drivers/STM32F7xx_HAL_Driver/Src/stm32f7xx_hal_eth.o
 .comment       0x000000000000007c       0x7d Drivers/STM32F7xx_HAL_Driver/Src/stm32f7xx_hal_gpio.o
 .comment       0x000000000000007c       0x7d Drivers/STM32F7xx_HAL_Driver/Src/stm32f7xx_hal_pcd.o
 .comment       0x000000000000007c       0x7d Drivers/STM32F7xx_HAL_Driver/Src/stm32f7xx_hal_pcd_ex.o
 .comment       0x000000000000007c       0x7d Drivers/STM32F7xx_HAL_Driver/Src/stm32f7xx_hal_pwr.o
 .comment       0x000000000000007c       0x7d Drivers/STM32F7xx_HAL_Driver/Src/stm32f7xx_hal_pwr_ex.o
 .comment       0x000000000000007c       0x7d Drivers/STM32F7xx_HAL_Driver/Src/stm32f7xx_hal_rcc.o
 .comment       0x000000000000007c       0x7d Drivers/STM32F7xx_HAL_Driver/Src/stm32f7xx_hal_rcc_ex.o
 .comment       0x000000000000007c       0x7d Drivers/STM32F7xx_HAL_Driver/Src/stm32f7xx_hal_uart.o
 .comment       0x000000000000007c       0x7d Drivers/STM32F7xx_HAL_Driver/Src/stm32f7xx_ll_usb.o
 .comment       0x000000000000007c       0x7d Src/main.o
 .comment       0x000000000000007c       0x7d Src/stm32f7xx_hal_msp.o
 .comment       0x000000000000007c       0x7d Src/stm32f7xx_it.o
 .comment       0x000000000000007c       0x7d Src/system_stm32f7xx.o

.debug_frame    0x0000000000000000     0x1d80
 .debug_frame   0x0000000000000000      0x234 Drivers/STM32F7xx_HAL_Driver/Src/stm32f7xx_hal.o
 .debug_frame   0x0000000000000234      0x248 Drivers/STM32F7xx_HAL_Driver/Src/stm32f7xx_hal_adc.o
 .debug_frame   0x000000000000047c      0x158 Drivers/STM32F7xx_HAL_Driver/Src/stm32f7xx_hal_cortex.o
 .debug_frame   0x00000000000005d4      0x254 Drivers/STM32F7xx_HAL_Driver/Src/stm32f7xx_hal_eth.o
 .debug_frame   0x0000000000000828       0xd8 Drivers/STM32F7xx_HAL_Driver/Src/stm32f7xx_hal_gpio.o
 .debug_frame   0x0000000000000900      0x2c4 Drivers/STM32F7xx_HAL_Driver/Src/stm32f7xx_hal_pcd.o
 .debug_frame   0x0000000000000bc4       0x7c Drivers/STM32F7xx_HAL_Driver/Src/stm32f7xx_hal_pcd_ex.o
 .debug_frame   0x0000000000000c40      0x130 Drivers/STM32F7xx_HAL_Driver/Src/stm32f7xx_hal_pwr.o
 .debug_frame   0x0000000000000d70      0x13c Drivers/STM32F7xx_HAL_Driver/Src/stm32f7xx_hal_pwr_ex.o
 .debug_frame   0x0000000000000eac      0x148 Drivers/STM32F7xx_HAL_Driver/Src/stm32f7xx_hal_rcc.o
 .debug_frame   0x0000000000000ff4       0xcc Drivers/STM32F7xx_HAL_Driver/Src/stm32f7xx_hal_rcc_ex.o
 .debug_frame   0x00000000000010c0      0x58c Drivers/STM32F7xx_HAL_Driver/Src/stm32f7xx_hal_uart.o
 .debug_frame   0x000000000000164c      0x45c Drivers/STM32F7xx_HAL_Driver/Src/stm32f7xx_ll_usb.o
 .debug_frame   0x0000000000001aa8       0x58 Src/main.o
 .debug_frame   0x0000000000001b00       0xfc Src/stm32f7xx_hal_msp.o
 .debug_frame   0x0000000000001bfc       0xa0 Src/stm32f7xx_it.o
 .debug_frame   0x0000000000001c9c       0x38 Src/system_stm32f7xx.o
 .debug_frame   0x0000000000001cd4       0x2c /opt/Atollic_TrueSTUDIO_for_STM32_x86_64_9.3.0/ARMTools/bin/../lib/gcc/arm-atollic-eabi/6.3.1/../../../../arm-atollic-eabi/lib/armv7e-m/fpu/fpv5-d16/libc_nano.a(lib_a-init.o)
 .debug_frame   0x0000000000001d00       0x20 /opt/Atollic_TrueSTUDIO_for_STM32_x86_64_9.3.0/ARMTools/bin/../lib/gcc/arm-atollic-eabi/6.3.1/../../../../arm-atollic-eabi/lib/armv7e-m/fpu/fpv5-d16/libc_nano.a(lib_a-memset.o)
 .debug_frame   0x0000000000001d20       0x2c /opt/Atollic_TrueSTUDIO_for_STM32_x86_64_9.3.0/ARMTools/bin/../lib/gcc/arm-atollic-eabi/6.3.1/armv7e-m/fpu/fpv5-d16/libgcc.a(_aeabi_uldivmod.o)
 .debug_frame   0x0000000000001d4c       0x34 /opt/Atollic_TrueSTUDIO_for_STM32_x86_64_9.3.0/ARMTools/bin/../lib/gcc/arm-atollic-eabi/6.3.1/armv7e-m/fpu/fpv5-d16/libgcc.a(_udivmoddi4.o)
