Archive member included to satisfy reference by file (symbol)

/opt/Atollic_TrueSTUDIO_for_STM32_x86_64_9.3.0/ARMTools/bin/../lib/gcc/arm-atollic-eabi/6.3.1/../../../../arm-atollic-eabi/lib/armv7e-m/fpu/fpv5-d16/libc_nano.a(lib_a-errno.o)
                              Src/syscalls.o (__errno)
/opt/Atollic_TrueSTUDIO_for_STM32_x86_64_9.3.0/ARMTools/bin/../lib/gcc/arm-atollic-eabi/6.3.1/../../../../arm-atollic-eabi/lib/armv7e-m/fpu/fpv5-d16/libc_nano.a(lib_a-impure.o)
                              /opt/Atollic_TrueSTUDIO_for_STM32_x86_64_9.3.0/ARMTools/bin/../lib/gcc/arm-atollic-eabi/6.3.1/../../../../arm-atollic-eabi/lib/armv7e-m/fpu/fpv5-d16/libc_nano.a(lib_a-errno.o) (_impure_ptr)
/opt/Atollic_TrueSTUDIO_for_STM32_x86_64_9.3.0/ARMTools/bin/../lib/gcc/arm-atollic-eabi/6.3.1/../../../../arm-atollic-eabi/lib/armv7e-m/fpu/fpv5-d16/libc_nano.a(lib_a-init.o)
                              startup/startup_stm32f767xx.o (__libc_init_array)
/opt/Atollic_TrueSTUDIO_for_STM32_x86_64_9.3.0/ARMTools/bin/../lib/gcc/arm-atollic-eabi/6.3.1/../../../../arm-atollic-eabi/lib/armv7e-m/fpu/fpv5-d16/libc_nano.a(lib_a-memset.o)
                              Src/main.o (memset)
/opt/Atollic_TrueSTUDIO_for_STM32_x86_64_9.3.0/ARMTools/bin/../lib/gcc/arm-atollic-eabi/6.3.1/armv7e-m/fpu/fpv5-d16/libgcc.a(_aeabi_uldivmod.o)
                              Drivers/STM32F7xx_HAL_Driver/Src/stm32f7xx_hal_rcc.o (__aeabi_uldivmod)
/opt/Atollic_TrueSTUDIO_for_STM32_x86_64_9.3.0/ARMTools/bin/../lib/gcc/arm-atollic-eabi/6.3.1/armv7e-m/fpu/fpv5-d16/libgcc.a(_udivmoddi4.o)
                              /opt/Atollic_TrueSTUDIO_for_STM32_x86_64_9.3.0/ARMTools/bin/../lib/gcc/arm-atollic-eabi/6.3.1/armv7e-m/fpu/fpv5-d16/libgcc.a(_aeabi_uldivmod.o) (__udivmoddi4)
/opt/Atollic_TrueSTUDIO_for_STM32_x86_64_9.3.0/ARMTools/bin/../lib/gcc/arm-atollic-eabi/6.3.1/armv7e-m/fpu/fpv5-d16/libgcc.a(_dvmd_tls.o)
                              /opt/Atollic_TrueSTUDIO_for_STM32_x86_64_9.3.0/ARMTools/bin/../lib/gcc/arm-atollic-eabi/6.3.1/armv7e-m/fpu/fpv5-d16/libgcc.a(_aeabi_uldivmod.o) (__aeabi_ldiv0)

Allocating common symbols
Common symbol       size              file

huart3              0x80              Src/main.o
hpcd_USB_OTG_FS     0x404             Src/main.o
uwTick              0x4               Drivers/STM32F7xx_HAL_Driver/Src/stm32f7xx_hal.o
pFlash              0x1c              Drivers/STM32F7xx_HAL_Driver/Src/stm32f7xx_hal_flash.o
allReceivedMessageCount
                    0x2               Src/canAPI.o
allReceivedMessages
                    0x14              Src/canAPI.o
timeModule          0x4               Src/timeout.o
htim2               0x40              Src/main.o
hcan1               0x28              Src/canAPI.o
allReceiveIDs       0x8               Src/canAPI.o
heth                0x48              Src/main.o

Discarded input sections

 .text          0x0000000000000000        0x0 /opt/Atollic_TrueSTUDIO_for_STM32_x86_64_9.3.0/ARMTools/bin/../lib/gcc/arm-atollic-eabi/6.3.1/armv7e-m/fpu/fpv5-d16/crti.o
 .data          0x0000000000000000        0x0 /opt/Atollic_TrueSTUDIO_for_STM32_x86_64_9.3.0/ARMTools/bin/../lib/gcc/arm-atollic-eabi/6.3.1/armv7e-m/fpu/fpv5-d16/crti.o
 .bss           0x0000000000000000        0x0 /opt/Atollic_TrueSTUDIO_for_STM32_x86_64_9.3.0/ARMTools/bin/../lib/gcc/arm-atollic-eabi/6.3.1/armv7e-m/fpu/fpv5-d16/crti.o
 .data          0x0000000000000000        0x4 /opt/Atollic_TrueSTUDIO_for_STM32_x86_64_9.3.0/ARMTools/bin/../lib/gcc/arm-atollic-eabi/6.3.1/armv7e-m/fpu/fpv5-d16/crtbegin.o
 .text          0x0000000000000000        0x0 Drivers/STM32F7xx_HAL_Driver/Src/stm32f7xx_hal.o
 .data          0x0000000000000000        0x0 Drivers/STM32F7xx_HAL_Driver/Src/stm32f7xx_hal.o
 .bss           0x0000000000000000        0x0 Drivers/STM32F7xx_HAL_Driver/Src/stm32f7xx_hal.o
 .text.HAL_MspInit
                0x0000000000000000        0x2 Drivers/STM32F7xx_HAL_Driver/Src/stm32f7xx_hal.o
 .text.HAL_MspDeInit
                0x0000000000000000        0x2 Drivers/STM32F7xx_HAL_Driver/Src/stm32f7xx_hal.o
 .text.HAL_DeInit
                0x0000000000000000       0x2c Drivers/STM32F7xx_HAL_Driver/Src/stm32f7xx_hal.o
 .text.HAL_GetTickPrio
                0x0000000000000000        0xc Drivers/STM32F7xx_HAL_Driver/Src/stm32f7xx_hal.o
 .text.HAL_SetTickFreq
                0x0000000000000000       0x28 Drivers/STM32F7xx_HAL_Driver/Src/stm32f7xx_hal.o
 .text.HAL_GetTickFreq
                0x0000000000000000        0xc Drivers/STM32F7xx_HAL_Driver/Src/stm32f7xx_hal.o
 .text.HAL_SuspendTick
                0x0000000000000000       0x10 Drivers/STM32F7xx_HAL_Driver/Src/stm32f7xx_hal.o
 .text.HAL_ResumeTick
                0x0000000000000000       0x10 Drivers/STM32F7xx_HAL_Driver/Src/stm32f7xx_hal.o
 .text.HAL_GetHalVersion
                0x0000000000000000        0x8 Drivers/STM32F7xx_HAL_Driver/Src/stm32f7xx_hal.o
 .text.HAL_GetREVID
                0x0000000000000000        0xc Drivers/STM32F7xx_HAL_Driver/Src/stm32f7xx_hal.o
[...]
Memory Configuration

Name             Origin             Length             Attributes
RAM              0x0000000020000000 0x0000000000080000 xrw
FLASH            0x0000000008000000 0x0000000000200000 xr
*default*        0x0000000000000000 0xffffffffffffffff

Linker script and memory map

LOAD /opt/Atollic_TrueSTUDIO_for_STM32_x86_64_9.3.0/ARMTools/bin/../lib/gcc/arm-atollic-eabi/6.3.1/armv7e-m/fpu/fpv5-d16/crti.o
LOAD /opt/Atollic_TrueSTUDIO_for_STM32_x86_64_9.3.0/ARMTools/bin/../lib/gcc/arm-atollic-eabi/6.3.1/armv7e-m/fpu/fpv5-d16/crtbegin.o
LOAD Drivers/STM32F7xx_HAL_Driver/Src/stm32f7xx_hal.o
LOAD Drivers/STM32F7xx_HAL_Driver/Src/stm32f7xx_hal_can.o
LOAD Drivers/STM32F7xx_HAL_Driver/Src/stm32f7xx_hal_cortex.o
LOAD Drivers/STM32F7xx_HAL_Driver/Src/stm32f7xx_hal_dma.o
LOAD Drivers/STM32F7xx_HAL_Driver/Src/stm32f7xx_hal_dma_ex.o
LOAD Drivers/STM32F7xx_HAL_Driver/Src/stm32f7xx_hal_eth.o
LOAD Drivers/STM32F7xx_HAL_Driver/Src/stm32f7xx_hal_exti.o
LOAD Drivers/STM32F7xx_HAL_Driver/Src/stm32f7xx_hal_flash.o
LOAD Drivers/STM32F7xx_HAL_Driver/Src/stm32f7xx_hal_flash_ex.o
LOAD Drivers/STM32F7xx_HAL_Driver/Src/stm32f7xx_hal_gpio.o
LOAD Drivers/STM32F7xx_HAL_Driver/Src/stm32f7xx_hal_i2c.o
LOAD Drivers/STM32F7xx_HAL_Driver/Src/stm32f7xx_hal_i2c_ex.o
LOAD Drivers/STM32F7xx_HAL_Driver/Src/stm32f7xx_hal_pcd.o
LOAD Drivers/STM32F7xx_HAL_Driver/Src/stm32f7xx_hal_pcd_ex.o
LOAD Drivers/STM32F7xx_HAL_Driver/Src/stm32f7xx_hal_pwr.o
LOAD Drivers/STM32F7xx_HAL_Driver/Src/stm32f7xx_hal_pwr_ex.o
LOAD Drivers/STM32F7xx_HAL_Driver/Src/stm32f7xx_hal_rcc.o
LOAD Drivers/STM32F7xx_HAL_Driver/Src/stm32f7xx_hal_rcc_ex.o
LOAD Drivers/STM32F7xx_HAL_Driver/Src/stm32f7xx_hal_tim.o
LOAD Drivers/STM32F7xx_HAL_Driver/Src/stm32f7xx_hal_tim_ex.o
LOAD Drivers/STM32F7xx_HAL_Driver/Src/stm32f7xx_hal_uart.o
LOAD Drivers/STM32F7xx_HAL_Driver/Src/stm32f7xx_hal_uart_ex.o
LOAD Drivers/STM32F7xx_HAL_Driver/Src/stm32f7xx_ll_usb.o
LOAD Src/canAPI.o
LOAD Src/canMessage.o
LOAD Src/main.o
LOAD Src/receive.o
LOAD Src/send.o
LOAD Src/stm32f7xx_hal_msp.o
LOAD Src/stm32f7xx_it.o
LOAD Src/syscalls.o
LOAD Src/system_stm32f7xx.o
LOAD Src/timeout.o
LOAD startup/startup_stm32f767xx.o
                0x0000000000000080                malloc_getpagesize_P = 0x80
START GROUP
LOAD /opt/Atollic_TrueSTUDIO_for_STM32_x86_64_9.3.0/ARMTools/bin/../lib/gcc/arm-atollic-eabi/6.3.1/../../../../arm-atollic-eabi/lib/armv7e-m/fpu/fpv5-d16/libc_nano.a
LOAD /opt/Atollic_TrueSTUDIO_for_STM32_x86_64_9.3.0/ARMTools/bin/../lib/gcc/arm-atollic-eabi/6.3.1/../../../../arm-atollic-eabi/lib/armv7e-m/fpu/fpv5-d16/libm.a
END GROUP
START GROUP
LOAD /opt/Atollic_TrueSTUDIO_for_STM32_x86_64_9.3.0/ARMTools/bin/../lib/gcc/arm-atollic-eabi/6.3.1/armv7e-m/fpu/fpv5-d16/libgcc.a
LOAD /opt/Atollic_TrueSTUDIO_for_STM32_x86_64_9.3.0/ARMTools/bin/../lib/gcc/arm-atollic-eabi/6.3.1/../../../../arm-atollic-eabi/lib/armv7e-m/fpu/fpv5-d16/libc_nano.a
END GROUP
START GROUP
LOAD /opt/Atollic_TrueSTUDIO_for_STM32_x86_64_9.3.0/ARMTools/bin/../lib/gcc/arm-atollic-eabi/6.3.1/armv7e-m/fpu/fpv5-d16/libgcc.a
LOAD /opt/Atollic_TrueSTUDIO_for_STM32_x86_64_9.3.0/ARMTools/bin/../lib/gcc/arm-atollic-eabi/6.3.1/../../../../arm-atollic-eabi/lib/armv7e-m/fpu/fpv5-d16/libc_nano.a
LOAD /opt/Atollic_TrueSTUDIO_for_STM32_x86_64_9.3.0/ARMTools/bin/../lib/gcc/arm-atollic-eabi/6.3.1/../../../../arm-atollic-eabi/lib/armv7e-m/fpu/fpv5-d16/libnosys.a
END GROUP
START GROUP
LOAD /opt/Atollic_TrueSTUDIO_for_STM32_x86_64_9.3.0/ARMTools/bin/../lib/gcc/arm-atollic-eabi/6.3.1/armv7e-m/fpu/fpv5-d16/libgcc.a
LOAD /opt/Atollic_TrueSTUDIO_for_STM32_x86_64_9.3.0/ARMTools/bin/../lib/gcc/arm-atollic-eabi/6.3.1/../../../../arm-atollic-eabi/lib/armv7e-m/fpu/fpv5-d16/libc_nano.a
LOAD /opt/Atollic_TrueSTUDIO_for_STM32_x86_64_9.3.0/ARMTools/bin/../lib/gcc/arm-atollic-eabi/6.3.1/../../../../arm-atollic-eabi/lib/armv7e-m/fpu/fpv5-d16/libnosys.a
END GROUP
LOAD /opt/Atollic_TrueSTUDIO_for_STM32_x86_64_9.3.0/ARMTools/bin/../lib/gcc/arm-atollic-eabi/6.3.1/armv7e-m/fpu/fpv5-d16/crtend.o
LOAD /opt/Atollic_TrueSTUDIO_for_STM32_x86_64_9.3.0/ARMTools/bin/../lib/gcc/arm-atollic-eabi/6.3.1/armv7e-m/fpu/fpv5-d16/crtn.o
                0x0000000020080000                _estack = 0x20080000
                0x0000000000000200                _Min_Heap_Size = 0x200
                0x0000000000000400                _Min_Stack_Size = 0x400

.isr_vector     0x0000000008000000      0x1f8
                0x0000000008000000                . = ALIGN (0x4)
 *(.isr_vector)
 .isr_vector    0x0000000008000000      0x1f8 startup/startup_stm32f767xx.o
                0x0000000008000000                g_pfnVectors
                0x00000000080001f8                . = ALIGN (0x4)

.text           0x00000000080001f8     0x30fc
                0x00000000080001f8                . = ALIGN (0x4)
 *(.text)
 .text          0x00000000080001f8       0x40 /opt/Atollic_TrueSTUDIO_for_STM32_x86_64_9.3.0/ARMTools/bin/../lib/gcc/arm-atollic-eabi/6.3.1/armv7e-m/fpu/fpv5-d16/crtbegin.o
 .text          0x0000000008000238       0x30 /opt/Atollic_TrueSTUDIO_for_STM32_x86_64_9.3.0/ARMTools/bin/../lib/gcc/arm-atollic-eabi/6.3.1/armv7e-m/fpu/fpv5-d16/libgcc.a(_aeabi_uldivmod.o)
                0x0000000008000238                __aeabi_uldivmod
 .text          0x0000000008000268      0x2dc /opt/Atollic_TrueSTUDIO_for_STM32_x86_64_9.3.0/ARMTools/bin/../lib/gcc/arm-atollic-eabi/6.3.1/armv7e-m/fpu/fpv5-d16/libgcc.a(_udivmoddi4.o)
                0x0000000008000268                __udivmoddi4
 .text          0x0000000008000544        0x4 /opt/Atollic_TrueSTUDIO_for_STM32_x86_64_9.3.0/ARMTools/bin/../lib/gcc/arm-atollic-eabi/6.3.1/armv7e-m/fpu/fpv5-d16/libgcc.a(_dvmd_tls.o)
                0x0000000008000544                __aeabi_ldiv0
                0x0000000008000544                __aeabi_idiv0
 *(.text*)
 .text.HAL_InitTick
                0x0000000008000548       0x48 Drivers/STM32F7xx_HAL_Driver/Src/stm32f7xx_hal.o
                0x0000000008000548                HAL_InitTick
 .text.HAL_Init
                0x0000000008000590       0x16 Drivers/STM32F7xx_HAL_Driver/Src/stm32f7xx_hal.o
                0x0000000008000590                HAL_Init
 *fill*         0x00000000080005a6        0x2 
 .text.HAL_IncTick
                0x00000000080005a8       0x18 Drivers/STM32F7xx_HAL_Driver/Src/stm32f7xx_hal.o
                0x00000000080005a8                HAL_IncTick
 .text.HAL_GetTick
                0x00000000080005c0        0xc Drivers/STM32F7xx_HAL_Driver/Src/stm32f7xx_hal.o
                0x00000000080005c0                HAL_GetTick
 .text.HAL_Delay
                0x00000000080005cc       0x24 Drivers/STM32F7xx_HAL_Driver/Src/stm32f7xx_hal.o
                0x00000000080005cc                HAL_Delay
 .text.HAL_CAN_Init
                0x00000000080005f0       0xf6 Drivers/STM32F7xx_HAL_Driver/Src/stm32f7xx_hal_can.o
                0x00000000080005f0                HAL_CAN_Init
 *fill*         0x00000000080006e6        0x2 
 .text.HAL_CAN_ConfigFilter
                0x00000000080006e8      0x10c Drivers/STM32F7xx_HAL_Driver/Src/stm32f7xx_hal_can.o
                0x00000000080006e8                HAL_CAN_ConfigFilter
 .text.HAL_CAN_Start
                0x00000000080007f4       0x56 Drivers/STM32F7xx_HAL_Driver/Src/stm32f7xx_hal_can.o
                0x00000000080007f4                HAL_CAN_Start
 .text.HAL_CAN_GetRxMessage
                0x000000000800084a       0xec Drivers/STM32F7xx_HAL_Driver/Src/stm32f7xx_hal_can.o
                0x000000000800084a                HAL_CAN_GetRxMessage
 .text.HAL_CAN_ActivateNotification
                0x0000000008000936       0x22 Drivers/STM32F7xx_HAL_Driver/Src/stm32f7xx_hal_can.o
                0x0000000008000936                HAL_CAN_ActivateNotification
 .text.HAL_CAN_TxMailbox0CompleteCallback
                0x0000000008000958        0x2 Drivers/STM32F7xx_HAL_Driver/Src/stm32f7xx_hal_can.o
                0x0000000008000958                HAL_CAN_TxMailbox0CompleteCallback
 .text.HAL_CAN_TxMailbox1CompleteCallback
                0x000000000800095a        0x2 Drivers/STM32F7xx_HAL_Driver/Src/stm32f7xx_hal_can.o
                0x000000000800095a                HAL_CAN_TxMailbox1CompleteCallback
 .text.HAL_CAN_TxMailbox2CompleteCallback
                0x000000000800095c        0x2 Drivers/STM32F7xx_HAL_Driver/Src/stm32f7xx_hal_can.o
                0x000000000800095c                HAL_CAN_TxMailbox2CompleteCallback
 .text.HAL_CAN_TxMailbox0AbortCallback
                0x000000000800095e        0x2 Drivers/STM32F7xx_HAL_Driver/Src/stm32f7xx_hal_can.o
                0x000000000800095e                HAL_CAN_TxMailbox0AbortCallback
 .text.HAL_CAN_TxMailbox1AbortCallback
                0x0000000008000960        0x2 Drivers/STM32F7xx_HAL_Driver/Src/stm32f7xx_hal_can.o
                0x0000000008000960                HAL_CAN_TxMailbox1AbortCallback
 .text.HAL_CAN_TxMailbox2AbortCallback
                0x0000000008000962        0x2 Drivers/STM32F7xx_HAL_Driver/Src/stm32f7xx_hal_can.o
                0x0000000008000962                HAL_CAN_TxMailbox2AbortCallback
 .text.HAL_CAN_RxFifo0FullCallback
                0x0000000008000964        0x2 Drivers/STM32F7xx_HAL_Driver/Src/stm32f7xx_hal_can.o
                0x0000000008000964                HAL_CAN_RxFifo0FullCallback
 .text.HAL_CAN_RxFifo1MsgPendingCallback
                0x0000000008000966        0x2 Drivers/STM32F7xx_HAL_Driver/Src/stm32f7xx_hal_can.o
                0x0000000008000966                HAL_CAN_RxFifo1MsgPendingCallback
 .text.HAL_CAN_RxFifo1FullCallback
                0x0000000008000968        0x2 Drivers/STM32F7xx_HAL_Driver/Src/stm32f7xx_hal_can.o
                0x0000000008000968                HAL_CAN_RxFifo1FullCallback
 .text.HAL_CAN_SleepCallback
                0x000000000800096a        0x2 Drivers/STM32F7xx_HAL_Driver/Src/stm32f7xx_hal_can.o
                0x000000000800096a                HAL_CAN_SleepCallback
 .text.HAL_CAN_WakeUpFromRxMsgCallback
                0x000000000800096c        0x2 Drivers/STM32F7xx_HAL_Driver/Src/stm32f7xx_hal_can.o
                0x000000000800096c                HAL_CAN_WakeUpFromRxMsgCallback
 .text.HAL_CAN_ErrorCallback
                0x000000000800096e        0x2 Drivers/STM32F7xx_HAL_Driver/Src/stm32f7xx_hal_can.o
                0x000000000800096e                HAL_CAN_ErrorCallback
 .text.HAL_CAN_IRQHandler
                0x0000000008000970      0x1fc Drivers/STM32F7xx_HAL_Driver/Src/stm32f7xx_hal_can.o
                0x0000000008000970                HAL_CAN_IRQHandler
 .text.HAL_NVIC_SetPriorityGrouping
                0x0000000008000b6c       0x24 Drivers/STM32F7xx_HAL_Driver/Src/stm32f7xx_hal_cortex.o
                0x0000000008000b6c                HAL_NVIC_SetPriorityGrouping
 .text.HAL_NVIC_SetPriority
                0x0000000008000b90       0x70 Drivers/STM32F7xx_HAL_Driver/Src/stm32f7xx_hal_cortex.o
                0x0000000008000b90                HAL_NVIC_SetPriority
 .text.HAL_NVIC_EnableIRQ
                0x0000000008000c00       0x1c Drivers/STM32F7xx_HAL_Driver/Src/stm32f7xx_hal_cortex.o
                0x0000000008000c00                HAL_NVIC_EnableIRQ
 .text.HAL_SYSTICK_Config
                0x0000000008000c1c       0x2c Drivers/STM32F7xx_HAL_Driver/Src/stm32f7xx_hal_cortex.o
                0x0000000008000c1c                HAL_SYSTICK_Config
 .text.ETH_MACDMAConfig
                0x0000000008000c48       0xf8 Drivers/STM32F7xx_HAL_Driver/Src/stm32f7xx_hal_eth.o
 .text.HAL_ETH_ReadPHYRegister
                0x0000000008000d40       0x74 Drivers/STM32F7xx_HAL_Driver/Src/stm32f7xx_hal_eth.o
                0x0000000008000d40                HAL_ETH_ReadPHYRegister
 .text.HAL_ETH_WritePHYRegister
                0x0000000008000db4       0x6e Drivers/STM32F7xx_HAL_Driver/Src/stm32f7xx_hal_eth.o
                0x0000000008000db4                HAL_ETH_WritePHYRegister
 *fill*         0x0000000008000e22        0x2 
 .text.HAL_ETH_Init
                0x0000000008000e24      0x1f4 Drivers/STM32F7xx_HAL_Driver/Src/stm32f7xx_hal_eth.o
                0x0000000008000e24                HAL_ETH_Init
 .text.HAL_GPIO_Init
                0x0000000008001018      0x1d4 Drivers/STM32F7xx_HAL_Driver/Src/stm32f7xx_hal_gpio.o
                0x0000000008001018                HAL_GPIO_Init
 .text.HAL_GPIO_WritePin
                0x00000000080011ec        0xa Drivers/STM32F7xx_HAL_Driver/Src/stm32f7xx_hal_gpio.o
                0x00000000080011ec                HAL_GPIO_WritePin
 .text.HAL_GPIO_TogglePin
                0x00000000080011f6        0xc Drivers/STM32F7xx_HAL_Driver/Src/stm32f7xx_hal_gpio.o
                0x00000000080011f6                HAL_GPIO_TogglePin
 .text.HAL_PCD_Init
                0x0000000008001202      0x116 Drivers/STM32F7xx_HAL_Driver/Src/stm32f7xx_hal_pcd.o
                0x0000000008001202                HAL_PCD_Init
 .text.HAL_PCDEx_ActivateLPM
                0x0000000008001318       0x26 Drivers/STM32F7xx_HAL_Driver/Src/stm32f7xx_hal_pcd_ex.o
                0x0000000008001318                HAL_PCDEx_ActivateLPM
 *fill*         0x000000000800133e        0x2 
 .text.HAL_PWR_EnableBkUpAccess
                0x0000000008001340       0x10 Drivers/STM32F7xx_HAL_Driver/Src/stm32f7xx_hal_pwr.o
                0x0000000008001340                HAL_PWR_EnableBkUpAccess
 .text.HAL_PWREx_EnableOverDrive
                0x0000000008001350       0x70 Drivers/STM32F7xx_HAL_Driver/Src/stm32f7xx_hal_pwr_ex.o
                0x0000000008001350                HAL_PWREx_EnableOverDrive
 .text.HAL_RCC_OscConfig
                0x00000000080013c0      0x388 Drivers/STM32F7xx_HAL_Driver/Src/stm32f7xx_hal_rcc.o
                0x00000000080013c0                HAL_RCC_OscConfig
 .text.HAL_RCC_GetSysClockFreq
                0x0000000008001748       0x5c Drivers/STM32F7xx_HAL_Driver/Src/stm32f7xx_hal_rcc.o
                0x0000000008001748                HAL_RCC_GetSysClockFreq
 .text.HAL_RCC_ClockConfig
                0x00000000080017a4      0x140 Drivers/STM32F7xx_HAL_Driver/Src/stm32f7xx_hal_rcc.o
                0x00000000080017a4                HAL_RCC_ClockConfig
 .text.HAL_RCC_GetHCLKFreq
                0x00000000080018e4        0xc Drivers/STM32F7xx_HAL_Driver/Src/stm32f7xx_hal_rcc.o
                0x00000000080018e4                HAL_RCC_GetHCLKFreq
 .text.HAL_RCC_GetPCLK1Freq
                0x00000000080018f0       0x20 Drivers/STM32F7xx_HAL_Driver/Src/stm32f7xx_hal_rcc.o
                0x00000000080018f0                HAL_RCC_GetPCLK1Freq
 .text.HAL_RCC_GetPCLK2Freq
                0x0000000008001910       0x20 Drivers/STM32F7xx_HAL_Driver/Src/stm32f7xx_hal_rcc.o
                0x0000000008001910                HAL_RCC_GetPCLK2Freq
 .text.HAL_RCCEx_PeriphCLKConfig
                0x0000000008001930      0x55c Drivers/STM32F7xx_HAL_Driver/Src/stm32f7xx_hal_rcc_ex.o
                0x0000000008001930                HAL_RCCEx_PeriphCLKConfig
 .text.HAL_TIM_Base_Start_IT
                0x0000000008001e8c       0x2c Drivers/STM32F7xx_HAL_Driver/Src/stm32f7xx_hal_tim.o
                0x0000000008001e8c                HAL_TIM_Base_Start_IT
 .text.HAL_TIM_OC_DelayElapsedCallback
                0x0000000008001eb8        0x2 Drivers/STM32F7xx_HAL_Driver/Src/stm32f7xx_hal_tim.o
                0x0000000008001eb8                HAL_TIM_OC_DelayElapsedCallback
 .text.HAL_TIM_IC_CaptureCallback
                0x0000000008001eba        0x2 Drivers/STM32F7xx_HAL_Driver/Src/stm32f7xx_hal_tim.o
                0x0000000008001eba                HAL_TIM_IC_CaptureCallback
 .text.HAL_TIM_PWM_PulseFinishedCallback
                0x0000000008001ebc        0x2 Drivers/STM32F7xx_HAL_Driver/Src/stm32f7xx_hal_tim.o
                0x0000000008001ebc                HAL_TIM_PWM_PulseFinishedCallback
 .text.HAL_TIM_TriggerCallback
                0x0000000008001ebe        0x2 Drivers/STM32F7xx_HAL_Driver/Src/stm32f7xx_hal_tim.o
                0x0000000008001ebe                HAL_TIM_TriggerCallback
 .text.HAL_TIM_IRQHandler
                0x0000000008001ec0      0x160 Drivers/STM32F7xx_HAL_Driver/Src/stm32f7xx_hal_tim.o
                0x0000000008001ec0                HAL_TIM_IRQHandler
 .text.TIM_Base_SetConfig
                0x0000000008002020       0xcc Drivers/STM32F7xx_HAL_Driver/Src/stm32f7xx_hal_tim.o
                0x0000000008002020                TIM_Base_SetConfig
 .text.HAL_TIM_Base_Init
                0x00000000080020ec       0x34 Drivers/STM32F7xx_HAL_Driver/Src/stm32f7xx_hal_tim.o
                0x00000000080020ec                HAL_TIM_Base_Init
 .text.TIM_ETR_SetConfig
                0x0000000008002120       0x14 Drivers/STM32F7xx_HAL_Driver/Src/stm32f7xx_hal_tim.o
                0x0000000008002120                TIM_ETR_SetConfig
 .text.HAL_TIM_ConfigClockSource
                0x0000000008002134      0x128 Drivers/STM32F7xx_HAL_Driver/Src/stm32f7xx_hal_tim.o
                0x0000000008002134                HAL_TIM_ConfigClockSource
 .text.HAL_TIMEx_MasterConfigSynchronization
                0x000000000800225c       0x9c Drivers/STM32F7xx_HAL_Driver/Src/stm32f7xx_hal_tim_ex.o
                0x000000000800225c                HAL_TIMEx_MasterConfigSynchronization
 .text.HAL_TIMEx_CommutCallback
                0x00000000080022f8        0x2 Drivers/STM32F7xx_HAL_Driver/Src/stm32f7xx_hal_tim_ex.o
                0x00000000080022f8                HAL_TIMEx_CommutCallback
 .text.HAL_TIMEx_BreakCallback
                0x00000000080022fa        0x2 Drivers/STM32F7xx_HAL_Driver/Src/stm32f7xx_hal_tim_ex.o
                0x00000000080022fa                HAL_TIMEx_BreakCallback
 .text.HAL_TIMEx_Break2Callback
                0x00000000080022fc        0x2 Drivers/STM32F7xx_HAL_Driver/Src/stm32f7xx_hal_tim_ex.o
                0x00000000080022fc                HAL_TIMEx_Break2Callback
 *fill*         0x00000000080022fe        0x2 
 .text.UART_SetConfig
                0x0000000008002300      0x288 Drivers/STM32F7xx_HAL_Driver/Src/stm32f7xx_hal_uart.o
                0x0000000008002300                UART_SetConfig
 .text.UART_AdvFeatureConfig
                0x0000000008002588       0xaa Drivers/STM32F7xx_HAL_Driver/Src/stm32f7xx_hal_uart.o
                0x0000000008002588                UART_AdvFeatureConfig
 .text.UART_WaitOnFlagUntilTimeout
                0x0000000008002632       0x86 Drivers/STM32F7xx_HAL_Driver/Src/stm32f7xx_hal_uart.o
                0x0000000008002632                UART_WaitOnFlagUntilTimeout
 .text.UART_CheckIdleState
                0x00000000080026b8       0x60 Drivers/STM32F7xx_HAL_Driver/Src/stm32f7xx_hal_uart.o
                0x00000000080026b8                UART_CheckIdleState
 .text.HAL_UART_Init
                0x0000000008002718       0x5c Drivers/STM32F7xx_HAL_Driver/Src/stm32f7xx_hal_uart.o
                0x0000000008002718                HAL_UART_Init
 .text.USB_CoreReset
                0x0000000008002774       0x30 Drivers/STM32F7xx_HAL_Driver/Src/stm32f7xx_ll_usb.o
 .text.USB_CoreInit
                0x00000000080027a4       0x76 Drivers/STM32F7xx_HAL_Driver/Src/stm32f7xx_ll_usb.o
                0x00000000080027a4                USB_CoreInit
 .text.USB_DisableGlobalInt
                0x000000000800281a        0xc Drivers/STM32F7xx_HAL_Driver/Src/stm32f7xx_ll_usb.o
                0x000000000800281a                USB_DisableGlobalInt
 .text.USB_SetCurrentMode
                0x0000000008002826       0x2e Drivers/STM32F7xx_HAL_Driver/Src/stm32f7xx_ll_usb.o
                0x0000000008002826                USB_SetCurrentMode
 .text.USB_FlushTxFifo
                0x0000000008002854       0x24 Drivers/STM32F7xx_HAL_Driver/Src/stm32f7xx_ll_usb.o
                0x0000000008002854                USB_FlushTxFifo
 .text.USB_FlushRxFifo
                0x0000000008002878       0x20 Drivers/STM32F7xx_HAL_Driver/Src/stm32f7xx_ll_usb.o
                0x0000000008002878                USB_FlushRxFifo
 .text.USB_SetDevSpeed
                0x0000000008002898        0xe Drivers/STM32F7xx_HAL_Driver/Src/stm32f7xx_ll_usb.o
                0x0000000008002898                USB_SetDevSpeed
 *fill*         0x00000000080028a6        0x2 
 .text.USB_DevInit
                0x00000000080028a8      0x174 Drivers/STM32F7xx_HAL_Driver/Src/stm32f7xx_ll_usb.o
                0x00000000080028a8                USB_DevInit
 .text.USB_DevDisconnect
                0x0000000008002a1c       0x18 Drivers/STM32F7xx_HAL_Driver/Src/stm32f7xx_ll_usb.o
                0x0000000008002a1c                USB_DevDisconnect
 .text.canAPIInit
                0x0000000008002a34       0xbc Src/canAPI.o
                0x0000000008002a34                canAPIInit
 .text.canAPIRun
                0x0000000008002af0       0x58 Src/canAPI.o
                0x0000000008002af0                canAPIRun
 .text.handleCANReceiveInterrupt
                0x0000000008002b48       0x5c Src/canAPI.o
                0x0000000008002b48                handleCANReceiveInterrupt
 .text.HAL_CAN_RxFifo0MsgPendingCallback
                0x0000000008002ba4       0x10 Src/canAPI.o
                0x0000000008002ba4                HAL_CAN_RxFifo0MsgPendingCallback
 .text.SystemClock_Config
                0x0000000008002bb4       0xb4 Src/main.o
                0x0000000008002bb4                SystemClock_Config
 .text.startup.main
                0x0000000008002c68      0x208 Src/main.o
                0x0000000008002c68                main
 .text.testReceiveData
                0x0000000008002e70       0x10 Src/receive.o
                0x0000000008002e70                testReceiveData
 .text.HAL_MspInit
                0x0000000008002e80       0x30 Src/stm32f7xx_hal_msp.o
                0x0000000008002e80                HAL_MspInit
 .text.HAL_CAN_MspInit
                0x0000000008002eb0       0x74 Src/stm32f7xx_hal_msp.o
                0x0000000008002eb0                HAL_CAN_MspInit
 .text.HAL_ETH_MspInit
                0x0000000008002f24      0x10c Src/stm32f7xx_hal_msp.o
                0x0000000008002f24                HAL_ETH_MspInit
 .text.HAL_TIM_Base_MspInit
                0x0000000008003030       0x36 Src/stm32f7xx_hal_msp.o
                0x0000000008003030                HAL_TIM_Base_MspInit
 *fill*         0x0000000008003066        0x2 
 .text.HAL_UART_MspInit
                0x0000000008003068       0x68 Src/stm32f7xx_hal_msp.o
                0x0000000008003068                HAL_UART_MspInit
 .text.HAL_PCD_MspInit
                0x00000000080030d0       0x8c Src/stm32f7xx_hal_msp.o
                0x00000000080030d0                HAL_PCD_MspInit
 .text.NMI_Handler
                0x000000000800315c        0x2 Src/stm32f7xx_it.o
                0x000000000800315c                NMI_Handler
 .text.HardFault_Handler
                0x000000000800315e        0x2 Src/stm32f7xx_it.o
                0x000000000800315e                HardFault_Handler
 .text.MemManage_Handler
                0x0000000008003160        0x2 Src/stm32f7xx_it.o
                0x0000000008003160                MemManage_Handler
 .text.BusFault_Handler
                0x0000000008003162        0x2 Src/stm32f7xx_it.o
                0x0000000008003162                BusFault_Handler
 .text.UsageFault_Handler
                0x0000000008003164        0x2 Src/stm32f7xx_it.o
                0x0000000008003164                UsageFault_Handler
 .text.SVC_Handler
                0x0000000008003166        0x2 Src/stm32f7xx_it.o
                0x0000000008003166                SVC_Handler
 .text.DebugMon_Handler
                0x0000000008003168        0x2 Src/stm32f7xx_it.o
                0x0000000008003168                DebugMon_Handler
 .text.PendSV_Handler
                0x000000000800316a        0x2 Src/stm32f7xx_it.o
                0x000000000800316a                PendSV_Handler
 .text.SysTick_Handler
                0x000000000800316c        0x4 Src/stm32f7xx_it.o
                0x000000000800316c                SysTick_Handler
 .text.CAN1_RX0_IRQHandler
                0x0000000008003170        0xc Src/stm32f7xx_it.o
                0x0000000008003170                CAN1_RX0_IRQHandler
 .text.TIM2_IRQHandler
                0x000000000800317c        0xc Src/stm32f7xx_it.o
                0x000000000800317c                TIM2_IRQHandler
 .text.SystemInit
                0x0000000008003188       0x1c Src/system_stm32f7xx.o
                0x0000000008003188                SystemInit
 .text.initTimeout
                0x00000000080031a4       0x20 Src/timeout.o
                0x00000000080031a4                initTimeout
 .text.hasTimedOut
                0x00000000080031c4       0x20 Src/timeout.o
                0x00000000080031c4                hasTimedOut
 .text.handleHeartbeatLED
                0x00000000080031e4       0x30 Src/timeout.o
                0x00000000080031e4                handleHeartbeatLED
 .text.HAL_TIM_PeriodElapsedCallback
                0x0000000008003214       0x1c Src/timeout.o
                0x0000000008003214                HAL_TIM_PeriodElapsedCallback
 .text.Reset_Handler
                0x0000000008003230       0x50 startup/startup_stm32f767xx.o
                0x0000000008003230                Reset_Handler
 .text.Default_Handler
                0x0000000008003280        0x2 startup/startup_stm32f767xx.o
                0x0000000008003280                RTC_Alarm_IRQHandler
                0x0000000008003280                EXTI2_IRQHandler
                0x0000000008003280                TIM8_CC_IRQHandler
                0x0000000008003280                UART8_IRQHandler
                0x0000000008003280                SPI4_IRQHandler
                0x0000000008003280                TIM1_CC_IRQHandler
                0x0000000008003280                DMA2_Stream5_IRQHandler
                0x0000000008003280                JPEG_IRQHandler
                0x0000000008003280                DMA1_Stream5_IRQHandler
                0x0000000008003280                CAN3_RX1_IRQHandler
                0x0000000008003280                PVD_IRQHandler
                0x0000000008003280                TAMP_STAMP_IRQHandler
                0x0000000008003280                CAN2_RX1_IRQHandler
                0x0000000008003280                EXTI3_IRQHandler
                0x0000000008003280                TIM8_TRG_COM_TIM14_IRQHandler
                0x0000000008003280                DFSDM1_FLT1_IRQHandler
                0x0000000008003280                TIM1_UP_TIM10_IRQHandler
                0x0000000008003280                TIM8_UP_TIM13_IRQHandler
                0x0000000008003280                I2C3_ER_IRQHandler
                0x0000000008003280                DFSDM1_FLT2_IRQHandler
                0x0000000008003280                EXTI0_IRQHandler
                0x0000000008003280                I2C2_EV_IRQHandler
                0x0000000008003280                DMA1_Stream2_IRQHandler
                0x0000000008003280                FPU_IRQHandler
                0x0000000008003280                OTG_HS_WKUP_IRQHandler
                0x0000000008003280                CAN3_SCE_IRQHandler
                0x0000000008003280                LTDC_ER_IRQHandler
                0x0000000008003280                CAN2_SCE_IRQHandler
                0x0000000008003280                DMA2_Stream2_IRQHandler
                0x0000000008003280                SPI1_IRQHandler
                0x0000000008003280                TIM6_DAC_IRQHandler
                0x0000000008003280                TIM1_BRK_TIM9_IRQHandler
                0x0000000008003280                DCMI_IRQHandler
                0x0000000008003280                CAN2_RX0_IRQHandler
                0x0000000008003280                DMA2_Stream3_IRQHandler
                0x0000000008003280                SAI2_IRQHandler
                0x0000000008003280                DFSDM1_FLT3_IRQHandler
                0x0000000008003280                USART6_IRQHandler
                0x0000000008003280                CAN3_RX0_IRQHandler
                0x0000000008003280                USART3_IRQHandler
                0x0000000008003280                CAN1_RX1_IRQHandler
                0x0000000008003280                UART5_IRQHandler
                0x0000000008003280                DMA2_Stream0_IRQHandler
                0x0000000008003280                TIM4_IRQHandler
                0x0000000008003280                QUADSPI_IRQHandler
                0x0000000008003280                I2C1_EV_IRQHandler
                0x0000000008003280                DMA1_Stream6_IRQHandler
                0x0000000008003280                DMA1_Stream1_IRQHandler
                0x0000000008003280                UART4_IRQHandler
                0x0000000008003280                TIM3_IRQHandler
                0x0000000008003280                RCC_IRQHandler
                0x0000000008003280                TIM8_BRK_TIM12_IRQHandler
                0x0000000008003280                Default_Handler
                0x0000000008003280                CEC_IRQHandler
                0x0000000008003280                EXTI15_10_IRQHandler
                0x0000000008003280                ADC_IRQHandler
                0x0000000008003280                DMA1_Stream7_IRQHandler
                0x0000000008003280                SPI5_IRQHandler
                0x0000000008003280                TIM7_IRQHandler
                0x0000000008003280                SDMMC1_IRQHandler
                0x0000000008003280                CAN2_TX_IRQHandler
                0x0000000008003280                TIM5_IRQHandler
                0x0000000008003280                DMA2_Stream7_IRQHandler
                0x0000000008003280                I2C3_EV_IRQHandler
                0x0000000008003280                EXTI9_5_IRQHandler
                0x0000000008003280                RTC_WKUP_IRQHandler
                0x0000000008003280                LTDC_IRQHandler
                0x0000000008003280                ETH_WKUP_IRQHandler
                0x0000000008003280                SPDIF_RX_IRQHandler
                0x0000000008003280                SPI2_IRQHandler
                0x0000000008003280                OTG_HS_EP1_IN_IRQHandler
                0x0000000008003280                DMA1_Stream0_IRQHandler
                0x0000000008003280                CAN1_TX_IRQHandler
                0x0000000008003280                EXTI4_IRQHandler
                0x0000000008003280                RNG_IRQHandler
                0x0000000008003280                ETH_IRQHandler
                0x0000000008003280                OTG_HS_EP1_OUT_IRQHandler
                0x0000000008003280                WWDG_IRQHandler
                0x0000000008003280                SPI6_IRQHandler
                0x0000000008003280                MDIOS_IRQHandler
                0x0000000008003280                I2C4_EV_IRQHandler
                0x0000000008003280                CAN3_TX_IRQHandler
                0x0000000008003280                OTG_FS_WKUP_IRQHandler
                0x0000000008003280                TIM1_TRG_COM_TIM11_IRQHandler
                0x0000000008003280                OTG_HS_IRQHandler
                0x0000000008003280                DMA2D_IRQHandler
                0x0000000008003280                EXTI1_IRQHandler
                0x0000000008003280                SDMMC2_IRQHandler
                0x0000000008003280                UART7_IRQHandler
                0x0000000008003280                USART2_IRQHandler
                0x0000000008003280                DFSDM1_FLT0_IRQHandler
                0x0000000008003280                I2C2_ER_IRQHandler
                0x0000000008003280                DMA2_Stream1_IRQHandler
                0x0000000008003280                CAN1_SCE_IRQHandler
                0x0000000008003280                FLASH_IRQHandler
                0x0000000008003280                DMA2_Stream4_IRQHandler
                0x0000000008003280                USART1_IRQHandler
                0x0000000008003280                OTG_FS_IRQHandler
                0x0000000008003280                SPI3_IRQHandler
                0x0000000008003280                DMA1_Stream4_IRQHandler
                0x0000000008003280                I2C1_ER_IRQHandler
                0x0000000008003280                FMC_IRQHandler
                0x0000000008003280                LPTIM1_IRQHandler
                0x0000000008003280                I2C4_ER_IRQHandler
                0x0000000008003280                DMA2_Stream6_IRQHandler
                0x0000000008003280                SAI1_IRQHandler
                0x0000000008003280                DMA1_Stream3_IRQHandler
 *fill*         0x0000000008003282        0x2 
 .text.__libc_init_array
                0x0000000008003284       0x48 /opt/Atollic_TrueSTUDIO_for_STM32_x86_64_9.3.0/ARMTools/bin/../lib/gcc/arm-atollic-eabi/6.3.1/../../../../arm-atollic-eabi/lib/armv7e-m/fpu/fpv5-d16/libc_nano.a(lib_a-init.o)
                0x0000000008003284                __libc_init_array
 .text.memset   0x00000000080032cc       0x10 /opt/Atollic_TrueSTUDIO_for_STM32_x86_64_9.3.0/ARMTools/bin/../lib/gcc/arm-atollic-eabi/6.3.1/../../../../arm-atollic-eabi/lib/armv7e-m/fpu/fpv5-d16/libc_nano.a(lib_a-memset.o)
                0x00000000080032cc                memset
 *(.glue_7)
 .glue_7        0x00000000080032dc        0x0 linker stubs
 *(.glue_7t)
 .glue_7t       0x00000000080032dc        0x0 linker stubs
 *(.eh_frame)
 .eh_frame      0x00000000080032dc        0x0 /opt/Atollic_TrueSTUDIO_for_STM32_x86_64_9.3.0/ARMTools/bin/../lib/gcc/arm-atollic-eabi/6.3.1/armv7e-m/fpu/fpv5-d16/crtbegin.o
 *(.init)
 .init          0x00000000080032dc        0x4 /opt/Atollic_TrueSTUDIO_for_STM32_x86_64_9.3.0/ARMTools/bin/../lib/gcc/arm-atollic-eabi/6.3.1/armv7e-m/fpu/fpv5-d16/crti.o
                0x00000000080032dc                _init
 .init          0x00000000080032e0        0x8 /opt/Atollic_TrueSTUDIO_for_STM32_x86_64_9.3.0/ARMTools/bin/../lib/gcc/arm-atollic-eabi/6.3.1/armv7e-m/fpu/fpv5-d16/crtn.o
 *(.fini)
 .fini          0x00000000080032e8        0x4 /opt/Atollic_TrueSTUDIO_for_STM32_x86_64_9.3.0/ARMTools/bin/../lib/gcc/arm-atollic-eabi/6.3.1/armv7e-m/fpu/fpv5-d16/crti.o
                0x00000000080032e8                _fini
 .fini          0x00000000080032ec        0x8 /opt/Atollic_TrueSTUDIO_for_STM32_x86_64_9.3.0/ARMTools/bin/../lib/gcc/arm-atollic-eabi/6.3.1/armv7e-m/fpu/fpv5-d16/crtn.o
                0x00000000080032f4                . = ALIGN (0x4)
                0x00000000080032f4                _etext = .

.vfp11_veneer   0x00000000080032f4        0x0
 .vfp11_veneer  0x00000000080032f4        0x0 linker stubs

.v4_bx          0x00000000080032f4        0x0
 .v4_bx         0x00000000080032f4        0x0 linker stubs

.iplt           0x00000000080032f4        0x0
 .iplt          0x00000000080032f4        0x0 /opt/Atollic_TrueSTUDIO_for_STM32_x86_64_9.3.0/ARMTools/bin/../lib/gcc/arm-atollic-eabi/6.3.1/armv7e-m/fpu/fpv5-d16/crtbegin.o

.rodata         0x00000000080032f4       0x2c
                0x00000000080032f4                . = ALIGN (0x4)
 *(.rodata)
 *(.rodata*)
 .rodata.CSWTCH.53
                0x00000000080032f4        0x4 Drivers/STM32F7xx_HAL_Driver/Src/stm32f7xx_hal_uart.o
 .rodata.CSWTCH.54
                0x00000000080032f8        0xd Drivers/STM32F7xx_HAL_Driver/Src/stm32f7xx_hal_uart.o
 .rodata.AHBPrescTable
                0x0000000008003305       0x10 Src/system_stm32f7xx.o
                0x0000000008003305                AHBPrescTable
 .rodata.APBPrescTable
                0x0000000008003315        0x8 Src/system_stm32f7xx.o
                0x0000000008003315                APBPrescTable
                0x0000000008003320                . = ALIGN (0x4)
 *fill*         0x000000000800331d        0x3 

.ARM.extab
 *(.ARM.extab* .gnu.linkonce.armextab.*)

.ARM            0x0000000008003320        0x8
                0x0000000008003320                __exidx_start = .
 *(.ARM.exidx*)
 .ARM.exidx     0x0000000008003320        0x8 /opt/Atollic_TrueSTUDIO_for_STM32_x86_64_9.3.0/ARMTools/bin/../lib/gcc/arm-atollic-eabi/6.3.1/armv7e-m/fpu/fpv5-d16/libgcc.a(_udivmoddi4.o)
                0x0000000008003328                __exidx_end = .

.rel.dyn        0x0000000008003328        0x0
 .rel.iplt      0x0000000008003328        0x0 /opt/Atollic_TrueSTUDIO_for_STM32_x86_64_9.3.0/ARMTools/bin/../lib/gcc/arm-atollic-eabi/6.3.1/armv7e-m/fpu/fpv5-d16/crtbegin.o

.preinit_array  0x0000000008003328        0x0
                0x0000000008003328                PROVIDE (__preinit_array_start, .)
 *(.preinit_array*)
                0x0000000008003328                PROVIDE (__preinit_array_end, .)

.init_array     0x0000000008003328        0x4
                0x0000000008003328                PROVIDE (__init_array_start, .)
 *(SORT(.init_array.*))
 *(.init_array*)
 .init_array    0x0000000008003328        0x4 /opt/Atollic_TrueSTUDIO_for_STM32_x86_64_9.3.0/ARMTools/bin/../lib/gcc/arm-atollic-eabi/6.3.1/armv7e-m/fpu/fpv5-d16/crtbegin.o
                0x000000000800332c                PROVIDE (__init_array_end, .)

.fini_array     0x000000000800332c        0x4
                [!provide]                        PROVIDE (__fini_array_start, .)
 *(SORT(.fini_array.*))
 *(.fini_array*)
 .fini_array    0x000000000800332c        0x4 /opt/Atollic_TrueSTUDIO_for_STM32_x86_64_9.3.0/ARMTools/bin/../lib/gcc/arm-atollic-eabi/6.3.1/armv7e-m/fpu/fpv5-d16/crtbegin.o
                [!provide]                        PROVIDE (__fini_array_end, .)
                0x0000000008003330                _sidata = LOADADDR (.data)

.data           0x0000000020000000       0x24 load address 0x0000000008003330
                0x0000000020000000                . = ALIGN (0x4)
                0x0000000020000000                _sdata = .
 *(.data)
 *(.data*)
 .data.uwTickFreq
                0x0000000020000000        0x1 Drivers/STM32F7xx_HAL_Driver/Src/stm32f7xx_hal.o
                0x0000000020000000                uwTickFreq
 *fill*         0x0000000020000001        0x3 
 .data.uwTickPrio
                0x0000000020000004        0x4 Drivers/STM32F7xx_HAL_Driver/Src/stm32f7xx_hal.o
                0x0000000020000004                uwTickPrio
 .data.allRXMessages
                0x0000000020000008        0x4 Src/canMessage.o
                0x0000000020000008                allRXMessages
 .data.testRXMessage
                0x000000002000000c       0x14 Src/canMessage.o
 .data.SystemCoreClock
                0x0000000020000020        0x4 Src/system_stm32f7xx.o
                0x0000000020000020                SystemCoreClock
                0x0000000020000024                . = ALIGN (0x4)
                0x0000000020000024                _edata = .

.igot.plt       0x0000000020000024        0x0 load address 0x0000000008003354
 .igot.plt      0x0000000020000024        0x0 /opt/Atollic_TrueSTUDIO_for_STM32_x86_64_9.3.0/ARMTools/bin/../lib/gcc/arm-atollic-eabi/6.3.1/armv7e-m/fpu/fpv5-d16/crtbegin.o
                0x0000000020000024                . = ALIGN (0x4)

.bss            0x0000000020000024      0x580 load address 0x0000000008003354
                0x0000000020000024                _sbss = .
                0x0000000020000024                __bss_start__ = _sbss
 *(.bss)
 .bss           0x0000000020000024       0x1c /opt/Atollic_TrueSTUDIO_for_STM32_x86_64_9.3.0/ARMTools/bin/../lib/gcc/arm-atollic-eabi/6.3.1/armv7e-m/fpu/fpv5-d16/crtbegin.o
 *(.bss*)
 .bss.currentTimeMS
                0x0000000020000040        0x4 Src/timeout.o
 .bss.heartbeatStartTime
                0x0000000020000044        0x4 Src/timeout.o
 *(COMMON)
 COMMON         0x0000000020000048        0x4 Drivers/STM32F7xx_HAL_Driver/Src/stm32f7xx_hal.o
                0x0000000020000048                uwTick
 COMMON         0x000000002000004c       0x48 Src/canAPI.o
                0x000000002000004c                allReceivedMessageCount
                0x0000000020000050                allReceivedMessages
                0x0000000020000064                hcan1
                0x000000002000008c                allReceiveIDs
 COMMON         0x0000000020000094      0x50c Src/main.o
                0x0000000020000094                huart3
                0x0000000020000114                hpcd_USB_OTG_FS
                0x0000000020000518                htim2
                0x0000000020000558                heth
 COMMON         0x00000000200005a0        0x4 Src/timeout.o
                0x00000000200005a0                timeModule
                0x00000000200005a4                . = ALIGN (0x4)
                0x00000000200005a4                _ebss = .
                0x00000000200005a4                __bss_end__ = _ebss

._user_heap_stack
                0x00000000200005a4      0x600 load address 0x0000000008003354
                0x00000000200005a4                . = ALIGN (0x4)
                0x00000000200005a4                PROVIDE (end, .)
                [!provide]                        PROVIDE (_end, .)
                0x00000000200007a4                . = (. + _Min_Heap_Size)
 *fill*         0x00000000200005a4      0x200 
                0x0000000020000ba4                . = (. + _Min_Stack_Size)
 *fill*         0x00000000200007a4      0x400 
                0x0000000020000ba4                . = ALIGN (0x4)

/DISCARD/
 libc.a(*)
 libm.a(*)
 libgcc.a(*)

.ARM.attributes
                0x0000000000000000       0x2e
 *(.ARM.attributes)
 .ARM.attributes
                0x0000000000000000       0x20 /opt/Atollic_TrueSTUDIO_for_STM32_x86_64_9.3.0/ARMTools/bin/../lib/gcc/arm-atollic-eabi/6.3.1/armv7e-m/fpu/fpv5-d16/crti.o
 .ARM.attributes
                0x0000000000000020       0x32 /opt/Atollic_TrueSTUDIO_for_STM32_x86_64_9.3.0/ARMTools/bin/../lib/gcc/arm-atollic-eabi/6.3.1/armv7e-m/fpu/fpv5-d16/crtbegin.o
 .ARM.attributes
                0x0000000000000052       0x37 Drivers/STM32F7xx_HAL_Driver/Src/stm32f7xx_hal.o
 .ARM.attributes
                0x0000000000000089       0x37 Drivers/STM32F7xx_HAL_Driver/Src/stm32f7xx_hal_can.o
 .ARM.attributes
                0x00000000000000c0       0x37 Drivers/STM32F7xx_HAL_Driver/Src/stm32f7xx_hal_cortex.o
 .ARM.attributes
                0x00000000000000f7       0x37 Drivers/STM32F7xx_HAL_Driver/Src/stm32f7xx_hal_eth.o
 .ARM.attributes
                0x000000000000012e       0x37 Drivers/STM32F7xx_HAL_Driver/Src/stm32f7xx_hal_gpio.o
 .ARM.attributes
                0x0000000000000165       0x37 Drivers/STM32F7xx_HAL_Driver/Src/stm32f7xx_hal_pcd.o
 .ARM.attributes
                0x000000000000019c       0x37 Drivers/STM32F7xx_HAL_Driver/Src/stm32f7xx_hal_pcd_ex.o
 .ARM.attributes
                0x00000000000001d3       0x37 Drivers/STM32F7xx_HAL_Driver/Src/stm32f7xx_hal_pwr.o
 .ARM.attributes
                0x000000000000020a       0x37 Drivers/STM32F7xx_HAL_Driver/Src/stm32f7xx_hal_pwr_ex.o
 .ARM.attributes
                0x0000000000000241       0x37 Drivers/STM32F7xx_HAL_Driver/Src/stm32f7xx_hal_rcc.o
 .ARM.attributes
                0x0000000000000278       0x37 Drivers/STM32F7xx_HAL_Driver/Src/stm32f7xx_hal_rcc_ex.o
 .ARM.attributes
                0x00000000000002af       0x37 Drivers/STM32F7xx_HAL_Driver/Src/stm32f7xx_hal_tim.o
 .ARM.attributes
                0x00000000000002e6       0x37 Drivers/STM32F7xx_HAL_Driver/Src/stm32f7xx_hal_tim_ex.o
 .ARM.attributes
                0x000000000000031d       0x37 Drivers/STM32F7xx_HAL_Driver/Src/stm32f7xx_hal_uart.o
 .ARM.attributes
                0x0000000000000354       0x37 Drivers/STM32F7xx_HAL_Driver/Src/stm32f7xx_ll_usb.o
 .ARM.attributes
                0x000000000000038b       0x37 Src/canAPI.o
 .ARM.attributes
                0x00000000000003c2       0x37 Src/canMessage.o
 .ARM.attributes
                0x00000000000003f9       0x37 Src/main.o
 .ARM.attributes
                0x0000000000000430       0x37 Src/receive.o
 .ARM.attributes
                0x0000000000000467       0x37 Src/stm32f7xx_hal_msp.o
 .ARM.attributes
                0x000000000000049e       0x37 Src/stm32f7xx_it.o
 .ARM.attributes
                0x00000000000004d5       0x37 Src/system_stm32f7xx.o
 .ARM.attributes
                0x000000000000050c       0x37 Src/timeout.o
 .ARM.attributes
                0x0000000000000543       0x21 startup/startup_stm32f767xx.o
 .ARM.attributes
                0x0000000000000564       0x32 /opt/Atollic_TrueSTUDIO_for_STM32_x86_64_9.3.0/ARMTools/bin/../lib/gcc/arm-atollic-eabi/6.3.1/../../../../arm-atollic-eabi/lib/armv7e-m/fpu/fpv5-d16/libc_nano.a(lib_a-init.o)
 .ARM.attributes
                0x0000000000000596       0x32 /opt/Atollic_TrueSTUDIO_for_STM32_x86_64_9.3.0/ARMTools/bin/../lib/gcc/arm-atollic-eabi/6.3.1/../../../../arm-atollic-eabi/lib/armv7e-m/fpu/fpv5-d16/libc_nano.a(lib_a-memset.o)
 .ARM.attributes
                0x00000000000005c8       0x20 /opt/Atollic_TrueSTUDIO_for_STM32_x86_64_9.3.0/ARMTools/bin/../lib/gcc/arm-atollic-eabi/6.3.1/armv7e-m/fpu/fpv5-d16/libgcc.a(_aeabi_uldivmod.o)
 .ARM.attributes
                0x00000000000005e8       0x32 /opt/Atollic_TrueSTUDIO_for_STM32_x86_64_9.3.0/ARMTools/bin/../lib/gcc/arm-atollic-eabi/6.3.1/armv7e-m/fpu/fpv5-d16/libgcc.a(_udivmoddi4.o)
 .ARM.attributes
                0x000000000000061a       0x20 /opt/Atollic_TrueSTUDIO_for_STM32_x86_64_9.3.0/ARMTools/bin/../lib/gcc/arm-atollic-eabi/6.3.1/armv7e-m/fpu/fpv5-d16/libgcc.a(_dvmd_tls.o)
 .ARM.attributes
                0x000000000000063a       0x20 /opt/Atollic_TrueSTUDIO_for_STM32_x86_64_9.3.0/ARMTools/bin/../lib/gcc/arm-atollic-eabi/6.3.1/armv7e-m/fpu/fpv5-d16/crtn.o
OUTPUT(MotecCANTest.elf elf32-littlearm)

.debug_info     0x0000000000000000    0x1943e
 .debug_info    0x0000000000000000      0xb16 Drivers/STM32F7xx_HAL_Driver/Src/stm32f7xx_hal.o
 .debug_info    0x0000000000000b16     0x1101 Drivers/STM32F7xx_HAL_Driver/Src/stm32f7xx_hal_can.o
 .debug_info    0x0000000000001c17     0x11ee Drivers/STM32F7xx_HAL_Driver/Src/stm32f7xx_hal_cortex.o
 .debug_info    0x0000000000002e05     0x19db Drivers/STM32F7xx_HAL_Driver/Src/stm32f7xx_hal_eth.o
 .debug_info    0x00000000000047e0      0x7fa Drivers/STM32F7xx_HAL_Driver/Src/stm32f7xx_hal_gpio.o
 .debug_info    0x0000000000004fda     0x179f Drivers/STM32F7xx_HAL_Driver/Src/stm32f7xx_hal_pcd.o
 .debug_info    0x0000000000006779      0x812 Drivers/STM32F7xx_HAL_Driver/Src/stm32f7xx_hal_pcd_ex.o
 .debug_info    0x0000000000006f8b      0x9c5 Drivers/STM32F7xx_HAL_Driver/Src/stm32f7xx_hal_pwr.o
 .debug_info    0x0000000000007950      0xa38 Drivers/STM32F7xx_HAL_Driver/Src/stm32f7xx_hal_pwr_ex.o
 .debug_info    0x0000000000008388      0xbac Drivers/STM32F7xx_HAL_Driver/Src/stm32f7xx_hal_rcc.o
 .debug_info    0x0000000000008f34      0x8c9 Drivers/STM32F7xx_HAL_Driver/Src/stm32f7xx_hal_rcc_ex.o
 .debug_info    0x00000000000097fd     0x36ae Drivers/STM32F7xx_HAL_Driver/Src/stm32f7xx_hal_tim.o
 .debug_info    0x000000000000ceab     0x14fe Drivers/STM32F7xx_HAL_Driver/Src/stm32f7xx_hal_tim_ex.o
 .debug_info    0x000000000000e3a9     0x1ced Drivers/STM32F7xx_HAL_Driver/Src/stm32f7xx_hal_uart.o
 .debug_info    0x0000000000010096     0x1c06 Drivers/STM32F7xx_HAL_Driver/Src/stm32f7xx_ll_usb.o
 .debug_info    0x0000000000011c9c      0xb0e Src/canAPI.o
 .debug_info    0x00000000000127aa      0x29f Src/canMessage.o
 .debug_info    0x0000000000012a49     0x284b Src/main.o
 .debug_info    0x0000000000015294      0x279 Src/receive.o
 .debug_info    0x000000000001550d     0x2375 Src/stm32f7xx_hal_msp.o
 .debug_info    0x0000000000017882      0xb2c Src/stm32f7xx_it.o
 .debug_info    0x00000000000183ae      0x744 Src/system_stm32f7xx.o
 .debug_info    0x0000000000018af2      0x8d2 Src/timeout.o
 .debug_info    0x00000000000193c4       0x7a startup/startup_stm32f767xx.o

.debug_abbrev   0x0000000000000000     0x3639
 .debug_abbrev  0x0000000000000000      0x239 Drivers/STM32F7xx_HAL_Driver/Src/stm32f7xx_hal.o
 .debug_abbrev  0x0000000000000239      0x2c4 Drivers/STM32F7xx_HAL_Driver/Src/stm32f7xx_hal_can.o
 .debug_abbrev  0x00000000000004fd      0x314 Drivers/STM32F7xx_HAL_Driver/Src/stm32f7xx_hal_cortex.o
 .debug_abbrev  0x0000000000000811      0x34e Drivers/STM32F7xx_HAL_Driver/Src/stm32f7xx_hal_eth.o
 .debug_abbrev  0x0000000000000b5f      0x1ef Drivers/STM32F7xx_HAL_Driver/Src/stm32f7xx_hal_gpio.o
 .debug_abbrev  0x0000000000000d4e      0x35f Drivers/STM32F7xx_HAL_Driver/Src/stm32f7xx_hal_pcd.o
 .debug_abbrev  0x00000000000010ad      0x1ed Drivers/STM32F7xx_HAL_Driver/Src/stm32f7xx_hal_pcd_ex.o
 .debug_abbrev  0x000000000000129a      0x1b3 Drivers/STM32F7xx_HAL_Driver/Src/stm32f7xx_hal_pwr.o
 .debug_abbrev  0x000000000000144d      0x1c4 Drivers/STM32F7xx_HAL_Driver/Src/stm32f7xx_hal_pwr_ex.o
 .debug_abbrev  0x0000000000001611      0x2d6 Drivers/STM32F7xx_HAL_Driver/Src/stm32f7xx_hal_rcc.o
 .debug_abbrev  0x00000000000018e7      0x1c8 Drivers/STM32F7xx_HAL_Driver/Src/stm32f7xx_hal_rcc_ex.o
 .debug_abbrev  0x0000000000001aaf      0x324 Drivers/STM32F7xx_HAL_Driver/Src/stm32f7xx_hal_tim.o
 .debug_abbrev  0x0000000000001dd3      0x29c Drivers/STM32F7xx_HAL_Driver/Src/stm32f7xx_hal_tim_ex.o
 .debug_abbrev  0x000000000000206f      0x31b Drivers/STM32F7xx_HAL_Driver/Src/stm32f7xx_hal_uart.o
 .debug_abbrev  0x000000000000238a      0x350 Drivers/STM32F7xx_HAL_Driver/Src/stm32f7xx_ll_usb.o
 .debug_abbrev  0x00000000000026da      0x282 Src/canAPI.o
 .debug_abbrev  0x000000000000295c       0xcc Src/canMessage.o
 .debug_abbrev  0x0000000000002a28      0x30e Src/main.o
 .debug_abbrev  0x0000000000002d36      0x126 Src/receive.o
 .debug_abbrev  0x0000000000002e5c      0x279 Src/stm32f7xx_hal_msp.o
 .debug_abbrev  0x00000000000030d5      0x1ef Src/stm32f7xx_it.o
 .debug_abbrev  0x00000000000032c4      0x142 Src/system_stm32f7xx.o
 .debug_abbrev  0x0000000000003406      0x221 Src/timeout.o
 .debug_abbrev  0x0000000000003627       0x12 startup/startup_stm32f767xx.o

.debug_loc      0x0000000000000000     0xb1f0
 .debug_loc     0x0000000000000000      0x12e Drivers/STM32F7xx_HAL_Driver/Src/stm32f7xx_hal.o
 .debug_loc     0x000000000000012e      0xad5 Drivers/STM32F7xx_HAL_Driver/Src/stm32f7xx_hal_can.o
 .debug_loc     0x0000000000000c03      0x57e Drivers/STM32F7xx_HAL_Driver/Src/stm32f7xx_hal_cortex.o
 .debug_loc     0x0000000000001181      0xca2 Drivers/STM32F7xx_HAL_Driver/Src/stm32f7xx_hal_eth.o
 .debug_loc     0x0000000000001e23      0x363 Drivers/STM32F7xx_HAL_Driver/Src/stm32f7xx_hal_gpio.o
 .debug_loc     0x0000000000002186      0xb94 Drivers/STM32F7xx_HAL_Driver/Src/stm32f7xx_hal_pcd.o
 .debug_loc     0x0000000000002d1a      0x14d Drivers/STM32F7xx_HAL_Driver/Src/stm32f7xx_hal_pcd_ex.o
 .debug_loc     0x0000000000002e67       0xae Drivers/STM32F7xx_HAL_Driver/Src/stm32f7xx_hal_pwr.o
 .debug_loc     0x0000000000002f15      0x1c2 Drivers/STM32F7xx_HAL_Driver/Src/stm32f7xx_hal_pwr_ex.o
 .debug_loc     0x00000000000030d7      0x41a Drivers/STM32F7xx_HAL_Driver/Src/stm32f7xx_hal_rcc.o
 .debug_loc     0x00000000000034f1      0x5dc Drivers/STM32F7xx_HAL_Driver/Src/stm32f7xx_hal_rcc_ex.o
 .debug_loc     0x0000000000003acd     0x32c7 Drivers/STM32F7xx_HAL_Driver/Src/stm32f7xx_hal_tim.o
 .debug_loc     0x0000000000006d94      0xe64 Drivers/STM32F7xx_HAL_Driver/Src/stm32f7xx_hal_tim_ex.o
 .debug_loc     0x0000000000007bf8     0x14de Drivers/STM32F7xx_HAL_Driver/Src/stm32f7xx_hal_uart.o
 .debug_loc     0x00000000000090d6     0x1c54 Drivers/STM32F7xx_HAL_Driver/Src/stm32f7xx_ll_usb.o
 .debug_loc     0x000000000000ad2a       0xef Src/canAPI.o
 .debug_loc     0x000000000000ae19       0x21 Src/receive.o
 .debug_loc     0x000000000000ae3a      0x1ad Src/stm32f7xx_hal_msp.o
 .debug_loc     0x000000000000afe7      0x11c Src/system_stm32f7xx.o
 .debug_loc     0x000000000000b103       0xed Src/timeout.o

.debug_aranges  0x0000000000000000      0xf68
 .debug_aranges
                0x0000000000000000      0x108 Drivers/STM32F7xx_HAL_Driver/Src/stm32f7xx_hal.o
 .debug_aranges
                0x0000000000000108       0xc8 Drivers/STM32F7xx_HAL_Driver/Src/stm32f7xx_hal_can.o
 .debug_aranges
                0x00000000000001d0       0xa8 Drivers/STM32F7xx_HAL_Driver/Src/stm32f7xx_hal_cortex.o
 .debug_aranges
                0x0000000000000278       0xa8 Drivers/STM32F7xx_HAL_Driver/Src/stm32f7xx_hal_eth.o
 .debug_aranges
                0x0000000000000320       0x58 Drivers/STM32F7xx_HAL_Driver/Src/stm32f7xx_hal_gpio.o
 .debug_aranges
                0x0000000000000378       0xc0 Drivers/STM32F7xx_HAL_Driver/Src/stm32f7xx_hal_pcd.o
 .debug_aranges
                0x0000000000000438       0x40 Drivers/STM32F7xx_HAL_Driver/Src/stm32f7xx_hal_pcd_ex.o
 .debug_aranges
                0x0000000000000478       0xa0 Drivers/STM32F7xx_HAL_Driver/Src/stm32f7xx_hal_pwr.o
 .debug_aranges
                0x0000000000000518       0x80 Drivers/STM32F7xx_HAL_Driver/Src/stm32f7xx_hal_pwr_ex.o
 .debug_aranges
                0x0000000000000598       0x88 Drivers/STM32F7xx_HAL_Driver/Src/stm32f7xx_hal_rcc.o
 .debug_aranges
                0x0000000000000620       0x50 Drivers/STM32F7xx_HAL_Driver/Src/stm32f7xx_hal_rcc_ex.o
 .debug_aranges
                0x0000000000000670      0x288 Drivers/STM32F7xx_HAL_Driver/Src/stm32f7xx_hal_tim.o
 .debug_aranges
                0x00000000000008f8      0x108 Drivers/STM32F7xx_HAL_Driver/Src/stm32f7xx_hal_tim_ex.o
 .debug_aranges
                0x0000000000000a00      0x1b8 Drivers/STM32F7xx_HAL_Driver/Src/stm32f7xx_hal_uart.o
 .debug_aranges
                0x0000000000000bb8      0x198 Drivers/STM32F7xx_HAL_Driver/Src/stm32f7xx_ll_usb.o
 .debug_aranges
                0x0000000000000d50       0x38 Src/canAPI.o
 .debug_aranges
                0x0000000000000d88       0x18 Src/canMessage.o
 .debug_aranges
                0x0000000000000da0       0x40 Src/main.o
 .debug_aranges
                0x0000000000000de0       0x20 Src/receive.o
 .debug_aranges
                0x0000000000000e00       0x70 Src/stm32f7xx_hal_msp.o
 .debug_aranges
                0x0000000000000e70       0x58 Src/stm32f7xx_it.o
 .debug_aranges
                0x0000000000000ec8       0x28 Src/system_stm32f7xx.o
 .debug_aranges
                0x0000000000000ef0       0x50 Src/timeout.o
 .debug_aranges
                0x0000000000000f40       0x28 startup/startup_stm32f767xx.o

.debug_ranges   0x0000000000000000     0x13d8
 .debug_ranges  0x0000000000000000       0xf8 Drivers/STM32F7xx_HAL_Driver/Src/stm32f7xx_hal.o
 .debug_ranges  0x00000000000000f8       0xb8 Drivers/STM32F7xx_HAL_Driver/Src/stm32f7xx_hal_can.o
 .debug_ranges  0x00000000000001b0      0x138 Drivers/STM32F7xx_HAL_Driver/Src/stm32f7xx_hal_cortex.o
 .debug_ranges  0x00000000000002e8      0x158 Drivers/STM32F7xx_HAL_Driver/Src/stm32f7xx_hal_eth.o
 .debug_ranges  0x0000000000000440       0x70 Drivers/STM32F7xx_HAL_Driver/Src/stm32f7xx_hal_gpio.o
 .debug_ranges  0x00000000000004b0       0xe8 Drivers/STM32F7xx_HAL_Driver/Src/stm32f7xx_hal_pcd.o
 .debug_ranges  0x0000000000000598       0x30 Drivers/STM32F7xx_HAL_Driver/Src/stm32f7xx_hal_pcd_ex.o
 .debug_ranges  0x00000000000005c8       0x90 Drivers/STM32F7xx_HAL_Driver/Src/stm32f7xx_hal_pwr.o
 .debug_ranges  0x0000000000000658       0xe8 Drivers/STM32F7xx_HAL_Driver/Src/stm32f7xx_hal_pwr_ex.o
 .debug_ranges  0x0000000000000740       0xf0 Drivers/STM32F7xx_HAL_Driver/Src/stm32f7xx_hal_rcc.o
 .debug_ranges  0x0000000000000830       0x58 Drivers/STM32F7xx_HAL_Driver/Src/stm32f7xx_hal_rcc_ex.o
 .debug_ranges  0x0000000000000888      0x358 Drivers/STM32F7xx_HAL_Driver/Src/stm32f7xx_hal_tim.o
 .debug_ranges  0x0000000000000be0       0xf8 Drivers/STM32F7xx_HAL_Driver/Src/stm32f7xx_hal_tim_ex.o
 .debug_ranges  0x0000000000000cd8      0x1c0 Drivers/STM32F7xx_HAL_Driver/Src/stm32f7xx_hal_uart.o
 .debug_ranges  0x0000000000000e98      0x1a8 Drivers/STM32F7xx_HAL_Driver/Src/stm32f7xx_ll_usb.o
 .debug_ranges  0x0000000000001040       0x70 Src/canAPI.o
 .debug_ranges  0x00000000000010b0      0x110 Src/main.o
 .debug_ranges  0x00000000000011c0       0x10 Src/receive.o
 .debug_ranges  0x00000000000011d0      0x148 Src/stm32f7xx_hal_msp.o
 .debug_ranges  0x0000000000001318       0x48 Src/stm32f7xx_it.o
 .debug_ranges  0x0000000000001360       0x18 Src/system_stm32f7xx.o
 .debug_ranges  0x0000000000001378       0x40 Src/timeout.o
 .debug_ranges  0x00000000000013b8       0x20 startup/startup_stm32f767xx.o

.debug_line     0x0000000000000000     0x809c
 .debug_line    0x0000000000000000      0x43a Drivers/STM32F7xx_HAL_Driver/Src/stm32f7xx_hal.o
 .debug_line    0x000000000000043a      0x620 Drivers/STM32F7xx_HAL_Driver/Src/stm32f7xx_hal_can.o
 .debug_line    0x0000000000000a5a      0x45d Drivers/STM32F7xx_HAL_Driver/Src/stm32f7xx_hal_cortex.o
 .debug_line    0x0000000000000eb7      0x99e Drivers/STM32F7xx_HAL_Driver/Src/stm32f7xx_hal_eth.o
 .debug_line    0x0000000000001855      0x40b Drivers/STM32F7xx_HAL_Driver/Src/stm32f7xx_hal_gpio.o
 .debug_line    0x0000000000001c60      0x750 Drivers/STM32F7xx_HAL_Driver/Src/stm32f7xx_hal_pcd.o
 .debug_line    0x00000000000023b0      0x29f Drivers/STM32F7xx_HAL_Driver/Src/stm32f7xx_hal_pcd_ex.o
 .debug_line    0x000000000000264f      0x371 Drivers/STM32F7xx_HAL_Driver/Src/stm32f7xx_hal_pwr.o
 .debug_line    0x00000000000029c0      0x375 Drivers/STM32F7xx_HAL_Driver/Src/stm32f7xx_hal_pwr_ex.o
 .debug_line    0x0000000000002d35      0x5cb Drivers/STM32F7xx_HAL_Driver/Src/stm32f7xx_hal_rcc.o
 .debug_line    0x0000000000003300      0x464 Drivers/STM32F7xx_HAL_Driver/Src/stm32f7xx_hal_rcc_ex.o
 .debug_line    0x0000000000003764     0x13a3 Drivers/STM32F7xx_HAL_Driver/Src/stm32f7xx_hal_tim.o
 .debug_line    0x0000000000004b07      0x818 Drivers/STM32F7xx_HAL_Driver/Src/stm32f7xx_hal_tim_ex.o
 .debug_line    0x000000000000531f      0xdfd Drivers/STM32F7xx_HAL_Driver/Src/stm32f7xx_hal_uart.o
 .debug_line    0x000000000000611c      0x963 Drivers/STM32F7xx_HAL_Driver/Src/stm32f7xx_ll_usb.o
 .debug_line    0x0000000000006a7f      0x2c0 Src/canAPI.o
 .debug_line    0x0000000000006d3f      0x113 Src/canMessage.o
 .debug_line    0x0000000000006e52      0x493 Src/main.o
 .debug_line    0x00000000000072e5      0x1da Src/receive.o
 .debug_line    0x00000000000074bf      0x431 Src/stm32f7xx_hal_msp.o
 .debug_line    0x00000000000078f0      0x2a5 Src/stm32f7xx_it.o
 .debug_line    0x0000000000007b95      0x1f4 Src/system_stm32f7xx.o
 .debug_line    0x0000000000007d89      0x295 Src/timeout.o
 .debug_line    0x000000000000801e       0x7e startup/startup_stm32f767xx.o

.debug_str      0x0000000000000000     0x69de
 .debug_str     0x0000000000000000      0xd34 Drivers/STM32F7xx_HAL_Driver/Src/stm32f7xx_hal.o
                                        0xd98 (size before relaxing)
 .debug_str     0x0000000000000d34      0x7b3 Drivers/STM32F7xx_HAL_Driver/Src/stm32f7xx_hal_can.o
                                        0xb31 (size before relaxing)
 .debug_str     0x00000000000014e7      0x567 Drivers/STM32F7xx_HAL_Driver/Src/stm32f7xx_hal_cortex.o
                                        0xf1f (size before relaxing)
 .debug_str     0x0000000000001a4e      0xb5d Drivers/STM32F7xx_HAL_Driver/Src/stm32f7xx_hal_eth.o
                                        0xfe2 (size before relaxing)
 .debug_str     0x00000000000025ab      0x195 Drivers/STM32F7xx_HAL_Driver/Src/stm32f7xx_hal_gpio.o
                                        0x5e3 (size before relaxing)
 .debug_str     0x0000000000002740      0xb00 Drivers/STM32F7xx_HAL_Driver/Src/stm32f7xx_hal_pcd.o
                                        0xe4d (size before relaxing)
 .debug_str     0x0000000000003240      0x168 Drivers/STM32F7xx_HAL_Driver/Src/stm32f7xx_hal_pcd_ex.o
                                        0x837 (size before relaxing)
 .debug_str     0x00000000000033a8      0x22e Drivers/STM32F7xx_HAL_Driver/Src/stm32f7xx_hal_pwr.o
                                        0x723 (size before relaxing)
 .debug_str     0x00000000000035d6      0x1dc Drivers/STM32F7xx_HAL_Driver/Src/stm32f7xx_hal_pwr_ex.o
                                        0x732 (size before relaxing)
 .debug_str     0x00000000000037b2      0x2fc Drivers/STM32F7xx_HAL_Driver/Src/stm32f7xx_hal_rcc.o
                                        0x7d5 (size before relaxing)
 .debug_str     0x0000000000003aae      0x3fb Drivers/STM32F7xx_HAL_Driver/Src/stm32f7xx_hal_rcc_ex.o
                                        0x81f (size before relaxing)
 .debug_str     0x0000000000003ea9     0x125b Drivers/STM32F7xx_HAL_Driver/Src/stm32f7xx_hal_tim.o
                                       0x1622 (size before relaxing)
 .debug_str     0x0000000000005104      0x644 Drivers/STM32F7xx_HAL_Driver/Src/stm32f7xx_hal_tim_ex.o
                                        0xf34 (size before relaxing)
 .debug_str     0x0000000000005748      0x917 Drivers/STM32F7xx_HAL_Driver/Src/stm32f7xx_hal_uart.o
                                       0x1039 (size before relaxing)
 .debug_str     0x000000000000605f      0x42f Drivers/STM32F7xx_HAL_Driver/Src/stm32f7xx_ll_usb.o
                                        0xd65 (size before relaxing)
 .debug_str     0x000000000000648e      0x20d Src/canAPI.o
                                        0x912 (size before relaxing)
 .debug_str     0x000000000000669b       0x30 Src/canMessage.o
                                        0x31d (size before relaxing)
 .debug_str     0x00000000000066cb      0x125 Src/main.o
                                       0x1d6c (size before relaxing)
 .debug_str     0x00000000000067f0       0x21 Src/receive.o
                                        0x2fe (size before relaxing)
 .debug_str     0x0000000000006811       0x25 Src/stm32f7xx_hal_msp.o
                                       0x1bc7 (size before relaxing)
 .debug_str     0x0000000000006836       0xca Src/stm32f7xx_it.o
                                        0xa5a (size before relaxing)
 .debug_str     0x0000000000006900       0x45 Src/system_stm32f7xx.o
                                        0x510 (size before relaxing)
 .debug_str     0x0000000000006945       0x99 Src/timeout.o
                                        0x835 (size before relaxing)

.comment        0x0000000000000000       0x7c
 .comment       0x0000000000000000       0x7c Drivers/STM32F7xx_HAL_Driver/Src/stm32f7xx_hal.o
                                         0x7d (size before relaxing)
 .comment       0x000000000000007c       0x7d Drivers/STM32F7xx_HAL_Driver/Src/stm32f7xx_hal_can.o
 .comment       0x000000000000007c       0x7d Drivers/STM32F7xx_HAL_Driver/Src/stm32f7xx_hal_cortex.o
 .comment       0x000000000000007c       0x7d Drivers/STM32F7xx_HAL_Driver/Src/stm32f7xx_hal_eth.o
 .comment       0x000000000000007c       0x7d Drivers/STM32F7xx_HAL_Driver/Src/stm32f7xx_hal_gpio.o
 .comment       0x000000000000007c       0x7d Drivers/STM32F7xx_HAL_Driver/Src/stm32f7xx_hal_pcd.o
 .comment       0x000000000000007c       0x7d Drivers/STM32F7xx_HAL_Driver/Src/stm32f7xx_hal_pcd_ex.o
 .comment       0x000000000000007c       0x7d Drivers/STM32F7xx_HAL_Driver/Src/stm32f7xx_hal_pwr.o
 .comment       0x000000000000007c       0x7d Drivers/STM32F7xx_HAL_Driver/Src/stm32f7xx_hal_pwr_ex.o
 .comment       0x000000000000007c       0x7d Drivers/STM32F7xx_HAL_Driver/Src/stm32f7xx_hal_rcc.o
 .comment       0x000000000000007c       0x7d Drivers/STM32F7xx_HAL_Driver/Src/stm32f7xx_hal_rcc_ex.o
 .comment       0x000000000000007c       0x7d Drivers/STM32F7xx_HAL_Driver/Src/stm32f7xx_hal_tim.o
 .comment       0x000000000000007c       0x7d Drivers/STM32F7xx_HAL_Driver/Src/stm32f7xx_hal_tim_ex.o
 .comment       0x000000000000007c       0x7d Drivers/STM32F7xx_HAL_Driver/Src/stm32f7xx_hal_uart.o
 .comment       0x000000000000007c       0x7d Drivers/STM32F7xx_HAL_Driver/Src/stm32f7xx_ll_usb.o
 .comment       0x000000000000007c       0x7d Src/canAPI.o
 .comment       0x000000000000007c       0x7d Src/canMessage.o
 .comment       0x000000000000007c       0x7d Src/main.o
 .comment       0x000000000000007c       0x7d Src/receive.o
 .comment       0x000000000000007c       0x7d Src/stm32f7xx_hal_msp.o
 .comment       0x000000000000007c       0x7d Src/stm32f7xx_it.o
 .comment       0x000000000000007c       0x7d Src/system_stm32f7xx.o
 .comment       0x000000000000007c       0x7d Src/timeout.o

.debug_frame    0x0000000000000000     0x2cf0
 .debug_frame   0x0000000000000000      0x234 Drivers/STM32F7xx_HAL_Driver/Src/stm32f7xx_hal.o
 .debug_frame   0x0000000000000234      0x2cc Drivers/STM32F7xx_HAL_Driver/Src/stm32f7xx_hal_can.o
 .debug_frame   0x0000000000000500      0x158 Drivers/STM32F7xx_HAL_Driver/Src/stm32f7xx_hal_cortex.o
 .debug_frame   0x0000000000000658      0x254 Drivers/STM32F7xx_HAL_Driver/Src/stm32f7xx_hal_eth.o
 .debug_frame   0x00000000000008ac       0xd8 Drivers/STM32F7xx_HAL_Driver/Src/stm32f7xx_hal_gpio.o
 .debug_frame   0x0000000000000984      0x2c4 Drivers/STM32F7xx_HAL_Driver/Src/stm32f7xx_hal_pcd.o
 .debug_frame   0x0000000000000c48       0x7c Drivers/STM32F7xx_HAL_Driver/Src/stm32f7xx_hal_pcd_ex.o
 .debug_frame   0x0000000000000cc4      0x130 Drivers/STM32F7xx_HAL_Driver/Src/stm32f7xx_hal_pwr.o
 .debug_frame   0x0000000000000df4      0x13c Drivers/STM32F7xx_HAL_Driver/Src/stm32f7xx_hal_pwr_ex.o
 .debug_frame   0x0000000000000f30      0x148 Drivers/STM32F7xx_HAL_Driver/Src/stm32f7xx_hal_rcc.o
 .debug_frame   0x0000000000001078       0xcc Drivers/STM32F7xx_HAL_Driver/Src/stm32f7xx_hal_rcc_ex.o
 .debug_frame   0x0000000000001144      0x95c Drivers/STM32F7xx_HAL_Driver/Src/stm32f7xx_hal_tim.o
 .debug_frame   0x0000000000001aa0      0x3a8 Drivers/STM32F7xx_HAL_Driver/Src/stm32f7xx_hal_tim_ex.o
 .debug_frame   0x0000000000001e48      0x58c Drivers/STM32F7xx_HAL_Driver/Src/stm32f7xx_hal_uart.o
 .debug_frame   0x00000000000023d4      0x45c Drivers/STM32F7xx_HAL_Driver/Src/stm32f7xx_ll_usb.o
 .debug_frame   0x0000000000002830       0x98 Src/canAPI.o
 .debug_frame   0x00000000000028c8       0x98 Src/main.o
 .debug_frame   0x0000000000002960       0x20 Src/receive.o
 .debug_frame   0x0000000000002980      0x134 Src/stm32f7xx_hal_msp.o
 .debug_frame   0x0000000000002ab4       0xc0 Src/stm32f7xx_it.o
 .debug_frame   0x0000000000002b74       0x38 Src/system_stm32f7xx.o
 .debug_frame   0x0000000000002bac       0x98 Src/timeout.o
 .debug_frame   0x0000000000002c44       0x2c /opt/Atollic_TrueSTUDIO_for_STM32_x86_64_9.3.0/ARMTools/bin/../lib/gcc/arm-atollic-eabi/6.3.1/../../../../arm-atollic-eabi/lib/armv7e-m/fpu/fpv5-d16/libc_nano.a(lib_a-init.o)
 .debug_frame   0x0000000000002c70       0x20 /opt/Atollic_TrueSTUDIO_for_STM32_x86_64_9.3.0/ARMTools/bin/../lib/gcc/arm-atollic-eabi/6.3.1/../../../../arm-atollic-eabi/lib/armv7e-m/fpu/fpv5-d16/libc_nano.a(lib_a-memset.o)
 .debug_frame   0x0000000000002c90       0x2c /opt/Atollic_TrueSTUDIO_for_STM32_x86_64_9.3.0/ARMTools/bin/../lib/gcc/arm-atollic-eabi/6.3.1/armv7e-m/fpu/fpv5-d16/libgcc.a(_aeabi_uldivmod.o)
 .debug_frame   0x0000000000002cbc       0x34 /opt/Atollic_TrueSTUDIO_for_STM32_x86_64_9.3.0/ARMTools/bin/../lib/gcc/arm-atollic-eabi/6.3.1/armv7e-m/fpu/fpv5-d16/libgcc.a(_udivmoddi4.o)
